Archive member included because of file (symbol)

c:/program files (x86)/gnu tools arm embedded/4.9 2014q4/bin/../lib/gcc/arm-none-eabi/4.9.3/../../../../arm-none-eabi/lib/armv7e-m\libm.a(lib_a-s_cos.o)
                              ..\obj\utilplus.o (cos)
c:/program files (x86)/gnu tools arm embedded/4.9 2014q4/bin/../lib/gcc/arm-none-eabi/4.9.3/../../../../arm-none-eabi/lib/armv7e-m\libm.a(lib_a-s_sin.o)
                              ..\obj\utilplus.o (sin)
c:/program files (x86)/gnu tools arm embedded/4.9 2014q4/bin/../lib/gcc/arm-none-eabi/4.9.3/../../../../arm-none-eabi/lib/armv7e-m\libm.a(lib_a-sf_cos.o)
                              ..\obj\utilplus.o (cosf)
c:/program files (x86)/gnu tools arm embedded/4.9 2014q4/bin/../lib/gcc/arm-none-eabi/4.9.3/../../../../arm-none-eabi/lib/armv7e-m\libm.a(lib_a-sf_sin.o)
                              ..\obj\utilplus.o (sinf)
c:/program files (x86)/gnu tools arm embedded/4.9 2014q4/bin/../lib/gcc/arm-none-eabi/4.9.3/../../../../arm-none-eabi/lib/armv7e-m\libm.a(lib_a-w_hypot.o)
                              ..\obj\motor.o (hypot)
c:/program files (x86)/gnu tools arm embedded/4.9 2014q4/bin/../lib/gcc/arm-none-eabi/4.9.3/../../../../arm-none-eabi/lib/armv7e-m\libm.a(lib_a-w_pow.o)
                              ..\obj\name_converter.o (pow)
c:/program files (x86)/gnu tools arm embedded/4.9 2014q4/bin/../lib/gcc/arm-none-eabi/4.9.3/../../../../arm-none-eabi/lib/armv7e-m\libm.a(lib_a-wf_acos.o)
                              ..\obj\utilplus.o (acosf)
c:/program files (x86)/gnu tools arm embedded/4.9 2014q4/bin/../lib/gcc/arm-none-eabi/4.9.3/../../../../arm-none-eabi/lib/armv7e-m\libm.a(lib_a-wf_atan2.o)
                              ..\obj\utilplus.o (atan2f)
c:/program files (x86)/gnu tools arm embedded/4.9 2014q4/bin/../lib/gcc/arm-none-eabi/4.9.3/../../../../arm-none-eabi/lib/armv7e-m\libm.a(lib_a-wf_pow.o)
                              ..\obj\utilplus.o (powf)
c:/program files (x86)/gnu tools arm embedded/4.9 2014q4/bin/../lib/gcc/arm-none-eabi/4.9.3/../../../../arm-none-eabi/lib/armv7e-m\libm.a(lib_a-wf_sqrt.o)
                              ..\obj\utilplus.o (sqrtf)
c:/program files (x86)/gnu tools arm embedded/4.9 2014q4/bin/../lib/gcc/arm-none-eabi/4.9.3/../../../../arm-none-eabi/lib/armv7e-m\libm.a(lib_a-e_hypot.o)
                              c:/program files (x86)/gnu tools arm embedded/4.9 2014q4/bin/../lib/gcc/arm-none-eabi/4.9.3/../../../../arm-none-eabi/lib/armv7e-m\libm.a(lib_a-w_hypot.o) (__ieee754_hypot)
c:/program files (x86)/gnu tools arm embedded/4.9 2014q4/bin/../lib/gcc/arm-none-eabi/4.9.3/../../../../arm-none-eabi/lib/armv7e-m\libm.a(lib_a-e_pow.o)
                              c:/program files (x86)/gnu tools arm embedded/4.9 2014q4/bin/../lib/gcc/arm-none-eabi/4.9.3/../../../../arm-none-eabi/lib/armv7e-m\libm.a(lib_a-w_pow.o) (__ieee754_pow)
c:/program files (x86)/gnu tools arm embedded/4.9 2014q4/bin/../lib/gcc/arm-none-eabi/4.9.3/../../../../arm-none-eabi/lib/armv7e-m\libm.a(lib_a-e_rem_pio2.o)
                              c:/program files (x86)/gnu tools arm embedded/4.9 2014q4/bin/../lib/gcc/arm-none-eabi/4.9.3/../../../../arm-none-eabi/lib/armv7e-m\libm.a(lib_a-s_cos.o) (__ieee754_rem_pio2)
c:/program files (x86)/gnu tools arm embedded/4.9 2014q4/bin/../lib/gcc/arm-none-eabi/4.9.3/../../../../arm-none-eabi/lib/armv7e-m\libm.a(lib_a-e_sqrt.o)
                              c:/program files (x86)/gnu tools arm embedded/4.9 2014q4/bin/../lib/gcc/arm-none-eabi/4.9.3/../../../../arm-none-eabi/lib/armv7e-m\libm.a(lib_a-e_hypot.o) (__ieee754_sqrt)
c:/program files (x86)/gnu tools arm embedded/4.9 2014q4/bin/../lib/gcc/arm-none-eabi/4.9.3/../../../../arm-none-eabi/lib/armv7e-m\libm.a(lib_a-ef_acos.o)
                              c:/program files (x86)/gnu tools arm embedded/4.9 2014q4/bin/../lib/gcc/arm-none-eabi/4.9.3/../../../../arm-none-eabi/lib/armv7e-m\libm.a(lib_a-wf_acos.o) (__ieee754_acosf)
c:/program files (x86)/gnu tools arm embedded/4.9 2014q4/bin/../lib/gcc/arm-none-eabi/4.9.3/../../../../arm-none-eabi/lib/armv7e-m\libm.a(lib_a-ef_atan2.o)
                              c:/program files (x86)/gnu tools arm embedded/4.9 2014q4/bin/../lib/gcc/arm-none-eabi/4.9.3/../../../../arm-none-eabi/lib/armv7e-m\libm.a(lib_a-wf_atan2.o) (__ieee754_atan2f)
c:/program files (x86)/gnu tools arm embedded/4.9 2014q4/bin/../lib/gcc/arm-none-eabi/4.9.3/../../../../arm-none-eabi/lib/armv7e-m\libm.a(lib_a-ef_pow.o)
                              c:/program files (x86)/gnu tools arm embedded/4.9 2014q4/bin/../lib/gcc/arm-none-eabi/4.9.3/../../../../arm-none-eabi/lib/armv7e-m\libm.a(lib_a-wf_pow.o) (__ieee754_powf)
c:/program files (x86)/gnu tools arm embedded/4.9 2014q4/bin/../lib/gcc/arm-none-eabi/4.9.3/../../../../arm-none-eabi/lib/armv7e-m\libm.a(lib_a-ef_rem_pio2.o)
[...]
Memory Configuration

Name             Origin             Length             Attributes
rom              0x08000000         0x00100000         xr
ram              0x20000000         0x00020000         xrw
ram1             0x10000000         0x00010000         xrw
*default*        0x00000000         0xffffffff

Linker script and memory map

LOAD c:/program files (x86)/gnu tools arm embedded/4.9 2014q4/bin/../lib/gcc/arm-none-eabi/4.9.3/armv7e-m/crti.o
LOAD c:/program files (x86)/gnu tools arm embedded/4.9 2014q4/bin/../lib/gcc/arm-none-eabi/4.9.3/armv7e-m/crtbegin.o
LOAD c:/program files (x86)/gnu tools arm embedded/4.9 2014q4/bin/../lib/gcc/arm-none-eabi/4.9.3/../../../../arm-none-eabi/lib/armv7e-m/crt0.o
                0x20020000                _eram = 0x20020000

.text           0x08000000    0x239b0
 *(.isr_vector)
 .isr_vector    0x08000000      0x188 ..\obj\startup_stm32f4xx.o
                0x08000000                g_pfnVectors
 *(.text*)
 .text          0x08000188       0x5c c:/program files (x86)/gnu tools arm embedded/4.9 2014q4/bin/../lib/gcc/arm-none-eabi/4.9.3/armv7e-m/crtbegin.o
 .text.Set_duty
                0x080001e4       0xc4 ..\obj\config_pwm.o
                0x080001e4                Set_duty
 .text.Read_duty
                0x080002a8       0x68 ..\obj\config_pwm.o
                0x080002a8                Read_duty
 .text.Init_PWM
                0x08000310      0x2b4 ..\obj\config_pwm.o
                0x08000310                Init_PWM
 .text.USB_OTG_WritePacket
                0x080005c4       0x78 ..\obj\usb_core.o
                0x080005c4                USB_OTG_WritePacket
 .text.USB_OTG_ReadPacket
                0x0800063c       0x58 ..\obj\usb_core.o
                0x0800063c                USB_OTG_ReadPacket
 .text.USB_OTG_FlushTxFifo
                0x08000694       0x7c ..\obj\usb_core.o
                0x08000694                USB_OTG_FlushTxFifo
 .text.USB_OTG_GetMode
                0x08000710       0x20 ..\obj\usb_core.o
                0x08000710                USB_OTG_GetMode
 .text.USB_OTG_IsDeviceMode
                0x08000730       0x24 ..\obj\usb_core.o
                0x08000730                USB_OTG_IsDeviceMode
 .text.USB_OTG_ReadCoreItr
                0x08000754       0x30 ..\obj\usb_core.o
                0x08000754                USB_OTG_ReadCoreItr
 .text.USB_OTG_GetDeviceSpeed
                0x08000784       0x48 ..\obj\usb_core.o
                0x08000784                USB_OTG_GetDeviceSpeed
 .text.USB_OTG_EP0Activate
                0x080007cc       0x78 ..\obj\usb_core.o
                0x080007cc                USB_OTG_EP0Activate
 .text.USB_OTG_EPActivate
                0x08000844       0xdc ..\obj\usb_core.o
                0x08000844                USB_OTG_EPActivate
 .text.USB_OTG_EPStartXfer
                0x08000920      0x280 ..\obj\usb_core.o
                0x08000920                USB_OTG_EPStartXfer
 .text.USB_OTG_EP0StartXfer
                0x08000ba0      0x1d4 ..\obj\usb_core.o
                0x08000ba0                USB_OTG_EP0StartXfer
 .text.USB_OTG_EPSetStall
                0x08000d74       0x88 ..\obj\usb_core.o
                0x08000d74                USB_OTG_EPSetStall
 .text.USB_OTG_EPClearStall
                0x08000dfc       0x78 ..\obj\usb_core.o
                0x08000dfc                USB_OTG_EPClearStall
 .text.USB_OTG_ReadDevAllOutEp_itr
                0x08000e74       0x2c ..\obj\usb_core.o
                0x08000e74                USB_OTG_ReadDevAllOutEp_itr
 .text.USB_OTG_ReadDevOutEP_itr
                0x08000ea0       0x38 ..\obj\usb_core.o
                0x08000ea0                USB_OTG_ReadDevOutEP_itr
 .text.USB_OTG_ReadDevAllInEPItr
                0x08000ed8       0x2c ..\obj\usb_core.o
                0x08000ed8                USB_OTG_ReadDevAllInEPItr
 .text.USB_OTG_EP0_OutStart
                0x08000f04       0x70 ..\obj\usb_core.o
                0x08000f04                USB_OTG_EP0_OutStart
 .text.USB_OTG_UngateClock
                0x08000f74       0x54 ..\obj\usb_core.o
                0x08000f74                USB_OTG_UngateClock
 .text._ZN15SerialInterface16serialReadStringEPc
                0x08000fc8       0x14 ..\obj\control.o
                0x08000fc8                SerialInterface::serialReadString(char*)
 .text._ZN15SerialInterfaceC2Ev
                0x08000fdc       0x28 ..\obj\control.o
                0x08000fdc                SerialInterface::SerialInterface()
                0x08000fdc                SerialInterface::SerialInterface()
 .text._ZN6Serial8ReceiverC2EPS_
                0x08001004       0x38 ..\obj\control.o
                0x08001004                Serial::Receiver::Receiver(Serial*)
                0x08001004                Serial::Receiver::Receiver(Serial*)
 .text._ZN6Serial8Receiver14serialReadCharEc
                0x0800103c       0x60 ..\obj\control.o
                0x0800103c                Serial::Receiver::serialReadChar(char)
 .text._ZN6Serial5setupEiii
                0x0800109c       0x4c ..\obj\control.o
                0x0800109c                Serial::setup(int, int, int)
 .text._ZN7Digital14setupDigitalInEv
                0x080010e8       0x34 ..\obj\control.o
                0x080010e8                Digital::setupDigitalIn()
 .text._ZN7Digital15setupDigitalOutEv
                0x0800111c       0x34 ..\obj\control.o
                0x0800111c                Digital::setupDigitalOut()
 .text._ZN7Digital20setupDigitalInPullUpEv
                0x08001150       0x34 ..\obj\control.o
                0x08001150                Digital::setupDigitalInPullUp()
 .text._ZN7Digital22setupDigitalInPullDownEv
                0x08001184       0x34 ..\obj\control.o
                0x08001184                Digital::setupDigitalInPullDown()
 .text._ZN7Digital12digitalWriteEi
                0x080011b8       0x68 ..\obj\control.o
                0x080011b8                Digital::digitalWrite(int)
 .text._ZN7Digital11digitalReadEv
                0x08001220       0x40 ..\obj\control.o
                0x08001220                Digital::digitalRead()
 .text._ZN7Digital11digitalHighEv
                0x08001260       0x1c ..\obj\control.o
                0x08001260                Digital::digitalHigh()
 .text._ZN7Digital10digitalLowEv
                0x0800127c       0x1c ..\obj\control.o
                0x0800127c                Digital::digitalLow()
 .text._ZN7Digital13digitalToggleEv
                0x08001298       0x34 ..\obj\control.o
                0x08001298                Digital::digitalToggle()
 .text._ZN6Analog13setupAnalogInEv
                0x080012cc       0x1c ..\obj\control.o
                0x080012cc                Analog::setupAnalogIn()
 .text._ZN6Analog10analogReadEv
                0x080012e8       0x20 ..\obj\control.o
                0x080012e8                Analog::analogRead()
 .text._ZN3Pwm11setupPwmOutEff
                0x08001308       0x24 ..\obj\control.o
                0x08001308                Pwm::setupPwmOut(float, float)
 .text._ZN3Pwm8pwmWriteEf
                0x0800132c       0x20 ..\obj\control.o
                0x0800132c                Pwm::pwmWrite(float)
 .text._ZN3Pwm8pwmWriteEv
                0x0800134c       0x20 ..\obj\control.o
                0x0800134c                Pwm::pwmWrite()
 .text._ZN7DigitalC2Ev
                0x0800136c       0x20 ..\obj\control.o
                0x0800136c                Digital::Digital()
                0x0800136c                Digital::Digital()
 .text._ZN6AnalogC2Ev
                0x0800138c       0x20 ..\obj\control.o
                0x0800138c                Analog::Analog()
                0x0800138c                Analog::Analog()
 .text._ZN2A2C2Ev
                0x080013ac       0x40 ..\obj\control.o
                0x080013ac                A2::A2()
                0x080013ac                A2::A2()
 .text._ZN2A3C2Ev
                0x080013ec       0x40 ..\obj\control.o
                0x080013ec                A3::A3()
                0x080013ec                A3::A3()
 .text._ZN3PwmC2Ev
                0x0800142c       0x20 ..\obj\control.o
                0x0800142c                Pwm::Pwm()
                0x0800142c                Pwm::Pwm()
 .text._ZN4Pwm0C2Ev
                0x0800144c       0x40 ..\obj\control.o
                0x0800144c                Pwm0::Pwm0()
                0x0800144c                Pwm0::Pwm0()
 .text._ZN4Pwm1C2Ev
                0x0800148c       0x40 ..\obj\control.o
                0x0800148c                Pwm1::Pwm1()
                0x0800148c                Pwm1::Pwm1()
 .text._ZN4Pwm2C2Ev
                0x080014cc       0x40 ..\obj\control.o
                0x080014cc                Pwm2::Pwm2()
                0x080014cc                Pwm2::Pwm2()
 .text._ZN6SerialC2Ev
                0x0800150c       0x20 ..\obj\control.o
                0x0800150c                Serial::Serial()
                0x0800150c                Serial::Serial()
 .text._ZN7Serial0C2Ev
                0x0800152c       0x24 ..\obj\control.o
                0x0800152c                Serial0::Serial0()
                0x0800152c                Serial0::Serial0()
 .text._ZN3Sw0C2Ev
                0x08001550       0x24 ..\obj\control.o
                0x08001550                Sw0::Sw0()
                0x08001550                Sw0::Sw0()
 .text._ZN3Sw1C2Ev
                0x08001574       0x24 ..\obj\control.o
                0x08001574                Sw1::Sw1()
                0x08001574                Sw1::Sw1()
 .text._ZN3Sw2C2Ev
                0x08001598       0x24 ..\obj\control.o
                0x08001598                Sw2::Sw2()
                0x08001598                Sw2::Sw2()
 .text._ZN4CCW0C2Ev
                0x080015bc       0x24 ..\obj\control.o
                0x080015bc                CCW0::CCW0()
                0x080015bc                CCW0::CCW0()
 .text._ZN4CCW1C2Ev
                0x080015e0       0x24 ..\obj\control.o
                0x080015e0                CCW1::CCW1()
                0x080015e0                CCW1::CCW1()
 .text._ZN4CCW2C2Ev
                0x08001604       0x24 ..\obj\control.o
                0x08001604                CCW2::CCW2()
                0x08001604                CCW2::CCW2()
 .text._ZN3CW0C2Ev
                0x08001628       0x24 ..\obj\control.o
                0x08001628                CW0::CW0()
                0x08001628                CW0::CW0()
 .text._ZN3CW1C2Ev
                0x0800164c       0x24 ..\obj\control.o
                0x0800164c                CW1::CW1()
                0x0800164c                CW1::CW1()
 .text._ZN3CW2C2Ev
                0x08001670       0x24 ..\obj\control.o
                0x08001670                CW2::CW2()
                0x08001670                CW2::CW2()
 .text._ZN10ConnectionC2Ev
                0x08001694      0x28c ..\obj\control.o
                0x08001694                Connection::Connection()
                0x08001694                Connection::Connection()
 .text._ZN10Connection7switch0Ev
                0x08001920      0x108 ..\obj\control.o
                0x08001920                Connection::switch0()
 .text._ZN10Connection2xyERfS0_S0_
                0x08001a28       0x80 ..\obj\control.o
                0x08001a28                Connection::xy(float&, float&, float&)
 .text._ZN10Connection10indicationERiS0_S0_RfS1_S1_
                0x08001aa8       0x78 ..\obj\control.o
                0x08001aa8                Connection::indication(int&, int&, int&, float&, float&, float&)
 .text._ZN10RingBufferIcLi256EEC2Ev
                0x08001b20       0x28 ..\obj\control.o
                0x08001b20                RingBuffer<char, 256>::RingBuffer()
                0x08001b20                RingBuffer<char, 256>::RingBuffer()
 .text._ZN10RingBufferIcLi256EE5writeEc
                0x08001b48       0x60 ..\obj\control.o
                0x08001b48                RingBuffer<char, 256>::write(char)
 .text.Init_port
                0x08001ba8       0xc4 ..\obj\config_port.o
                0x08001ba8                Init_port
 .text.SDIO_ITConfig
                0x08001c6c       0x3c ..\obj\stm32f4xx_sdio.o
                0x08001c6c                SDIO_ITConfig
 .text.SDIO_GetITStatus
                0x08001ca8       0x34 ..\obj\stm32f4xx_sdio.o
                0x08001ca8                SDIO_GetITStatus
 .text.SDIO_ClearITPendingBit
                0x08001cdc       0x1c ..\obj\stm32f4xx_sdio.o
                0x08001cdc                SDIO_ClearITPendingBit
 .text.TIM1_UP_TIM10_IRQHandler
                0x08001cf8       0x48 ..\obj\config_encoder.o
                0x08001cf8                TIM1_UP_TIM10_IRQHandler
 .text.TIM2_IRQHandler
                0x08001d40       0x4c ..\obj\config_encoder.o
                0x08001d40                TIM2_IRQHandler
 .text.TIM3_IRQHandler
                0x08001d8c       0x48 ..\obj\config_encoder.o
                0x08001d8c                TIM3_IRQHandler
 .text.TIM4_IRQHandler
                0x08001dd4       0x48 ..\obj\config_encoder.o
                0x08001dd4                TIM4_IRQHandler
 .text.TIM5_IRQHandler
                0x08001e1c       0x48 ..\obj\config_encoder.o
                0x08001e1c                TIM5_IRQHandler
 .text.TIM8_UP_TIM13_IRQHandler
                0x08001e64       0x48 ..\obj\config_encoder.o
                0x08001e64                TIM8_UP_TIM13_IRQHandler
 .text.TIM8_BRK_TIM12_IRQHandler
                0x08001eac       0x48 ..\obj\config_encoder.o
                0x08001eac                TIM8_BRK_TIM12_IRQHandler
 .text.tim1_count
                0x08001ef4       0x20 ..\obj\config_encoder.o
                0x08001ef4                tim1_count
 .text.tim2_count
                0x08001f14       0x20 ..\obj\config_encoder.o
                0x08001f14                tim2_count
 .text.tim3_count
                0x08001f34       0x20 ..\obj\config_encoder.o
                0x08001f34                tim3_count
 .text.tim4_count
                0x08001f54       0x20 ..\obj\config_encoder.o
                0x08001f54                tim4_count
 .text.tim5_count
                0x08001f74       0x20 ..\obj\config_encoder.o
                0x08001f74                tim5_count
 .text.tim8_count
                0x08001f94       0x20 ..\obj\config_encoder.o
                0x08001f94                tim8_count
 .text.tim12_count
                0x08001fb4       0x20 ..\obj\config_encoder.o
                0x08001fb4                tim12_count
 .text.Init_encoder
                0x08001fd4      0x118 ..\obj\config_encoder.o
                0x08001fd4                Init_encoder
 .text.Select_encoder_count
                0x080020ec       0x9c ..\obj\config_encoder.o
                0x080020ec                Select_encoder_count
 .text.Reset_encoder_over_under_flow
                0x08002188       0xa0 ..\obj\config_encoder.o
                0x08002188                Reset_encoder_over_under_flow
 .text.OTG_FS_IRQHandler
                0x08002228       0x10 ..\obj\config_usb.o
                0x08002228                OTG_FS_IRQHandler
 .text.OTG_FS_WKUP_IRQHandler
                0x08002238       0x34 ..\obj\config_usb.o
                0x08002238                OTG_FS_WKUP_IRQHandler
 .text.USART_Init
                0x0800226c      0x178 ..\obj\stm32f4xx_usart.o
                0x0800226c                USART_Init
 .text.USART_Cmd
                0x080023e4       0x40 ..\obj\stm32f4xx_usart.o
                0x080023e4                USART_Cmd
 .text.USART_SendData
                0x08002424       0x24 ..\obj\stm32f4xx_usart.o
                0x08002424                USART_SendData
 .text.USART_ReceiveData
                0x08002448       0x20 ..\obj\stm32f4xx_usart.o
                0x08002448                USART_ReceiveData
 .text.USART_ITConfig
                0x08002468       0x90 ..\obj\stm32f4xx_usart.o
                0x08002468                USART_ITConfig
 .text.USART_GetFlagStatus
                0x080024f8       0x38 ..\obj\stm32f4xx_usart.o
                0x080024f8                USART_GetFlagStatus
 .text.uchar4_to_int
                0x08002530       0x30 ..\obj\util.o
                0x08002530                uchar4_to_int
 .text.ushort_to_uchar2
                0x08002560       0x28 ..\obj\util.o
                0x08002560                ushort_to_uchar2
 .text.CAN_DeInit
                0x08002588       0x44 ..\obj\stm32f4xx_can.o
                0x08002588                CAN_DeInit
 .text.CAN_Init
                0x080025cc      0x1a4 ..\obj\stm32f4xx_can.o
                0x080025cc                CAN_Init
 .text.CAN_FilterInit
                0x08002770      0x174 ..\obj\stm32f4xx_can.o
                0x08002770                CAN_FilterInit
 .text.CAN_StructInit
                0x080028e4       0x54 ..\obj\stm32f4xx_can.o
                0x080028e4                CAN_StructInit
 .text.CAN_Transmit
                0x08002938      0x190 ..\obj\stm32f4xx_can.o
                0x08002938                CAN_Transmit
 .text.CAN_TransmitStatus
                0x08002ac8       0xd4 ..\obj\stm32f4xx_can.o
                0x08002ac8                CAN_TransmitStatus
 .text.CAN_Receive
                0x08002b9c      0x170 ..\obj\stm32f4xx_can.o
                0x08002b9c                CAN_Receive
 .text.CAN_ITConfig
                0x08002d0c       0x3c ..\obj\stm32f4xx_can.o
                0x08002d0c                CAN_ITConfig
 .text.CAN_GetITStatus
                0x08002d48      0x194 ..\obj\stm32f4xx_can.o
                0x08002d48                CAN_GetITStatus
 .text.CheckITStatus
                0x08002edc       0x30 ..\obj\stm32f4xx_can.o
 .text.SysTick_Handler
                0x08002f0c       0x24 ..\obj\mcutime.o
                0x08002f0c                SysTick_Handler
 .text.millis   0x08002f30       0x28 ..\obj\mcutime.o
                0x08002f30                millis
 .text.micros   0x08002f58       0x30 ..\obj\mcutime.o
                0x08002f58                micros
 .text.timer_setup
                0x08002f88       0x10 ..\obj\mcutime.o
                0x08002f88                timer_setup
 .text.Init_CAN
                0x08002f98      0x168 ..\obj\config_can.o
                0x08002f98                Init_CAN
 .text.Init_CANfilter
                0x08003100       0xe4 ..\obj\config_can.o
                0x08003100                Init_CANfilter
 .text.send_can1
                0x080031e4       0x2c ..\obj\config_can.o
                0x080031e4                send_can1
 .text.Default_Reset_Handler
                0x08003210       0x5c ..\obj\startup_stm32f4xx.o
                0x08003210                Default_Reset_Handler
                0x08003210                Reset_Handler
 .text.Default_Handler
                0x0800326c        0x8 ..\obj\startup_stm32f4xx.o
                0x0800326c                RTC_Alarm_IRQHandler
                0x0800326c                HASH_RNG_IRQHandler
                0x0800326c                EXTI2_IRQHandler
                0x0800326c                TIM8_CC_IRQHandler
                0x0800326c                TIM1_CC_IRQHandler
                0x0800326c                DMA2_Stream5_IRQHandler
                0x0800326c                DMA1_Stream5_IRQHandler
                0x0800326c                PVD_IRQHandler
                0x0800326c                TAMP_STAMP_IRQHandler
                0x0800326c                CAN2_RX1_IRQHandler
                0x0800326c                EXTI3_IRQHandler
                0x0800326c                TIM8_TRG_COM_TIM14_IRQHandler
                0x0800326c                I2C3_ER_IRQHandler
                0x0800326c                EXTI0_IRQHandler
                0x0800326c                I2C2_EV_IRQHandler
                0x0800326c                DMA1_Stream2_IRQHandler
                0x0800326c                FPU_IRQHandler
                0x0800326c                OTG_HS_WKUP_IRQHandler
                0x0800326c                CAN2_SCE_IRQHandler
                0x0800326c                DMA2_Stream2_IRQHandler
                0x0800326c                SPI1_IRQHandler
                0x0800326c                TIM6_DAC_IRQHandler
                0x0800326c                TIM1_BRK_TIM9_IRQHandler
                0x0800326c                DCMI_IRQHandler
                0x0800326c                CAN2_RX0_IRQHandler
                0x0800326c                USART6_IRQHandler
                0x0800326c                CRYP_IRQHandler
                0x0800326c                CAN1_RX1_IRQHandler
                0x0800326c                UART5_IRQHandler
                0x0800326c                DMA2_Stream0_IRQHandler
                0x0800326c                I2C1_EV_IRQHandler
                0x0800326c                DMA1_Stream6_IRQHandler
                0x0800326c                DMA1_Stream1_IRQHandler
                0x0800326c                UART4_IRQHandler
                0x0800326c                RCC_IRQHandler
                0x0800326c                EXTI15_10_IRQHandler
                0x0800326c                ADC_IRQHandler
                0x0800326c                DMA1_Stream7_IRQHandler
                0x0800326c                TIM7_IRQHandler
                0x0800326c                CAN2_TX_IRQHandler
                0x0800326c                DMA2_Stream7_IRQHandler
                0x0800326c                I2C3_EV_IRQHandler
                0x0800326c                EXTI9_5_IRQHandler
                0x0800326c                RTC_WKUP_IRQHandler
                0x0800326c                ETH_WKUP_IRQHandler
                0x0800326c                SPI2_IRQHandler
                0x0800326c                OTG_HS_EP1_IN_IRQHandler
                0x0800326c                DMA1_Stream0_IRQHandler
                0x0800326c                CAN1_TX_IRQHandler
                0x0800326c                EXTI4_IRQHandler
                0x0800326c                FSMC_IRQHandler
                0x0800326c                ETH_IRQHandler
                0x0800326c                OTG_HS_EP1_OUT_IRQHandler
                0x0800326c                WWDG_IRQHandler
                0x0800326c                TIM1_TRG_COM_TIM11_IRQHandler
                0x0800326c                OTG_HS_IRQHandler
                0x0800326c                EXTI1_IRQHandler
                0x0800326c                I2C2_ER_IRQHandler
                0x0800326c                DMA2_Stream1_IRQHandler
                0x0800326c                CAN1_SCE_IRQHandler
                0x0800326c                FLASH_IRQHandler
                0x0800326c                DMA2_Stream4_IRQHandler
                0x0800326c                USART1_IRQHandler
                0x0800326c                SPI3_IRQHandler
                0x0800326c                DMA1_Stream4_IRQHandler
                0x0800326c                I2C1_ER_IRQHandler
                0x0800326c                DMA2_Stream6_IRQHandler
                0x0800326c                DMA1_Stream3_IRQHandler
 .text.USBD_SetupStage
                0x08003274       0x6c ..\obj\usbd_core.o
 .text.USBD_DataOutStage
                0x080032e0       0xcc ..\obj\usbd_core.o
 .text.USBD_DataInStage
                0x080033ac      0x104 ..\obj\usbd_core.o
 .text.USBD_Reset
                0x080034b0       0x44 ..\obj\usbd_core.o
 .text.USBD_Resume
                0x080034f4       0x24 ..\obj\usbd_core.o
 .text.USBD_Suspend
                0x08003518       0x24 ..\obj\usbd_core.o
 .text.USBD_SOF
                0x0800353c       0x2c ..\obj\usbd_core.o
 .text.USBD_SetCfg
                0x08003568       0x30 ..\obj\usbd_core.o
                0x08003568                USBD_SetCfg
 .text.USBD_ClrCfg
                0x08003598       0x28 ..\obj\usbd_core.o
                0x08003598                USBD_ClrCfg
 .text.USBD_IsoINIncomplete
                0x080035c0       0x20 ..\obj\usbd_core.o
 .text.USBD_IsoOUTIncomplete
                0x080035e0       0x20 ..\obj\usbd_core.o
 .text._ZN15SerialInterface20serialInterfaceSetupEPFvcE
                0x08003600       0x24 ..\obj\pin.o
                0x08003600                SerialInterface::serialInterfaceSetup(void (*)(char))
 .text._ZN6Serial8Receiver13charAvailableEv
                0x08003624       0x28 ..\obj\pin.o
                0x08003624                Serial::Receiver::charAvailable()
 .text._ZN6Serial8Receiver15stringAvailableEv
                0x0800364c       0x1c ..\obj\pin.o
                0x0800364c                Serial::Receiver::stringAvailable()
 .text._ZN6Serial8Receiver8readCharEv
                0x08003668       0x1c ..\obj\pin.o
                0x08003668                Serial::Receiver::readChar()
 .text._ZN6Serial8Receiver10readStringEPc
                0x08003684       0xe8 ..\obj\pin.o
                0x08003684                Serial::Receiver::readString(char*)
 .text._ZN6Serial15stringAvailableEv
                0x0800376c       0x28 ..\obj\pin.o
                0x0800376c                Serial::stringAvailable()
 .text._ZN6Serial10readStringEPc
                0x08003794       0x34 ..\obj\pin.o
                0x08003794                Serial::readString(char*)
 .text._ZN6Serial13charAvailableEv
                0x080037c8       0x28 ..\obj\pin.o
                0x080037c8                Serial::charAvailable()
 .text._ZN6Serial8readCharEv
                0x080037f0       0x28 ..\obj\pin.o
                0x080037f0                Serial::readChar()
 .text._ZN6Serial11stringWriteEPc
                0x08003818       0x40 ..\obj\pin.o
                0x08003818                Serial::stringWrite(char*)
 .text._ZN6Serial5setupEiR15SerialInterfaceii
                0x08003858       0x34 ..\obj\pin.o
                0x08003858                Serial::setup(int, SerialInterface&, int, int)
 .text._ZN2A016analogResolutionEv
                0x0800388c       0x20 ..\obj\pin.o
                0x0800388c                A0::analogResolution()
                0x080038a4                non-virtual thunk to A0::analogResolution()
 .text._ZN2A013analogVoltageEv
                0x080038ac       0x24 ..\obj\pin.o
                0x080038ac                A0::analogVoltage()
                0x080038c8                non-virtual thunk to A0::analogVoltage()
 .text._ZN2A116analogResolutionEv
                0x080038d0       0x20 ..\obj\pin.o
                0x080038d0                A1::analogResolution()
                0x080038e8                non-virtual thunk to A1::analogResolution()
 .text._ZN2A113analogVoltageEv
                0x080038f0       0x24 ..\obj\pin.o
                0x080038f0                A1::analogVoltage()
                0x0800390c                non-virtual thunk to A1::analogVoltage()
 .text._ZN2A216analogResolutionEv
                0x08003914       0x20 ..\obj\pin.o
                0x08003914                A2::analogResolution()
                0x0800392c                non-virtual thunk to A2::analogResolution()
 .text._ZN2A213analogVoltageEv
                0x08003934       0x24 ..\obj\pin.o
                0x08003934                A2::analogVoltage()
                0x08003950                non-virtual thunk to A2::analogVoltage()
 .text._ZN2A316analogResolutionEv
                0x08003958       0x20 ..\obj\pin.o
                0x08003958                A3::analogResolution()
                0x08003970                non-virtual thunk to A3::analogResolution()
 .text._ZN2A313analogVoltageEv
                0x08003978       0x24 ..\obj\pin.o
                0x08003978                A3::analogVoltage()
                0x08003994                non-virtual thunk to A3::analogVoltage()
 .text._ZN2A416analogResolutionEv
                0x0800399c       0x20 ..\obj\pin.o
                0x0800399c                A4::analogResolution()
                0x080039b4                non-virtual thunk to A4::analogResolution()
 .text._ZN2A413analogVoltageEv
                0x080039bc       0x24 ..\obj\pin.o
                0x080039bc                A4::analogVoltage()
                0x080039d8                non-virtual thunk to A4::analogVoltage()
 .text._ZN4Led013_digitalWriteEv
                0x080039e0       0x20 ..\obj\pin.o
                0x080039e0                Led0::_digitalWrite()
 .text._ZN4Led013_digitalWriteEi
                0x08003a00       0x30 ..\obj\pin.o
                0x08003a00                Led0::_digitalWrite(int)
 .text._ZN4Led012_digitalReadEv
                0x08003a30       0x20 ..\obj\pin.o
                0x08003a30                Led0::_digitalRead()
 .text._ZN4Led015_setupDigitalInEv
                0x08003a50       0x28 ..\obj\pin.o
                0x08003a50                Led0::_setupDigitalIn()
 .text._ZN4Led016_setupDigitalOutEv
                0x08003a78       0x28 ..\obj\pin.o
                0x08003a78                Led0::_setupDigitalOut()
 .text._ZN4Led021_setupDigitalInPullUpEv
                0x08003aa0       0x28 ..\obj\pin.o
                0x08003aa0                Led0::_setupDigitalInPullUp()
 .text._ZN4Led023_setupDigitalInPullDownEv
                0x08003ac8       0x28 ..\obj\pin.o
                0x08003ac8                Led0::_setupDigitalInPullDown()
 .text._ZN4Led113_digitalWriteEv
                0x08003af0       0x20 ..\obj\pin.o
                0x08003af0                Led1::_digitalWrite()
 .text._ZN4Led113_digitalWriteEi
                0x08003b10       0x30 ..\obj\pin.o
                0x08003b10                Led1::_digitalWrite(int)
 .text._ZN4Led112_digitalReadEv
                0x08003b40       0x20 ..\obj\pin.o
                0x08003b40                Led1::_digitalRead()
 .text._ZN4Led115_setupDigitalInEv
                0x08003b60       0x28 ..\obj\pin.o
                0x08003b60                Led1::_setupDigitalIn()
 .text._ZN4Led116_setupDigitalOutEv
                0x08003b88       0x28 ..\obj\pin.o
                0x08003b88                Led1::_setupDigitalOut()
 .text._ZN4Led121_setupDigitalInPullUpEv
                0x08003bb0       0x28 ..\obj\pin.o
                0x08003bb0                Led1::_setupDigitalInPullUp()
 .text._ZN4Led123_setupDigitalInPullDownEv
                0x08003bd8       0x28 ..\obj\pin.o
                0x08003bd8                Led1::_setupDigitalInPullDown()
 .text._ZN4Led213_digitalWriteEv
                0x08003c00       0x20 ..\obj\pin.o
                0x08003c00                Led2::_digitalWrite()
 .text._ZN4Led213_digitalWriteEi
                0x08003c20       0x30 ..\obj\pin.o
                0x08003c20                Led2::_digitalWrite(int)
 .text._ZN4Led212_digitalReadEv
                0x08003c50       0x20 ..\obj\pin.o
                0x08003c50                Led2::_digitalRead()
 .text._ZN4Led215_setupDigitalInEv
                0x08003c70       0x28 ..\obj\pin.o
                0x08003c70                Led2::_setupDigitalIn()
 .text._ZN4Led216_setupDigitalOutEv
                0x08003c98       0x28 ..\obj\pin.o
                0x08003c98                Led2::_setupDigitalOut()
 .text._ZN4Led221_setupDigitalInPullUpEv
                0x08003cc0       0x28 ..\obj\pin.o
                0x08003cc0                Led2::_setupDigitalInPullUp()
 .text._ZN4Led223_setupDigitalInPullDownEv
                0x08003ce8       0x28 ..\obj\pin.o
                0x08003ce8                Led2::_setupDigitalInPullDown()
 .text._ZN4Led313_digitalWriteEv
                0x08003d10       0x20 ..\obj\pin.o
                0x08003d10                Led3::_digitalWrite()
 .text._ZN4Led313_digitalWriteEi
                0x08003d30       0x30 ..\obj\pin.o
                0x08003d30                Led3::_digitalWrite(int)
 .text._ZN4Led312_digitalReadEv
                0x08003d60       0x20 ..\obj\pin.o
                0x08003d60                Led3::_digitalRead()
 .text._ZN4Led315_setupDigitalInEv
                0x08003d80       0x28 ..\obj\pin.o
                0x08003d80                Led3::_setupDigitalIn()
 .text._ZN4Led316_setupDigitalOutEv
                0x08003da8       0x28 ..\obj\pin.o
                0x08003da8                Led3::_setupDigitalOut()
 .text._ZN4Led321_setupDigitalInPullUpEv
                0x08003dd0       0x28 ..\obj\pin.o
                0x08003dd0                Led3::_setupDigitalInPullUp()
 .text._ZN4Led323_setupDigitalInPullDownEv
                0x08003df8       0x28 ..\obj\pin.o
                0x08003df8                Led3::_setupDigitalInPullDown()
 .text._ZN3Sw013_digitalWriteEv
                0x08003e20       0x20 ..\obj\pin.o
                0x08003e20                Sw0::_digitalWrite()
 .text._ZN3Sw013_digitalWriteEi
                0x08003e40       0x30 ..\obj\pin.o
                0x08003e40                Sw0::_digitalWrite(int)
 .text._ZN3Sw012_digitalReadEv
                0x08003e70       0x20 ..\obj\pin.o
                0x08003e70                Sw0::_digitalRead()
 .text._ZN3Sw015_setupDigitalInEv
                0x08003e90       0x28 ..\obj\pin.o
                0x08003e90                Sw0::_setupDigitalIn()
 .text._ZN3Sw016_setupDigitalOutEv
                0x08003eb8       0x18 ..\obj\pin.o
                0x08003eb8                Sw0::_setupDigitalOut()
 .text._ZN3Sw021_setupDigitalInPullUpEv
                0x08003ed0       0x28 ..\obj\pin.o
                0x08003ed0                Sw0::_setupDigitalInPullUp()
 .text._ZN3Sw023_setupDigitalInPullDownEv
                0x08003ef8       0x28 ..\obj\pin.o
                0x08003ef8                Sw0::_setupDigitalInPullDown()
 .text._ZN3Sw113_digitalWriteEv
                0x08003f20       0x20 ..\obj\pin.o
                0x08003f20                Sw1::_digitalWrite()
 .text._ZN3Sw113_digitalWriteEi
                0x08003f40       0x30 ..\obj\pin.o
                0x08003f40                Sw1::_digitalWrite(int)
 .text._ZN3Sw112_digitalReadEv
                0x08003f70       0x20 ..\obj\pin.o
                0x08003f70                Sw1::_digitalRead()
 .text._ZN3Sw115_setupDigitalInEv
                0x08003f90       0x28 ..\obj\pin.o
                0x08003f90                Sw1::_setupDigitalIn()
 .text._ZN3Sw116_setupDigitalOutEv
                0x08003fb8       0x18 ..\obj\pin.o
                0x08003fb8                Sw1::_setupDigitalOut()
 .text._ZN3Sw121_setupDigitalInPullUpEv
                0x08003fd0       0x28 ..\obj\pin.o
                0x08003fd0                Sw1::_setupDigitalInPullUp()
 .text._ZN3Sw123_setupDigitalInPullDownEv
                0x08003ff8       0x28 ..\obj\pin.o
                0x08003ff8                Sw1::_setupDigitalInPullDown()
 .text._ZN3Sw213_digitalWriteEv
                0x08004020       0x20 ..\obj\pin.o
                0x08004020                Sw2::_digitalWrite()
 .text._ZN3Sw213_digitalWriteEi
                0x08004040       0x30 ..\obj\pin.o
                0x08004040                Sw2::_digitalWrite(int)
 .text._ZN3Sw212_digitalReadEv
                0x08004070       0x20 ..\obj\pin.o
                0x08004070                Sw2::_digitalRead()
 .text._ZN3Sw215_setupDigitalInEv
                0x08004090       0x28 ..\obj\pin.o
                0x08004090                Sw2::_setupDigitalIn()
 .text._ZN3Sw216_setupDigitalOutEv
                0x080040b8       0x18 ..\obj\pin.o
                0x080040b8                Sw2::_setupDigitalOut()
 .text._ZN3Sw221_setupDigitalInPullUpEv
                0x080040d0       0x28 ..\obj\pin.o
                0x080040d0                Sw2::_setupDigitalInPullUp()
 .text._ZN3Sw223_setupDigitalInPullDownEv
                0x080040f8       0x28 ..\obj\pin.o
                0x080040f8                Sw2::_setupDigitalInPullDown()
 .text._ZN3Sw313_digitalWriteEv
                0x08004120       0x20 ..\obj\pin.o
                0x08004120                Sw3::_digitalWrite()
 .text._ZN3Sw313_digitalWriteEi
                0x08004140       0x30 ..\obj\pin.o
                0x08004140                Sw3::_digitalWrite(int)
 .text._ZN3Sw312_digitalReadEv
                0x08004170       0x20 ..\obj\pin.o
                0x08004170                Sw3::_digitalRead()
 .text._ZN3Sw315_setupDigitalInEv
                0x08004190       0x28 ..\obj\pin.o
                0x08004190                Sw3::_setupDigitalIn()
 .text._ZN3Sw316_setupDigitalOutEv
                0x080041b8       0x18 ..\obj\pin.o
                0x080041b8                Sw3::_setupDigitalOut()
 .text._ZN3Sw321_setupDigitalInPullUpEv
                0x080041d0       0x28 ..\obj\pin.o
                0x080041d0                Sw3::_setupDigitalInPullUp()
 .text._ZN3Sw323_setupDigitalInPullDownEv
                0x080041f8       0x28 ..\obj\pin.o
                0x080041f8                Sw3::_setupDigitalInPullDown()
 .text._ZN6Buzzer13_digitalWriteEv
                0x08004220       0x20 ..\obj\pin.o
                0x08004220                Buzzer::_digitalWrite()
 .text._ZN6Buzzer13_digitalWriteEi
                0x08004240       0x2c ..\obj\pin.o
                0x08004240                Buzzer::_digitalWrite(int)
 .text._ZN6Buzzer12_digitalReadEv
                0x0800426c       0x20 ..\obj\pin.o
                0x0800426c                Buzzer::_digitalRead()
 .text._ZN6Buzzer15_setupDigitalInEv
                0x0800428c       0x28 ..\obj\pin.o
                0x0800428c                Buzzer::_setupDigitalIn()
 .text._ZN6Buzzer16_setupDigitalOutEv
                0x080042b4       0x28 ..\obj\pin.o
                0x080042b4                Buzzer::_setupDigitalOut()
 .text._ZN6Buzzer21_setupDigitalInPullUpEv
                0x080042dc       0x28 ..\obj\pin.o
                0x080042dc                Buzzer::_setupDigitalInPullUp()
 .text._ZN6Buzzer23_setupDigitalInPullDownEv
                0x08004304       0x28 ..\obj\pin.o
                0x08004304                Buzzer::_setupDigitalInPullDown()
 .text._ZN3CW013_digitalWriteEv
                0x0800432c       0x20 ..\obj\pin.o
                0x0800432c                CW0::_digitalWrite()
 .text._ZN3CW013_digitalWriteEi
                0x0800434c       0x2c ..\obj\pin.o
                0x0800434c                CW0::_digitalWrite(int)
 .text._ZN3CW012_digitalReadEv
                0x08004378       0x20 ..\obj\pin.o
                0x08004378                CW0::_digitalRead()
 .text._ZN3CW015_setupDigitalInEv
                0x08004398       0x28 ..\obj\pin.o
                0x08004398                CW0::_setupDigitalIn()
 .text._ZN3CW016_setupDigitalOutEv
                0x080043c0       0x28 ..\obj\pin.o
                0x080043c0                CW0::_setupDigitalOut()
 .text._ZN3CW021_setupDigitalInPullUpEv
                0x080043e8       0x28 ..\obj\pin.o
                0x080043e8                CW0::_setupDigitalInPullUp()
 .text._ZN3CW023_setupDigitalInPullDownEv
                0x08004410       0x28 ..\obj\pin.o
                0x08004410                CW0::_setupDigitalInPullDown()
 .text._ZN4CCW013_digitalWriteEv
                0x08004438       0x20 ..\obj\pin.o
                0x08004438                CCW0::_digitalWrite()
 .text._ZN4CCW013_digitalWriteEi
                0x08004458       0x2c ..\obj\pin.o
                0x08004458                CCW0::_digitalWrite(int)
 .text._ZN4CCW012_digitalReadEv
                0x08004484       0x20 ..\obj\pin.o
                0x08004484                CCW0::_digitalRead()
 .text._ZN4CCW015_setupDigitalInEv
                0x080044a4       0x28 ..\obj\pin.o
                0x080044a4                CCW0::_setupDigitalIn()
 .text._ZN4CCW016_setupDigitalOutEv
                0x080044cc       0x28 ..\obj\pin.o
                0x080044cc                CCW0::_setupDigitalOut()
 .text._ZN4CCW021_setupDigitalInPullUpEv
                0x080044f4       0x28 ..\obj\pin.o
                0x080044f4                CCW0::_setupDigitalInPullUp()
 .text._ZN4CCW023_setupDigitalInPullDownEv
                0x0800451c       0x28 ..\obj\pin.o
                0x0800451c                CCW0::_setupDigitalInPullDown()
 .text._ZN3CW113_digitalWriteEv
                0x08004544       0x20 ..\obj\pin.o
                0x08004544                CW1::_digitalWrite()
 .text._ZN3CW113_digitalWriteEi
                0x08004564       0x30 ..\obj\pin.o
                0x08004564                CW1::_digitalWrite(int)
 .text._ZN3CW112_digitalReadEv
                0x08004594       0x20 ..\obj\pin.o
                0x08004594                CW1::_digitalRead()
 .text._ZN3CW115_setupDigitalInEv
                0x080045b4       0x28 ..\obj\pin.o
                0x080045b4                CW1::_setupDigitalIn()
 .text._ZN3CW116_setupDigitalOutEv
                0x080045dc       0x28 ..\obj\pin.o
                0x080045dc                CW1::_setupDigitalOut()
 .text._ZN3CW121_setupDigitalInPullUpEv
                0x08004604       0x28 ..\obj\pin.o
                0x08004604                CW1::_setupDigitalInPullUp()
 .text._ZN3CW123_setupDigitalInPullDownEv
                0x0800462c       0x28 ..\obj\pin.o
                0x0800462c                CW1::_setupDigitalInPullDown()
 .text._ZN4CCW113_digitalWriteEv
                0x08004654       0x20 ..\obj\pin.o
                0x08004654                CCW1::_digitalWrite()
 .text._ZN4CCW113_digitalWriteEi
                0x08004674       0x2c ..\obj\pin.o
                0x08004674                CCW1::_digitalWrite(int)
 .text._ZN4CCW112_digitalReadEv
                0x080046a0       0x20 ..\obj\pin.o
                0x080046a0                CCW1::_digitalRead()
 .text._ZN4CCW115_setupDigitalInEv
                0x080046c0       0x28 ..\obj\pin.o
                0x080046c0                CCW1::_setupDigitalIn()
 .text._ZN4CCW116_setupDigitalOutEv
                0x080046e8       0x28 ..\obj\pin.o
                0x080046e8                CCW1::_setupDigitalOut()
 .text._ZN4CCW121_setupDigitalInPullUpEv
                0x08004710       0x28 ..\obj\pin.o
                0x08004710                CCW1::_setupDigitalInPullUp()
 .text._ZN4CCW123_setupDigitalInPullDownEv
                0x08004738       0x28 ..\obj\pin.o
                0x08004738                CCW1::_setupDigitalInPullDown()
 .text._ZN3CW213_digitalWriteEv
                0x08004760       0x20 ..\obj\pin.o
                0x08004760                CW2::_digitalWrite()
 .text._ZN3CW213_digitalWriteEi
                0x08004780       0x2c ..\obj\pin.o
                0x08004780                CW2::_digitalWrite(int)
 .text._ZN3CW212_digitalReadEv
                0x080047ac       0x20 ..\obj\pin.o
                0x080047ac                CW2::_digitalRead()
 .text._ZN3CW215_setupDigitalInEv
                0x080047cc       0x28 ..\obj\pin.o
                0x080047cc                CW2::_setupDigitalIn()
 .text._ZN3CW216_setupDigitalOutEv
                0x080047f4       0x28 ..\obj\pin.o
                0x080047f4                CW2::_setupDigitalOut()
 .text._ZN3CW221_setupDigitalInPullUpEv
                0x0800481c       0x28 ..\obj\pin.o
                0x0800481c                CW2::_setupDigitalInPullUp()
 .text._ZN3CW223_setupDigitalInPullDownEv
                0x08004844       0x28 ..\obj\pin.o
                0x08004844                CW2::_setupDigitalInPullDown()
 .text._ZN4CCW213_digitalWriteEv
                0x0800486c       0x20 ..\obj\pin.o
                0x0800486c                CCW2::_digitalWrite()
 .text._ZN4CCW213_digitalWriteEi
                0x0800488c       0x2c ..\obj\pin.o
                0x0800488c                CCW2::_digitalWrite(int)
 .text._ZN4CCW212_digitalReadEv
                0x080048b8       0x20 ..\obj\pin.o
                0x080048b8                CCW2::_digitalRead()
 .text._ZN4CCW215_setupDigitalInEv
                0x080048d8       0x28 ..\obj\pin.o
                0x080048d8                CCW2::_setupDigitalIn()
 .text._ZN4CCW216_setupDigitalOutEv
                0x08004900       0x28 ..\obj\pin.o
                0x08004900                CCW2::_setupDigitalOut()
 .text._ZN4CCW221_setupDigitalInPullUpEv
                0x08004928       0x28 ..\obj\pin.o
                0x08004928                CCW2::_setupDigitalInPullUp()
 .text._ZN4CCW223_setupDigitalInPullDownEv
                0x08004950       0x28 ..\obj\pin.o
                0x08004950                CCW2::_setupDigitalInPullDown()
 .text._ZN3CW313_digitalWriteEv
                0x08004978       0x20 ..\obj\pin.o
                0x08004978                CW3::_digitalWrite()
 .text._ZN3CW313_digitalWriteEi
                0x08004998       0x30 ..\obj\pin.o
                0x08004998                CW3::_digitalWrite(int)
 .text._ZN3CW312_digitalReadEv
                0x080049c8       0x20 ..\obj\pin.o
                0x080049c8                CW3::_digitalRead()
 .text._ZN3CW315_setupDigitalInEv
                0x080049e8       0x28 ..\obj\pin.o
                0x080049e8                CW3::_setupDigitalIn()
 .text._ZN3CW316_setupDigitalOutEv
                0x08004a10       0x28 ..\obj\pin.o
                0x08004a10                CW3::_setupDigitalOut()
 .text._ZN3CW321_setupDigitalInPullUpEv
                0x08004a38       0x28 ..\obj\pin.o
                0x08004a38                CW3::_setupDigitalInPullUp()
 .text._ZN3CW323_setupDigitalInPullDownEv
                0x08004a60       0x28 ..\obj\pin.o
                0x08004a60                CW3::_setupDigitalInPullDown()
 .text._ZN4CCW313_digitalWriteEv
                0x08004a88       0x20 ..\obj\pin.o
                0x08004a88                CCW3::_digitalWrite()
 .text._ZN4CCW313_digitalWriteEi
                0x08004aa8       0x2c ..\obj\pin.o
                0x08004aa8                CCW3::_digitalWrite(int)
 .text._ZN4CCW312_digitalReadEv
                0x08004ad4       0x20 ..\obj\pin.o
                0x08004ad4                CCW3::_digitalRead()
 .text._ZN4CCW315_setupDigitalInEv
                0x08004af4       0x28 ..\obj\pin.o
                0x08004af4                CCW3::_setupDigitalIn()
 .text._ZN4CCW316_setupDigitalOutEv
                0x08004b1c       0x28 ..\obj\pin.o
                0x08004b1c                CCW3::_setupDigitalOut()
 .text._ZN4CCW321_setupDigitalInPullUpEv
                0x08004b44       0x28 ..\obj\pin.o
                0x08004b44                CCW3::_setupDigitalInPullUp()
 .text._ZN4CCW323_setupDigitalInPullDownEv
                0x08004b6c       0x28 ..\obj\pin.o
                0x08004b6c                CCW3::_setupDigitalInPullDown()
 .text._ZN3CW413_digitalWriteEv
                0x08004b94       0x20 ..\obj\pin.o
                0x08004b94                CW4::_digitalWrite()
 .text._ZN3CW413_digitalWriteEi
                0x08004bb4       0x2c ..\obj\pin.o
                0x08004bb4                CW4::_digitalWrite(int)
 .text._ZN3CW412_digitalReadEv
                0x08004be0       0x20 ..\obj\pin.o
                0x08004be0                CW4::_digitalRead()
 .text._ZN3CW415_setupDigitalInEv
                0x08004c00       0x28 ..\obj\pin.o
                0x08004c00                CW4::_setupDigitalIn()
 .text._ZN3CW416_setupDigitalOutEv
                0x08004c28       0x28 ..\obj\pin.o
                0x08004c28                CW4::_setupDigitalOut()
 .text._ZN3CW421_setupDigitalInPullUpEv
                0x08004c50       0x28 ..\obj\pin.o
                0x08004c50                CW4::_setupDigitalInPullUp()
 .text._ZN3CW423_setupDigitalInPullDownEv
                0x08004c78       0x28 ..\obj\pin.o
                0x08004c78                CW4::_setupDigitalInPullDown()
 .text._ZN4CCW413_digitalWriteEv
                0x08004ca0       0x20 ..\obj\pin.o
                0x08004ca0                CCW4::_digitalWrite()
 .text._ZN4CCW413_digitalWriteEi
                0x08004cc0       0x2c ..\obj\pin.o
                0x08004cc0                CCW4::_digitalWrite(int)
 .text._ZN4CCW412_digitalReadEv
                0x08004cec       0x20 ..\obj\pin.o
                0x08004cec                CCW4::_digitalRead()
 .text._ZN4CCW415_setupDigitalInEv
                0x08004d0c       0x28 ..\obj\pin.o
                0x08004d0c                CCW4::_setupDigitalIn()
 .text._ZN4CCW416_setupDigitalOutEv
                0x08004d34       0x28 ..\obj\pin.o
                0x08004d34                CCW4::_setupDigitalOut()
 .text._ZN4CCW421_setupDigitalInPullUpEv
                0x08004d5c       0x28 ..\obj\pin.o
                0x08004d5c                CCW4::_setupDigitalInPullUp()
 .text._ZN4CCW423_setupDigitalInPullDownEv
                0x08004d84       0x28 ..\obj\pin.o
                0x08004d84                CCW4::_setupDigitalInPullDown()
 .text._ZN3CW513_digitalWriteEv
                0x08004dac       0x20 ..\obj\pin.o
                0x08004dac                CW5::_digitalWrite()
 .text._ZN3CW513_digitalWriteEi
                0x08004dcc       0x30 ..\obj\pin.o
                0x08004dcc                CW5::_digitalWrite(int)
 .text._ZN3CW512_digitalReadEv
                0x08004dfc       0x20 ..\obj\pin.o
                0x08004dfc                CW5::_digitalRead()
 .text._ZN3CW515_setupDigitalInEv
                0x08004e1c       0x28 ..\obj\pin.o
                0x08004e1c                CW5::_setupDigitalIn()
 .text._ZN3CW516_setupDigitalOutEv
                0x08004e44       0x28 ..\obj\pin.o
                0x08004e44                CW5::_setupDigitalOut()
 .text._ZN3CW521_setupDigitalInPullUpEv
                0x08004e6c       0x28 ..\obj\pin.o
                0x08004e6c                CW5::_setupDigitalInPullUp()
 .text._ZN3CW523_setupDigitalInPullDownEv
                0x08004e94       0x28 ..\obj\pin.o
                0x08004e94                CW5::_setupDigitalInPullDown()
 .text._ZN4CCW513_digitalWriteEv
                0x08004ebc       0x20 ..\obj\pin.o
                0x08004ebc                CCW5::_digitalWrite()
 .text._ZN4CCW513_digitalWriteEi
                0x08004edc       0x2c ..\obj\pin.o
                0x08004edc                CCW5::_digitalWrite(int)
 .text._ZN4CCW512_digitalReadEv
                0x08004f08       0x20 ..\obj\pin.o
                0x08004f08                CCW5::_digitalRead()
 .text._ZN4CCW515_setupDigitalInEv
                0x08004f28       0x28 ..\obj\pin.o
                0x08004f28                CCW5::_setupDigitalIn()
 .text._ZN4CCW516_setupDigitalOutEv
                0x08004f50       0x28 ..\obj\pin.o
                0x08004f50                CCW5::_setupDigitalOut()
 .text._ZN4CCW521_setupDigitalInPullUpEv
                0x08004f78       0x28 ..\obj\pin.o
                0x08004f78                CCW5::_setupDigitalInPullUp()
 .text._ZN4CCW523_setupDigitalInPullDownEv
                0x08004fa0       0x28 ..\obj\pin.o
                0x08004fa0                CCW5::_setupDigitalInPullDown()
 .text._ZN2A013_digitalWriteEv
                0x08004fc8       0x20 ..\obj\pin.o
                0x08004fc8                A0::_digitalWrite()
 .text._ZN2A013_digitalWriteEi
                0x08004fe8       0x2c ..\obj\pin.o
                0x08004fe8                A0::_digitalWrite(int)
 .text._ZN2A012_digitalReadEv
                0x08005014       0x20 ..\obj\pin.o
                0x08005014                A0::_digitalRead()
 .text._ZN2A015_setupDigitalInEv
                0x08005034       0x28 ..\obj\pin.o
                0x08005034                A0::_setupDigitalIn()
 .text._ZN2A016_setupDigitalOutEv
                0x0800505c       0x2c ..\obj\pin.o
                0x0800505c                A0::_setupDigitalOut()
 .text._ZN2A021_setupDigitalInPullUpEv
                0x08005088       0x28 ..\obj\pin.o
                0x08005088                A0::_setupDigitalInPullUp()
 .text._ZN2A023_setupDigitalInPullDownEv
                0x080050b0       0x28 ..\obj\pin.o
                0x080050b0                A0::_setupDigitalInPullDown()
 .text._ZN2A113_digitalWriteEv
                0x080050d8       0x20 ..\obj\pin.o
                0x080050d8                A1::_digitalWrite()
 .text._ZN2A113_digitalWriteEi
                0x080050f8       0x2c ..\obj\pin.o
                0x080050f8                A1::_digitalWrite(int)
 .text._ZN2A112_digitalReadEv
                0x08005124       0x20 ..\obj\pin.o
                0x08005124                A1::_digitalRead()
 .text._ZN2A115_setupDigitalInEv
                0x08005144       0x28 ..\obj\pin.o
                0x08005144                A1::_setupDigitalIn()
 .text._ZN2A116_setupDigitalOutEv
                0x0800516c       0x2c ..\obj\pin.o
                0x0800516c                A1::_setupDigitalOut()
 .text._ZN2A121_setupDigitalInPullUpEv
                0x08005198       0x28 ..\obj\pin.o
                0x08005198                A1::_setupDigitalInPullUp()
 .text._ZN2A123_setupDigitalInPullDownEv
                0x080051c0       0x28 ..\obj\pin.o
                0x080051c0                A1::_setupDigitalInPullDown()
 .text._ZN2A213_digitalWriteEv
                0x080051e8       0x20 ..\obj\pin.o
                0x080051e8                A2::_digitalWrite()
 .text._ZN2A213_digitalWriteEi
                0x08005208       0x2c ..\obj\pin.o
                0x08005208                A2::_digitalWrite(int)
 .text._ZN2A212_digitalReadEv
                0x08005234       0x20 ..\obj\pin.o
                0x08005234                A2::_digitalRead()
 .text._ZN2A215_setupDigitalInEv
                0x08005254       0x28 ..\obj\pin.o
                0x08005254                A2::_setupDigitalIn()
 .text._ZN2A216_setupDigitalOutEv
                0x0800527c       0x2c ..\obj\pin.o
                0x0800527c                A2::_setupDigitalOut()
 .text._ZN2A221_setupDigitalInPullUpEv
                0x080052a8       0x28 ..\obj\pin.o
                0x080052a8                A2::_setupDigitalInPullUp()
 .text._ZN2A223_setupDigitalInPullDownEv
                0x080052d0       0x28 ..\obj\pin.o
                0x080052d0                A2::_setupDigitalInPullDown()
 .text._ZN2A313_digitalWriteEv
                0x080052f8       0x20 ..\obj\pin.o
                0x080052f8                A3::_digitalWrite()
 .text._ZN2A313_digitalWriteEi
                0x08005318       0x2c ..\obj\pin.o
                0x08005318                A3::_digitalWrite(int)
 .text._ZN2A312_digitalReadEv
                0x08005344       0x20 ..\obj\pin.o
                0x08005344                A3::_digitalRead()
 .text._ZN2A315_setupDigitalInEv
                0x08005364       0x28 ..\obj\pin.o
                0x08005364                A3::_setupDigitalIn()
 .text._ZN2A316_setupDigitalOutEv
                0x0800538c       0x2c ..\obj\pin.o
                0x0800538c                A3::_setupDigitalOut()
 .text._ZN2A321_setupDigitalInPullUpEv
                0x080053b8       0x28 ..\obj\pin.o
                0x080053b8                A3::_setupDigitalInPullUp()
 .text._ZN2A323_setupDigitalInPullDownEv
                0x080053e0       0x28 ..\obj\pin.o
                0x080053e0                A3::_setupDigitalInPullDown()
 .text._ZN2A413_digitalWriteEv
                0x08005408       0x20 ..\obj\pin.o
                0x08005408                A4::_digitalWrite()
 .text._ZN2A413_digitalWriteEi
                0x08005428       0x2c ..\obj\pin.o
                0x08005428                A4::_digitalWrite(int)
 .text._ZN2A412_digitalReadEv
                0x08005454       0x20 ..\obj\pin.o
                0x08005454                A4::_digitalRead()
 .text._ZN2A415_setupDigitalInEv
                0x08005474       0x28 ..\obj\pin.o
                0x08005474                A4::_setupDigitalIn()
 .text._ZN2A416_setupDigitalOutEv
                0x0800549c       0x2c ..\obj\pin.o
                0x0800549c                A4::_setupDigitalOut()
 .text._ZN2A421_setupDigitalInPullUpEv
                0x080054c8       0x28 ..\obj\pin.o
                0x080054c8                A4::_setupDigitalInPullUp()
 .text._ZN2A423_setupDigitalInPullDownEv
                0x080054f0       0x28 ..\obj\pin.o
                0x080054f0                A4::_setupDigitalInPullDown()
 .text._ZN4Pwm013_digitalWriteEv
                0x08005518       0x20 ..\obj\pin.o
                0x08005518                Pwm0::_digitalWrite()
 .text._ZN4Pwm013_digitalWriteEi
                0x08005538       0x30 ..\obj\pin.o
                0x08005538                Pwm0::_digitalWrite(int)
 .text._ZN4Pwm012_digitalReadEv
                0x08005568       0x20 ..\obj\pin.o
                0x08005568                Pwm0::_digitalRead()
 .text._ZN4Pwm015_setupDigitalInEv
                0x08005588       0x28 ..\obj\pin.o
                0x08005588                Pwm0::_setupDigitalIn()
 .text._ZN4Pwm016_setupDigitalOutEv
                0x080055b0       0x30 ..\obj\pin.o
                0x080055b0                Pwm0::_setupDigitalOut()
 .text._ZN4Pwm021_setupDigitalInPullUpEv
                0x080055e0       0x28 ..\obj\pin.o
                0x080055e0                Pwm0::_setupDigitalInPullUp()
 .text._ZN4Pwm023_setupDigitalInPullDownEv
                0x08005608       0x28 ..\obj\pin.o
                0x08005608                Pwm0::_setupDigitalInPullDown()
 .text._ZN4Pwm113_digitalWriteEv
                0x08005630       0x20 ..\obj\pin.o
                0x08005630                Pwm1::_digitalWrite()
 .text._ZN4Pwm113_digitalWriteEi
                0x08005650       0x2c ..\obj\pin.o
                0x08005650                Pwm1::_digitalWrite(int)
 .text._ZN4Pwm112_digitalReadEv
                0x0800567c       0x20 ..\obj\pin.o
                0x0800567c                Pwm1::_digitalRead()
 .text._ZN4Pwm115_setupDigitalInEv
                0x0800569c       0x28 ..\obj\pin.o
                0x0800569c                Pwm1::_setupDigitalIn()
 .text._ZN4Pwm116_setupDigitalOutEv
                0x080056c4       0x2c ..\obj\pin.o
                0x080056c4                Pwm1::_setupDigitalOut()
 .text._ZN4Pwm121_setupDigitalInPullUpEv
                0x080056f0       0x28 ..\obj\pin.o
                0x080056f0                Pwm1::_setupDigitalInPullUp()
 .text._ZN4Pwm123_setupDigitalInPullDownEv
                0x08005718       0x28 ..\obj\pin.o
                0x08005718                Pwm1::_setupDigitalInPullDown()
 .text._ZN4Pwm213_digitalWriteEv
                0x08005740       0x20 ..\obj\pin.o
                0x08005740                Pwm2::_digitalWrite()
 .text._ZN4Pwm213_digitalWriteEi
                0x08005760       0x2c ..\obj\pin.o
                0x08005760                Pwm2::_digitalWrite(int)
 .text._ZN4Pwm212_digitalReadEv
                0x0800578c       0x20 ..\obj\pin.o
                0x0800578c                Pwm2::_digitalRead()
 .text._ZN4Pwm215_setupDigitalInEv
                0x080057ac       0x28 ..\obj\pin.o
                0x080057ac                Pwm2::_setupDigitalIn()
 .text._ZN4Pwm216_setupDigitalOutEv
                0x080057d4       0x2c ..\obj\pin.o
                0x080057d4                Pwm2::_setupDigitalOut()
 .text._ZN4Pwm221_setupDigitalInPullUpEv
                0x08005800       0x28 ..\obj\pin.o
                0x08005800                Pwm2::_setupDigitalInPullUp()
 .text._ZN4Pwm223_setupDigitalInPullDownEv
                0x08005828       0x28 ..\obj\pin.o
                0x08005828                Pwm2::_setupDigitalInPullDown()
 .text._ZN4Pwm313_digitalWriteEv
                0x08005850       0x20 ..\obj\pin.o
                0x08005850                Pwm3::_digitalWrite()
 .text._ZN4Pwm313_digitalWriteEi
                0x08005870       0x30 ..\obj\pin.o
                0x08005870                Pwm3::_digitalWrite(int)
 .text._ZN4Pwm312_digitalReadEv
                0x080058a0       0x20 ..\obj\pin.o
                0x080058a0                Pwm3::_digitalRead()
 .text._ZN4Pwm315_setupDigitalInEv
                0x080058c0       0x28 ..\obj\pin.o
                0x080058c0                Pwm3::_setupDigitalIn()
 .text._ZN4Pwm316_setupDigitalOutEv
                0x080058e8       0x30 ..\obj\pin.o
                0x080058e8                Pwm3::_setupDigitalOut()
 .text._ZN4Pwm321_setupDigitalInPullUpEv
                0x08005918       0x28 ..\obj\pin.o
                0x08005918                Pwm3::_setupDigitalInPullUp()
 .text._ZN4Pwm323_setupDigitalInPullDownEv
                0x08005940       0x28 ..\obj\pin.o
                0x08005940                Pwm3::_setupDigitalInPullDown()
 .text._ZN4Pwm413_digitalWriteEv
                0x08005968       0x20 ..\obj\pin.o
                0x08005968                Pwm4::_digitalWrite()
 .text._ZN4Pwm413_digitalWriteEi
                0x08005988       0x30 ..\obj\pin.o
                0x08005988                Pwm4::_digitalWrite(int)
 .text._ZN4Pwm412_digitalReadEv
                0x080059b8       0x20 ..\obj\pin.o
                0x080059b8                Pwm4::_digitalRead()
 .text._ZN4Pwm415_setupDigitalInEv
                0x080059d8       0x28 ..\obj\pin.o
                0x080059d8                Pwm4::_setupDigitalIn()
 .text._ZN4Pwm416_setupDigitalOutEv
                0x08005a00       0x30 ..\obj\pin.o
                0x08005a00                Pwm4::_setupDigitalOut()
 .text._ZN4Pwm421_setupDigitalInPullUpEv
                0x08005a30       0x28 ..\obj\pin.o
                0x08005a30                Pwm4::_setupDigitalInPullUp()
 .text._ZN4Pwm423_setupDigitalInPullDownEv
                0x08005a58       0x28 ..\obj\pin.o
                0x08005a58                Pwm4::_setupDigitalInPullDown()
 .text._ZN4Pwm513_digitalWriteEv
                0x08005a80       0x20 ..\obj\pin.o
                0x08005a80                Pwm5::_digitalWrite()
 .text._ZN4Pwm513_digitalWriteEi
                0x08005aa0       0x30 ..\obj\pin.o
                0x08005aa0                Pwm5::_digitalWrite(int)
 .text._ZN4Pwm512_digitalReadEv
                0x08005ad0       0x20 ..\obj\pin.o
                0x08005ad0                Pwm5::_digitalRead()
 .text._ZN4Pwm515_setupDigitalInEv
                0x08005af0       0x28 ..\obj\pin.o
                0x08005af0                Pwm5::_setupDigitalIn()
 .text._ZN4Pwm516_setupDigitalOutEv
                0x08005b18       0x30 ..\obj\pin.o
                0x08005b18                Pwm5::_setupDigitalOut()
 .text._ZN4Pwm521_setupDigitalInPullUpEv
                0x08005b48       0x28 ..\obj\pin.o
                0x08005b48                Pwm5::_setupDigitalInPullUp()
 .text._ZN4Pwm523_setupDigitalInPullDownEv
                0x08005b70       0x28 ..\obj\pin.o
                0x08005b70                Pwm5::_setupDigitalInPullDown()
 .text._ZN2A014_setupAnalogInEv
                0x08005b98       0x24 ..\obj\pin.o
                0x08005b98                A0::_setupAnalogIn()
 .text._ZThn8_N2A014_setupAnalogInEv
                0x08005bbc        0x8 ..\obj\pin.o
                0x08005bbc                non-virtual thunk to A0::_setupAnalogIn()
 .text._ZN2A011_analogReadEv
                0x08005bc4       0x40 ..\obj\pin.o
                0x08005bc4                A0::_analogRead()
 .text._ZThn8_N2A011_analogReadEv
                0x08005c04        0x8 ..\obj\pin.o
                0x08005c04                non-virtual thunk to A0::_analogRead()
 .text._ZN2A114_setupAnalogInEv
                0x08005c0c       0x24 ..\obj\pin.o
                0x08005c0c                A1::_setupAnalogIn()
 .text._ZThn8_N2A114_setupAnalogInEv
                0x08005c30        0x8 ..\obj\pin.o
                0x08005c30                non-virtual thunk to A1::_setupAnalogIn()
 .text._ZN2A111_analogReadEv
                0x08005c38       0x40 ..\obj\pin.o
                0x08005c38                A1::_analogRead()
 .text._ZThn8_N2A111_analogReadEv
                0x08005c78        0x8 ..\obj\pin.o
                0x08005c78                non-virtual thunk to A1::_analogRead()
 .text._ZN2A214_setupAnalogInEv
                0x08005c80       0x24 ..\obj\pin.o
                0x08005c80                A2::_setupAnalogIn()
 .text._ZThn8_N2A214_setupAnalogInEv
                0x08005ca4        0x8 ..\obj\pin.o
                0x08005ca4                non-virtual thunk to A2::_setupAnalogIn()
 .text._ZN2A211_analogReadEv
                0x08005cac       0x40 ..\obj\pin.o
                0x08005cac                A2::_analogRead()
 .text._ZThn8_N2A211_analogReadEv
                0x08005cec        0x8 ..\obj\pin.o
                0x08005cec                non-virtual thunk to A2::_analogRead()
 .text._ZN2A314_setupAnalogInEv
                0x08005cf4       0x24 ..\obj\pin.o
                0x08005cf4                A3::_setupAnalogIn()
 .text._ZThn8_N2A314_setupAnalogInEv
                0x08005d18        0x8 ..\obj\pin.o
                0x08005d18                non-virtual thunk to A3::_setupAnalogIn()
 .text._ZN2A311_analogReadEv
                0x08005d20       0x40 ..\obj\pin.o
                0x08005d20                A3::_analogRead()
 .text._ZThn8_N2A311_analogReadEv
                0x08005d60        0x8 ..\obj\pin.o
                0x08005d60                non-virtual thunk to A3::_analogRead()
 .text._ZN2A414_setupAnalogInEv
                0x08005d68       0x24 ..\obj\pin.o
                0x08005d68                A4::_setupAnalogIn()
 .text._ZThn8_N2A414_setupAnalogInEv
                0x08005d8c        0x8 ..\obj\pin.o
                0x08005d8c                non-virtual thunk to A4::_setupAnalogIn()
 .text._ZN2A411_analogReadEv
                0x08005d94       0x40 ..\obj\pin.o
                0x08005d94                A4::_analogRead()
 .text._ZThn8_N2A411_analogReadEv
                0x08005dd4        0x8 ..\obj\pin.o
                0x08005dd4                non-virtual thunk to A4::_analogRead()
 .text._ZN4Enc05setupEv
                0x08005ddc       0x28 ..\obj\pin.o
                0x08005ddc                Enc0::setup()
 .text._ZN4Enc05countEv
                0x08005e04       0x30 ..\obj\pin.o
                0x08005e04                Enc0::count()
 .text._ZN4Enc15setupEv
                0x08005e34       0x24 ..\obj\pin.o
                0x08005e34                Enc1::setup()
 .text._ZN4Enc15countEv
                0x08005e58       0x30 ..\obj\pin.o
                0x08005e58                Enc1::count()
 .text._ZN4Enc25setupEv
                0x08005e88       0x24 ..\obj\pin.o
                0x08005e88                Enc2::setup()
 .text._ZN4Enc25countEv
                0x08005eac       0x30 ..\obj\pin.o
                0x08005eac                Enc2::count()
 .text._ZN4Pwm012_setupPwmOutEff
                0x08005edc       0x48 ..\obj\pin.o
                0x08005edc                Pwm0::_setupPwmOut(float, float)
 .text._ZThn8_N4Pwm012_setupPwmOutEff
                0x08005f24        0x8 ..\obj\pin.o
                0x08005f24                non-virtual thunk to Pwm0::_setupPwmOut(float, float)
 .text._ZN4Pwm09_pwmWriteEf
                0x08005f2c       0x20 ..\obj\pin.o
                0x08005f2c                Pwm0::_pwmWrite(float)
 .text._ZThn8_N4Pwm09_pwmWriteEf
                0x08005f4c        0x8 ..\obj\pin.o
                0x08005f4c                non-virtual thunk to Pwm0::_pwmWrite(float)
 .text._ZN4Pwm09_pwmWriteEv
                0x08005f54       0x20 ..\obj\pin.o
                0x08005f54                Pwm0::_pwmWrite()
 .text._ZThn8_N4Pwm09_pwmWriteEv
                0x08005f74        0x8 ..\obj\pin.o
                0x08005f74                non-virtual thunk to Pwm0::_pwmWrite()
 .text._ZN4Pwm112_setupPwmOutEff
                0x08005f7c       0x44 ..\obj\pin.o
                0x08005f7c                Pwm1::_setupPwmOut(float, float)
 .text._ZThn8_N4Pwm112_setupPwmOutEff
                0x08005fc0        0x8 ..\obj\pin.o
                0x08005fc0                non-virtual thunk to Pwm1::_setupPwmOut(float, float)
 .text._ZN4Pwm19_pwmWriteEf
                0x08005fc8       0x20 ..\obj\pin.o
                0x08005fc8                Pwm1::_pwmWrite(float)
 .text._ZThn8_N4Pwm19_pwmWriteEf
                0x08005fe8        0x8 ..\obj\pin.o
                0x08005fe8                non-virtual thunk to Pwm1::_pwmWrite(float)
 .text._ZN4Pwm19_pwmWriteEv
                0x08005ff0       0x20 ..\obj\pin.o
                0x08005ff0                Pwm1::_pwmWrite()
 .text._ZThn8_N4Pwm19_pwmWriteEv
                0x08006010        0x8 ..\obj\pin.o
                0x08006010                non-virtual thunk to Pwm1::_pwmWrite()
 .text._ZN4Pwm212_setupPwmOutEff
                0x08006018       0x44 ..\obj\pin.o
                0x08006018                Pwm2::_setupPwmOut(float, float)
 .text._ZThn8_N4Pwm212_setupPwmOutEff
                0x0800605c        0x8 ..\obj\pin.o
                0x0800605c                non-virtual thunk to Pwm2::_setupPwmOut(float, float)
 .text._ZN4Pwm29_pwmWriteEf
                0x08006064       0x20 ..\obj\pin.o
                0x08006064                Pwm2::_pwmWrite(float)
 .text._ZThn8_N4Pwm29_pwmWriteEf
                0x08006084        0x8 ..\obj\pin.o
                0x08006084                non-virtual thunk to Pwm2::_pwmWrite(float)
 .text._ZN4Pwm29_pwmWriteEv
                0x0800608c       0x20 ..\obj\pin.o
                0x0800608c                Pwm2::_pwmWrite()
 .text._ZThn8_N4Pwm29_pwmWriteEv
                0x080060ac        0x8 ..\obj\pin.o
                0x080060ac                non-virtual thunk to Pwm2::_pwmWrite()
 .text._ZN4Pwm312_setupPwmOutEff
                0x080060b4       0x48 ..\obj\pin.o
                0x080060b4                Pwm3::_setupPwmOut(float, float)
 .text._ZThn8_N4Pwm312_setupPwmOutEff
                0x080060fc        0x8 ..\obj\pin.o
                0x080060fc                non-virtual thunk to Pwm3::_setupPwmOut(float, float)
 .text._ZN4Pwm39_pwmWriteEf
                0x08006104       0x20 ..\obj\pin.o
                0x08006104                Pwm3::_pwmWrite(float)
 .text._ZThn8_N4Pwm39_pwmWriteEf
                0x08006124        0x8 ..\obj\pin.o
                0x08006124                non-virtual thunk to Pwm3::_pwmWrite(float)
 .text._ZN4Pwm39_pwmWriteEv
                0x0800612c       0x20 ..\obj\pin.o
                0x0800612c                Pwm3::_pwmWrite()
 .text._ZThn8_N4Pwm39_pwmWriteEv
                0x0800614c        0x8 ..\obj\pin.o
                0x0800614c                non-virtual thunk to Pwm3::_pwmWrite()
 .text._ZN4Pwm412_setupPwmOutEff
                0x08006154       0x48 ..\obj\pin.o
                0x08006154                Pwm4::_setupPwmOut(float, float)
 .text._ZThn8_N4Pwm412_setupPwmOutEff
                0x0800619c        0x8 ..\obj\pin.o
                0x0800619c                non-virtual thunk to Pwm4::_setupPwmOut(float, float)
 .text._ZN4Pwm49_pwmWriteEf
                0x080061a4       0x20 ..\obj\pin.o
                0x080061a4                Pwm4::_pwmWrite(float)
 .text._ZThn8_N4Pwm49_pwmWriteEf
                0x080061c4        0x8 ..\obj\pin.o
                0x080061c4                non-virtual thunk to Pwm4::_pwmWrite(float)
 .text._ZN4Pwm49_pwmWriteEv
                0x080061cc       0x20 ..\obj\pin.o
                0x080061cc                Pwm4::_pwmWrite()
 .text._ZThn8_N4Pwm49_pwmWriteEv
                0x080061ec        0x8 ..\obj\pin.o
                0x080061ec                non-virtual thunk to Pwm4::_pwmWrite()
 .text._ZN4Pwm512_setupPwmOutEff
                0x080061f4       0x48 ..\obj\pin.o
                0x080061f4                Pwm5::_setupPwmOut(float, float)
 .text._ZThn8_N4Pwm512_setupPwmOutEff
                0x0800623c        0x8 ..\obj\pin.o
                0x0800623c                non-virtual thunk to Pwm5::_setupPwmOut(float, float)
 .text._ZN4Pwm59_pwmWriteEf
                0x08006244       0x20 ..\obj\pin.o
                0x08006244                Pwm5::_pwmWrite(float)
 .text._ZThn8_N4Pwm59_pwmWriteEf
                0x08006264        0x8 ..\obj\pin.o
                0x08006264                non-virtual thunk to Pwm5::_pwmWrite(float)
 .text._ZN4Pwm59_pwmWriteEv
                0x0800626c       0x20 ..\obj\pin.o
                0x0800626c                Pwm5::_pwmWrite()
 .text._ZThn8_N4Pwm59_pwmWriteEv
                0x0800628c        0x8 ..\obj\pin.o
                0x0800628c                non-virtual thunk to Pwm5::_pwmWrite()
 .text._ZN4Led212_setupPwmOutEff
                0x08006294       0x48 ..\obj\pin.o
                0x08006294                Led2::_setupPwmOut(float, float)
 .text._ZThn8_N4Led212_setupPwmOutEff
                0x080062dc        0x8 ..\obj\pin.o
                0x080062dc                non-virtual thunk to Led2::_setupPwmOut(float, float)
 .text._ZN4Led29_pwmWriteEf
                0x080062e4       0x20 ..\obj\pin.o
                0x080062e4                Led2::_pwmWrite(float)
 .text._ZThn8_N4Led29_pwmWriteEf
                0x08006304        0x8 ..\obj\pin.o
                0x08006304                non-virtual thunk to Led2::_pwmWrite(float)
 .text._ZN4Led29_pwmWriteEv
                0x0800630c       0x20 ..\obj\pin.o
                0x0800630c                Led2::_pwmWrite()
 .text._ZThn8_N4Led29_pwmWriteEv
                0x0800632c        0x8 ..\obj\pin.o
                0x0800632c                non-virtual thunk to Led2::_pwmWrite()
 .text._ZN4Led312_setupPwmOutEff
                0x08006334       0x48 ..\obj\pin.o
                0x08006334                Led3::_setupPwmOut(float, float)
 .text._ZThn8_N4Led312_setupPwmOutEff
                0x0800637c        0x8 ..\obj\pin.o
                0x0800637c                non-virtual thunk to Led3::_setupPwmOut(float, float)
 .text._ZN4Led39_pwmWriteEf
                0x08006384       0x20 ..\obj\pin.o
                0x08006384                Led3::_pwmWrite(float)
 .text._ZThn8_N4Led39_pwmWriteEf
                0x080063a4        0x8 ..\obj\pin.o
                0x080063a4                non-virtual thunk to Led3::_pwmWrite(float)
 .text._ZN4Led39_pwmWriteEv
                0x080063ac       0x20 ..\obj\pin.o
                0x080063ac                Led3::_pwmWrite()
 .text._ZThn8_N4Led39_pwmWriteEv
                0x080063cc        0x8 ..\obj\pin.o
                0x080063cc                non-virtual thunk to Led3::_pwmWrite()
 .text._ZN6Buzzer12_setupPwmOutEff
                0x080063d4       0x44 ..\obj\pin.o
                0x080063d4                Buzzer::_setupPwmOut(float, float)
 .text._ZThn8_N6Buzzer12_setupPwmOutEff
                0x08006418        0x8 ..\obj\pin.o
                0x08006418                non-virtual thunk to Buzzer::_setupPwmOut(float, float)
 .text._ZN6Buzzer9_pwmWriteEf
                0x08006420       0x20 ..\obj\pin.o
                0x08006420                Buzzer::_pwmWrite(float)
 .text._ZThn8_N6Buzzer9_pwmWriteEf
                0x08006440        0x8 ..\obj\pin.o
                0x08006440                non-virtual thunk to Buzzer::_pwmWrite(float)
 .text._ZN6Buzzer9_pwmWriteEv
                0x08006448       0x20 ..\obj\pin.o
                0x08006448                Buzzer::_pwmWrite()
 .text._ZThn8_N6Buzzer9_pwmWriteEv
                0x08006468        0x8 ..\obj\pin.o
                0x08006468                non-virtual thunk to Buzzer::_pwmWrite()
 .text._ZN7Serial06_setupEiR15SerialInterfaceii
                0x08006470       0x5c ..\obj\pin.o
                0x08006470                Serial0::_setup(int, SerialInterface&, int, int)
 .text._ZN7Serial09charWriteEc
                0x080064cc       0x1c ..\obj\pin.o
                0x080064cc                Serial0::charWrite(char)
 .text._Z17serial0_interruptv
                0x080064e8       0x2c ..\obj\pin.o
                0x080064e8                serial0_interrupt()
 .text._ZN7Serial08transmitEc
                0x08006514       0x3c ..\obj\pin.o
                0x08006514                Serial0::transmit(char)
 .text.USART2_IRQHandler
                0x08006550        0xc ..\obj\pin.o
                0x08006550                USART2_IRQHandler
 .text._ZN7Serial16_setupEiR15SerialInterfaceii
                0x0800655c       0x60 ..\obj\pin.o
                0x0800655c                Serial1::_setup(int, SerialInterface&, int, int)
 .text._Z17serial1_interruptv
                0x080065bc       0x2c ..\obj\pin.o
                0x080065bc                serial1_interrupt()
 .text.USART3_IRQHandler
                0x080065e8        0xc ..\obj\pin.o
                0x080065e8                USART3_IRQHandler
 .text._ZN7Serial19charWriteEc
                0x080065f4       0x1c ..\obj\pin.o
                0x080065f4                Serial1::charWrite(char)
 .text._ZN7Serial18transmitEc
                0x08006610       0x3c ..\obj\pin.o
                0x08006610                Serial1::transmit(char)
 .text.std_char_out
                0x0800664c       0x3c ..\obj\pin.o
                0x0800664c                std_char_out
 .text.std_char_out_setup
                0x08006688       0x60 ..\obj\pin.o
                0x08006688                std_char_out_setup
 .text._ZN3CanC2Ev
                0x080066e8       0x20 ..\obj\pin.o
                0x080066e8                Can::Can()
                0x080066e8                Can::Can()
 .text._ZN4Can0C2Ev
                0x08006708       0x34 ..\obj\pin.o
                0x08006708                Can0::Can0()
                0x08006708                Can0::Can0()
 .text._ZN4Can05setupEv
                0x0800673c       0x74 ..\obj\pin.o
                0x0800673c                Can0::setup()
 .text._ZN4Can013setupLoopBackEv
                0x080067b0       0x58 ..\obj\pin.o
                0x080067b0                Can0::setupLoopBack()
 .text._ZN4Can012addInterfaceER12CanInterface
                0x08006808       0x44 ..\obj\pin.o
                0x08006808                Can0::addInterface(CanInterface&)
 .text._ZN4Can05setIdEi
                0x0800684c       0xa8 ..\obj\pin.o
                0x0800684c                Can0::setId(int)
 .text._ZN4Can08setIdAllEv
                0x080068f4       0x38 ..\obj\pin.o
                0x080068f4                Can0::setIdAll()
 .text._ZN4Can04readEiiPh
                0x0800692c       0x80 ..\obj\pin.o
                0x0800692c                Can0::read(int, int, unsigned char*)
 .text._ZN4Can05writeEiiPh
                0x080069ac       0xe4 ..\obj\pin.o
                0x080069ac                Can0::write(int, int, unsigned char*)
 .text._Z14Can0_Interruptv
                0x08006a90       0x48 ..\obj\pin.o
                0x08006a90                Can0_Interrupt()
 .text.CAN1_RX0_IRQHandler
                0x08006ad8        0xc ..\obj\pin.o
                0x08006ad8                CAN1_RX0_IRQHandler
 .text._ZN10RingBufferIcLi256EE7isEmptyEv
                0x08006ae4       0x2c ..\obj\pin.o
                0x08006ae4                RingBuffer<char, 256>::isEmpty()
 .text._ZN10RingBufferIcLi256EE4readEv
                0x08006b10       0x5c ..\obj\pin.o
                0x08006b10                RingBuffer<char, 256>::read()
 .text._ZN7EncoderC2Ev
                0x08006b6c       0x34 ..\obj\main.o
                0x08006b6c                Encoder::Encoder()
                0x08006b6c                Encoder::Encoder()
 .text._ZN4Enc0C2Ev
                0x08006ba0       0x24 ..\obj\main.o
                0x08006ba0                Enc0::Enc0()
                0x08006ba0                Enc0::Enc0()
 .text._ZN4Enc1C2Ev
                0x08006bc4       0x24 ..\obj\main.o
                0x08006bc4                Enc1::Enc1()
                0x08006bc4                Enc1::Enc1()
 .text._ZN4Enc2C2Ev
                0x08006be8       0x24 ..\obj\main.o
                0x08006be8                Enc2::Enc2()
                0x08006be8                Enc2::Enc2()
 .text._ZN8PositionC2ER7EncoderS1_S1_
                0x08006c0c      0x160 ..\obj\main.o
                0x08006c0c                Position::Position(Encoder&, Encoder&, Encoder&)
                0x08006c0c                Position::Position(Encoder&, Encoder&, Encoder&)
 .text.main     0x08006d6c      0x204 ..\obj\main.o
                0x08006d6c                main
 .text.RCC_GetClocksFreq
                0x08006f70      0x154 ..\obj\stm32f4xx_rcc.o
                0x08006f70                RCC_GetClocksFreq
 .text.RCC_AHB1PeriphClockCmd
                0x080070c4       0x3c ..\obj\stm32f4xx_rcc.o
                0x080070c4                RCC_AHB1PeriphClockCmd
 .text.RCC_APB1PeriphClockCmd
                0x08007100       0x3c ..\obj\stm32f4xx_rcc.o
                0x08007100                RCC_APB1PeriphClockCmd
 .text.RCC_APB2PeriphClockCmd
                0x0800713c       0x3c ..\obj\stm32f4xx_rcc.o
                0x0800713c                RCC_APB2PeriphClockCmd
 .text.RCC_APB1PeriphResetCmd
                0x08007178       0x3c ..\obj\stm32f4xx_rcc.o
                0x08007178                RCC_APB1PeriphResetCmd
 .text.RCC_APB2PeriphResetCmd
                0x080071b4       0x3c ..\obj\stm32f4xx_rcc.o
                0x080071b4                RCC_APB2PeriphResetCmd
 .text.system_setup
                0x080071f0       0x2c ..\obj\system.o
                0x080071f0                system_setup
 .text.ADC_DeInit
                0x0800721c       0x1c ..\obj\stm32f4xx_adc.o
                0x0800721c                ADC_DeInit
 .text.ADC_Init
                0x08007238       0xa8 ..\obj\stm32f4xx_adc.o
                0x08007238                ADC_Init
 .text.ADC_StructInit
                0x080072e0       0x3c ..\obj\stm32f4xx_adc.o
                0x080072e0                ADC_StructInit
 .text.ADC_CommonInit
                0x0800731c       0x50 ..\obj\stm32f4xx_adc.o
                0x0800731c                ADC_CommonInit
 .text.ADC_CommonStructInit
                0x0800736c       0x2c ..\obj\stm32f4xx_adc.o
                0x0800736c                ADC_CommonStructInit
 .text.ADC_Cmd  0x08007398       0x38 ..\obj\stm32f4xx_adc.o
                0x08007398                ADC_Cmd
 .text.ADC_RegularChannelConfig
                0x080073d0      0x194 ..\obj\stm32f4xx_adc.o
                0x080073d0                ADC_RegularChannelConfig
 .text.ADC_SoftwareStartConv
                0x08007564       0x20 ..\obj\stm32f4xx_adc.o
                0x08007564                ADC_SoftwareStartConv
 .text.ADC_DMACmd
                0x08007584       0x38 ..\obj\stm32f4xx_adc.o
                0x08007584                ADC_DMACmd
 .text.ADC_DMARequestAfterLastTransferCmd
                0x080075bc       0x38 ..\obj\stm32f4xx_adc.o
                0x080075bc                ADC_DMARequestAfterLastTransferCmd
 .text._ZN12CanInterface17canInterfaceSetupEP3Can
                0x080075f4       0x20 ..\obj\can.o
                0x080075f4                CanInterface::canInterfaceSetup(Can*)
 .text._ZN12CanInterface8canSetupEv
                0x08007614       0x24 ..\obj\can.o
                0x08007614                CanInterface::canSetup()
 .text._ZN12CanInterface8canWriteEiiPh
                0x08007638       0x30 ..\obj\can.o
                0x08007638                CanInterface::canWrite(int, int, unsigned char*)
 .text._ZN12CanInterface8canSetIdEi
                0x08007668       0x28 ..\obj\can.o
                0x08007668                CanInterface::canSetId(int)
 .text.Select_ADC_channel
                0x08007690      0x100 ..\obj\config_adc.o
                0x08007690                Select_ADC_channel
 .text.Init_ADC1
                0x08007790      0x1d0 ..\obj\config_adc.o
                0x08007790                Init_ADC1
 .text.get_ADC1_value
                0x08007960       0x64 ..\obj\config_adc.o
                0x08007960                get_ADC1_value
 .text._ZN4Pwm3C2Ev
                0x080079c4       0x40 ..\obj\motor.o
                0x080079c4                Pwm3::Pwm3()
                0x080079c4                Pwm3::Pwm3()
 .text._ZN4CCW3C2Ev
                0x08007a04       0x24 ..\obj\motor.o
                0x08007a04                CCW3::CCW3()
                0x08007a04                CCW3::CCW3()
 .text._ZN3CW3C2Ev
                0x08007a28       0x24 ..\obj\motor.o
                0x08007a28                CW3::CW3()
                0x08007a28                CW3::CW3()
 .text._ZN5MotorC2Ev
                0x08007a4c      0x164 ..\obj\motor.o
                0x08007a4c                Motor::Motor()
                0x08007a4c                Motor::Motor()
 .text._ZN5Motor12motorControlERfS0_
                0x08007bb0      0x198 ..\obj\motor.o
                0x08007bb0                Motor::motorControl(float&, float&)
 .text._ZN5Motor10degreeLockERf
                0x08007d48      0x118 ..\obj\motor.o
                0x08007d48                Motor::degreeLock(float&)
 .text._ZN5Motor11dutyCleanUpEv
                0x08007e60       0xf4 ..\obj\motor.o
                0x08007e60                Motor::dutyCleanUp()
 .text._ZN5Motor4lastEv
                0x08007f54      0x26c ..\obj\motor.o
                0x08007f54                Motor::last()
 .text.NMI_Handler
                0x080081c0       0x1c ..\obj\error.o
                0x080081c0                NMI_Handler
 .text.HardFault_Handler
                0x080081dc       0x1c ..\obj\error.o
                0x080081dc                HardFault_Handler
 .text.MemManage_Handler
                0x080081f8       0x1c ..\obj\error.o
                0x080081f8                MemManage_Handler
 .text.BusFault_Handler
                0x08008214       0x1c ..\obj\error.o
                0x08008214                BusFault_Handler
 .text.UsageFault_Handler
                0x08008230       0x1c ..\obj\error.o
                0x08008230                UsageFault_Handler
 .text.SVC_Handler
                0x0800824c       0x1c ..\obj\error.o
                0x0800824c                SVC_Handler
 .text.DebugMon_Handler
                0x08008268       0x1c ..\obj\error.o
                0x08008268                DebugMon_Handler
 .text.PendSV_Handler
                0x08008284       0x1c ..\obj\error.o
                0x08008284                PendSV_Handler
 .text.NVIC_SetPriority
                0x080082a0       0x54 ..\obj\config_systick.o
 .text.SysTick_Config
                0x080082f4       0x44 ..\obj\config_systick.o
 .text.Init_SysTick
                0x08008338       0x44 ..\obj\config_systick.o
                0x08008338                Init_SysTick
 .text.SD_ProcessIRQSrc
                0x0800837c       0xc8 ..\obj\stm32_ub_sdcard.o
                0x0800837c                SD_ProcessIRQSrc
 .text.SD_ProcessDMAIRQ
                0x08008444       0x30 ..\obj\stm32_ub_sdcard.o
                0x08008444                SD_ProcessDMAIRQ
 .text.SDIO_IRQHandler
                0x08008474        0xc ..\obj\stm32_ub_sdcard.o
                0x08008474                SDIO_IRQHandler
 .text.DMA2_Stream3_IRQHandler
                0x08008480        0xc ..\obj\stm32_ub_sdcard.o
                0x08008480                DMA2_Stream3_IRQHandler
 .text.GPIO_Init
                0x0800848c      0x11c ..\obj\stm32f4xx_gpio.o
                0x0800848c                GPIO_Init
 .text.GPIO_StructInit
                0x080085a8       0x34 ..\obj\stm32f4xx_gpio.o
                0x080085a8                GPIO_StructInit
 .text.GPIO_ReadInputDataBit
                0x080085dc       0x34 ..\obj\stm32f4xx_gpio.o
                0x080085dc                GPIO_ReadInputDataBit
 .text.GPIO_ReadOutputDataBit
                0x08008610       0x34 ..\obj\stm32f4xx_gpio.o
                0x08008610                GPIO_ReadOutputDataBit
 .text.GPIO_SetBits
                0x08008644       0x1c ..\obj\stm32f4xx_gpio.o
                0x08008644                GPIO_SetBits
 .text.GPIO_ResetBits
                0x08008660       0x1c ..\obj\stm32f4xx_gpio.o
                0x08008660                GPIO_ResetBits
 .text.GPIO_PinAFConfig
                0x0800867c       0x90 ..\obj\stm32f4xx_gpio.o
                0x0800867c                GPIO_PinAFConfig
 .text.SystemInit
                0x0800870c       0x58 ..\obj\system_stm32f4xx.o
                0x0800870c                SystemInit
 .text.SystemCoreClockUpdate
                0x08008764       0xf8 ..\obj\system_stm32f4xx.o
                0x08008764                SystemCoreClockUpdate
 .text.SetSysClock
                0x0800885c       0xf4 ..\obj\system_stm32f4xx.o
 .text._sbrk    0x08008950       0x40 ..\obj\syscalls.o
                0x08008950                _sbrk
 .text._close   0x08008990       0x18 ..\obj\syscalls.o
                0x08008990                _close
 .text._fstat   0x080089a8       0x20 ..\obj\syscalls.o
                0x080089a8                _fstat
 .text._isatty  0x080089c8       0x18 ..\obj\syscalls.o
                0x080089c8                _isatty
 .text._lseek   0x080089e0       0x1c ..\obj\syscalls.o
                0x080089e0                _lseek
 .text._read    0x080089fc       0x1c ..\obj\syscalls.o
                0x080089fc                _read
 .text._write   0x08008a18       0x38 ..\obj\syscalls.o
                0x08008a18                _write
 .text.abort    0x08008a50        0x8 ..\obj\syscalls.o
                0x08008a50                abort
 .text.DMA_DeInit
                0x08008a58      0x1a4 ..\obj\stm32f4xx_dma.o
                0x08008a58                DMA_DeInit
 .text.DMA_Init
                0x08008bfc       0xac ..\obj\stm32f4xx_dma.o
                0x08008bfc                DMA_Init
 .text.DMA_StructInit
                0x08008ca8       0x6c ..\obj\stm32f4xx_dma.o
                0x08008ca8                DMA_StructInit
 .text.DMA_Cmd  0x08008d14       0x38 ..\obj\stm32f4xx_dma.o
                0x08008d14                DMA_Cmd
 .text.DMA_ClearFlag
                0x08008d4c       0x5c ..\obj\stm32f4xx_dma.o
                0x08008d4c                DMA_ClearFlag
 .text._ZN8Position6radianEv
                0x08008da8      0x2f8 ..\obj\position.o
                0x08008da8                Position::radian()
 .text._ZN8Position12selfPositionEv
                0x080090a0      0x348 ..\obj\position.o
                0x080090a0                Position::selfPosition()
 .text.USB_OTG_BSP_uDelay
                0x080093e8       0x48 ..\obj\usb_bsp.o
                0x080093e8                USB_OTG_BSP_uDelay
 .text.USBD_StdDevReq
                0x08009430       0xa0 ..\obj\usbd_req.o
                0x08009430                USBD_StdDevReq
 .text.USBD_StdItfReq
                0x080094d0       0x68 ..\obj\usbd_req.o
                0x080094d0                USBD_StdItfReq
 .text.USBD_StdEPReq
                0x08009538      0x1b0 ..\obj\usbd_req.o
                0x08009538                USBD_StdEPReq
 .text.USBD_GetDescriptor
                0x080096e8      0x1b8 ..\obj\usbd_req.o
 .text.USBD_SetAddress
                0x080098a0       0x7c ..\obj\usbd_req.o
 .text.USBD_SetConfig
                0x0800991c       0xf4 ..\obj\usbd_req.o
 .text.USBD_GetConfig
                0x08009a10       0x60 ..\obj\usbd_req.o
 .text.USBD_GetStatus
                0x08009a70       0x50 ..\obj\usbd_req.o
 .text.USBD_SetFeature
                0x08009ac0       0xcc ..\obj\usbd_req.o
 .text.USBD_ClrFeature
                0x08009b8c       0x50 ..\obj\usbd_req.o
 .text.USBD_ParseSetupRequest
                0x08009bdc       0x90 ..\obj\usbd_req.o
                0x08009bdc                USBD_ParseSetupRequest
 .text.USBD_CtlError
                0x08009c6c       0x48 ..\obj\usbd_req.o
                0x08009c6c                USBD_CtlError
 .text.USBD_OTG_ISR_Handler
                0x08009cb4      0x15c ..\obj\usb_dcd_int.o
                0x08009cb4                USBD_OTG_ISR_Handler
 .text.DCD_HandleResume_ISR
                0x08009e10       0x80 ..\obj\usb_dcd_int.o
 .text.DCD_HandleUSBSuspend_ISR
                0x08009e90       0x9c ..\obj\usb_dcd_int.o
 .text.DCD_HandleInEP_ISR
                0x08009f2c      0x1ec ..\obj\usb_dcd_int.o
 .text.DCD_HandleOutEP_ISR
                0x0800a118      0x178 ..\obj\usb_dcd_int.o
 .text.DCD_HandleSof_ISR
                0x0800a290       0x34 ..\obj\usb_dcd_int.o
 .text.DCD_HandleRxStatusQueueLevel_ISR
                0x0800a2c4      0x104 ..\obj\usb_dcd_int.o
 .text.DCD_WriteEmptyTxFifo
                0x0800a3c8       0xe4 ..\obj\usb_dcd_int.o
 .text.DCD_HandleUsbReset_ISR
                0x0800a4ac      0x138 ..\obj\usb_dcd_int.o
 .text.DCD_HandleEnumDone_ISR
                0x0800a5e4       0x78 ..\obj\usb_dcd_int.o
 .text.DCD_IsoINIncomplete_ISR
                0x0800a65c       0x34 ..\obj\usb_dcd_int.o
 .text.DCD_IsoOUTIncomplete_ISR
                0x0800a690       0x34 ..\obj\usb_dcd_int.o
 .text.DCD_ReadDevInEP
                0x0800a6c4       0x50 ..\obj\usb_dcd_int.o
 .text.EXTI_ClearITPendingBit
                0x0800a714       0x1c ..\obj\stm32f4xx_exti.o
                0x0800a714                EXTI_ClearITPendingBit
 .text.Analysis_GPIO_Pin
                0x0800a730      0x168 ..\obj\name_converter.o
                0x0800a730                Analysis_GPIO_Pin
 .text.GPIO_af_USART_select
                0x0800a898       0x84 ..\obj\name_converter.o
                0x0800a898                GPIO_af_USART_select
 .text.USART_irqn_select
                0x0800a91c       0x84 ..\obj\name_converter.o
                0x0800a91c                USART_irqn_select
 .text.Tim_irqn_select
                0x0800a9a0       0x94 ..\obj\name_converter.o
                0x0800a9a0                Tim_irqn_select
 .text.RCC_PeriphClock_TIM
                0x0800aa34      0x1b0 ..\obj\name_converter.o
                0x0800aa34                RCC_PeriphClock_TIM
 .text.RCC_PeriphClock_USART
                0x0800abe4      0x12c ..\obj\name_converter.o
                0x0800abe4                RCC_PeriphClock_USART
 .text.NVIC_Configuration
                0x0800ad10       0x2c ..\obj\name_converter.o
                0x0800ad10                NVIC_Configuration
 .text.Pin_select_source
                0x0800ad3c       0xec ..\obj\name_converter.o
                0x0800ad3c                Pin_select_source
 .text.Tim_select_af
                0x0800ae28       0xb8 ..\obj\name_converter.o
                0x0800ae28                Tim_select_af
 .text.NVIC_PriorityGroupConfig
                0x0800aee0       0x24 ..\obj\misc.o
                0x0800aee0                NVIC_PriorityGroupConfig
 .text.NVIC_Init
                0x0800af04       0xc0 ..\obj\misc.o
                0x0800af04                NVIC_Init
 .text.DCD_EP_Open
                0x0800afc4       0xa8 ..\obj\usb_dcd.o
                0x0800afc4                DCD_EP_Open
 .text.DCD_EP_PrepareRx
                0x0800b06c       0x84 ..\obj\usb_dcd.o
                0x0800b06c                DCD_EP_PrepareRx
 .text.DCD_EP_Tx
                0x0800b0f0       0x78 ..\obj\usb_dcd.o
                0x0800b0f0                DCD_EP_Tx
 .text.DCD_EP_Stall