Archive member included because of file (symbol)

c:/program files (x86)/gnu tools arm embedded/4.9 2014q4/bin/../lib/gcc/arm-none-eabi/4.9.3/../../../../arm-none-eabi/lib/armv7e-m\libm.a(lib_a-s_cos.o)
                              ..\obj\utilplus.o (cos)
c:/program files (x86)/gnu tools arm embedded/4.9 2014q4/bin/../lib/gcc/arm-none-eabi/4.9.3/../../../../arm-none-eabi/lib/armv7e-m\libm.a(lib_a-s_sin.o)
                              ..\obj\utilplus.o (sin)
c:/program files (x86)/gnu tools arm embedded/4.9 2014q4/bin/../lib/gcc/arm-none-eabi/4.9.3/../../../../arm-none-eabi/lib/armv7e-m\libm.a(lib_a-sf_cos.o)
                              ..\obj\utilplus.o (cosf)
c:/program files (x86)/gnu tools arm embedded/4.9 2014q4/bin/../lib/gcc/arm-none-eabi/4.9.3/../../../../arm-none-eabi/lib/armv7e-m\libm.a(lib_a-sf_sin.o)
                              ..\obj\utilplus.o (sinf)
c:/program files (x86)/gnu tools arm embedded/4.9 2014q4/bin/../lib/gcc/arm-none-eabi/4.9.3/../../../../arm-none-eabi/lib/armv7e-m\libm.a(lib_a-w_hypot.o)
                              ..\obj\motor.o (hypot)
c:/program files (x86)/gnu tools arm embedded/4.9 2014q4/bin/../lib/gcc/arm-none-eabi/4.9.3/../../../../arm-none-eabi/lib/armv7e-m\libm.a(lib_a-w_pow.o)
                              ..\obj\name_converter.o (pow)
c:/program files (x86)/gnu tools arm embedded/4.9 2014q4/bin/../lib/gcc/arm-none-eabi/4.9.3/../../../../arm-none-eabi/lib/armv7e-m\libm.a(lib_a-wf_acos.o)
                              ..\obj\utilplus.o (acosf)
c:/program files (x86)/gnu tools arm embedded/4.9 2014q4/bin/../lib/gcc/arm-none-eabi/4.9.3/../../../../arm-none-eabi/lib/armv7e-m\libm.a(lib_a-wf_atan2.o)
                              ..\obj\utilplus.o (atan2f)
c:/program files (x86)/gnu tools arm embedded/4.9 2014q4/bin/../lib/gcc/arm-none-eabi/4.9.3/../../../../arm-none-eabi/lib/armv7e-m\libm.a(lib_a-wf_pow.o)
                              ..\obj\utilplus.o (powf)
c:/program files (x86)/gnu tools arm embedded/4.9 2014q4/bin/../lib/gcc/arm-none-eabi/4.9.3/../../../../arm-none-eabi/lib/armv7e-m\libm.a(lib_a-wf_sqrt.o)
                              ..\obj\utilplus.o (sqrtf)
c:/program files (x86)/gnu tools arm embedded/4.9 2014q4/bin/../lib/gcc/arm-none-eabi/4.9.3/../../../../arm-none-eabi/lib/armv7e-m\libm.a(lib_a-e_hypot.o)
                              c:/program files (x86)/gnu tools arm embedded/4.9 2014q4/bin/../lib/gcc/arm-none-eabi/4.9.3/../../../../arm-none-eabi/lib/armv7e-m\libm.a(lib_a-w_hypot.o) (__ieee754_hypot)
c:/program files (x86)/gnu tools arm embedded/4.9 2014q4/bin/../lib/gcc/arm-none-eabi/4.9.3/../../../../arm-none-eabi/lib/armv7e-m\libm.a(lib_a-e_pow.o)
                              c:/program files (x86)/gnu tools arm embedded/4.9 2014q4/bin/../lib/gcc/arm-none-eabi/4.9.3/../../../../arm-none-eabi/lib/armv7e-m\libm.a(lib_a-w_pow.o) (__ieee754_pow)
c:/program files (x86)/gnu tools arm embedded/4.9 2014q4/bin/../lib/gcc/arm-none-eabi/4.9.3/../../../../arm-none-eabi/lib/armv7e-m\libm.a(lib_a-e_rem_pio2.o)
                              c:/program files (x86)/gnu tools arm embedded/4.9 2014q4/bin/../lib/gcc/arm-none-eabi/4.9.3/../../../../arm-none-eabi/lib/armv7e-m\libm.a(lib_a-s_cos.o) (__ieee754_rem_pio2)
c:/program files (x86)/gnu tools arm embedded/4.9 2014q4/bin/../lib/gcc/arm-none-eabi/4.9.3/../../../../arm-none-eabi/lib/armv7e-m\libm.a(lib_a-e_sqrt.o)
                              c:/program files (x86)/gnu tools arm embedded/4.9 2014q4/bin/../lib/gcc/arm-none-eabi/4.9.3/../../../../arm-none-eabi/lib/armv7e-m\libm.a(lib_a-e_hypot.o) (__ieee754_sqrt)
c:/program files (x86)/gnu tools arm embedded/4.9 2014q4/bin/../lib/gcc/arm-none-eabi/4.9.3/../../../../arm-none-eabi/lib/armv7e-m\libm.a(lib_a-ef_acos.o)
                              c:/program files (x86)/gnu tools arm embedded/4.9 2014q4/bin/../lib/gcc/arm-none-eabi/4.9.3/../../../../arm-none-eabi/lib/armv7e-m\libm.a(lib_a-wf_acos.o) (__ieee754_acosf)
c:/program files (x86)/gnu tools arm embedded/4.9 2014q4/bin/../lib/gcc/arm-none-eabi/4.9.3/../../../../arm-none-eabi/lib/armv7e-m\libm.a(lib_a-ef_atan2.o)
                              c:/program files (x86)/gnu tools arm embedded/4.9 2014q4/bin/../lib/gcc/arm-none-eabi/4.9.3/../../../../arm-none-eabi/lib/armv7e-m\libm.a(lib_a-wf_atan2.o) (__ieee754_atan2f)
c:/program files (x86)/gnu tools arm embedded/4.9 2014q4/bin/../lib/gcc/arm-none-eabi/4.9.3/../../../../arm-none-eabi/lib/armv7e-m\libm.a(lib_a-ef_pow.o)
                              c:/program files (x86)/gnu tools arm embedded/4.9 2014q4/bin/../lib/gcc/arm-none-eabi/4.9.3/../../../../arm-none-eabi/lib/armv7e-m\libm.a(lib_a-wf_pow.o) (__ieee754_powf)
c:/program files (x86)/gnu tools arm embedded/4.9 2014q4/bin/../lib/gcc/arm-none-eabi/4.9.3/../../../../arm-none-eabi/lib/armv7e-m\libm.a(lib_a-ef_rem_pio2.o)
[...]
Memory Configuration

Name             Origin             Length             Attributes
rom              0x08000000         0x00100000         xr
ram              0x20000000         0x00020000         xrw
ram1             0x10000000         0x00010000         xrw
*default*        0x00000000         0xffffffff

Linker script and memory map

LOAD c:/program files (x86)/gnu tools arm embedded/4.9 2014q4/bin/../lib/gcc/arm-none-eabi/4.9.3/armv7e-m/crti.o
LOAD c:/program files (x86)/gnu tools arm embedded/4.9 2014q4/bin/../lib/gcc/arm-none-eabi/4.9.3/armv7e-m/crtbegin.o
LOAD c:/program files (x86)/gnu tools arm embedded/4.9 2014q4/bin/../lib/gcc/arm-none-eabi/4.9.3/../../../../arm-none-eabi/lib/armv7e-m/crt0.o
                0x20020000                _eram = 0x20020000

.text           0x08000000    0x237f0
 *(.isr_vector)
 .isr_vector    0x08000000      0x188 ..\obj\startup_stm32f4xx.o
                0x08000000                g_pfnVectors
 *(.text*)
 .text          0x08000188       0x5c c:/program files (x86)/gnu tools arm embedded/4.9 2014q4/bin/../lib/gcc/arm-none-eabi/4.9.3/armv7e-m/crtbegin.o
 .text.Set_duty
                0x080001e4       0xc4 ..\obj\config_pwm.o
                0x080001e4                Set_duty
 .text.Read_duty
                0x080002a8       0x68 ..\obj\config_pwm.o
                0x080002a8                Read_duty
 .text.Init_PWM
                0x08000310      0x2b4 ..\obj\config_pwm.o
                0x08000310                Init_PWM
 .text.USB_OTG_WritePacket
                0x080005c4       0x78 ..\obj\usb_core.o
                0x080005c4                USB_OTG_WritePacket
 .text.USB_OTG_ReadPacket
                0x0800063c       0x58 ..\obj\usb_core.o
                0x0800063c                USB_OTG_ReadPacket
 .text.USB_OTG_FlushTxFifo
                0x08000694       0x7c ..\obj\usb_core.o
                0x08000694                USB_OTG_FlushTxFifo
 .text.USB_OTG_GetMode
                0x08000710       0x20 ..\obj\usb_core.o
                0x08000710                USB_OTG_GetMode
 .text.USB_OTG_IsDeviceMode
                0x08000730       0x24 ..\obj\usb_core.o
                0x08000730                USB_OTG_IsDeviceMode
 .text.USB_OTG_ReadCoreItr
                0x08000754       0x30 ..\obj\usb_core.o
                0x08000754                USB_OTG_ReadCoreItr
 .text.USB_OTG_GetDeviceSpeed
                0x08000784       0x48 ..\obj\usb_core.o
                0x08000784                USB_OTG_GetDeviceSpeed
 .text.USB_OTG_EP0Activate
                0x080007cc       0x78 ..\obj\usb_core.o
                0x080007cc                USB_OTG_EP0Activate
 .text.USB_OTG_EPActivate
                0x08000844       0xdc ..\obj\usb_core.o
                0x08000844                USB_OTG_EPActivate
 .text.USB_OTG_EPStartXfer
                0x08000920      0x280 ..\obj\usb_core.o
                0x08000920                USB_OTG_EPStartXfer
 .text.USB_OTG_EP0StartXfer
                0x08000ba0      0x1d4 ..\obj\usb_core.o
                0x08000ba0                USB_OTG_EP0StartXfer
 .text.USB_OTG_EPSetStall
                0x08000d74       0x88 ..\obj\usb_core.o
                0x08000d74                USB_OTG_EPSetStall
 .text.USB_OTG_EPClearStall
                0x08000dfc       0x78 ..\obj\usb_core.o
                0x08000dfc                USB_OTG_EPClearStall
 .text.USB_OTG_ReadDevAllOutEp_itr
                0x08000e74       0x2c ..\obj\usb_core.o
                0x08000e74                USB_OTG_ReadDevAllOutEp_itr
 .text.USB_OTG_ReadDevOutEP_itr
                0x08000ea0       0x38 ..\obj\usb_core.o
                0x08000ea0                USB_OTG_ReadDevOutEP_itr
 .text.USB_OTG_ReadDevAllInEPItr
                0x08000ed8       0x2c ..\obj\usb_core.o
                0x08000ed8                USB_OTG_ReadDevAllInEPItr
 .text.USB_OTG_EP0_OutStart
                0x08000f04       0x70 ..\obj\usb_core.o
                0x08000f04                USB_OTG_EP0_OutStart
 .text.USB_OTG_UngateClock
                0x08000f74       0x54 ..\obj\usb_core.o
                0x08000f74                USB_OTG_UngateClock
 .text._ZN15SerialInterface16serialReadStringEPc
                0x08000fc8       0x14 ..\obj\control.o
                0x08000fc8                SerialInterface::serialReadString(char*)
 .text._ZN15SerialInterfaceC2Ev
                0x08000fdc       0x28 ..\obj\control.o
                0x08000fdc                SerialInterface::SerialInterface()
                0x08000fdc                SerialInterface::SerialInterface()
 .text._ZN6Serial8ReceiverC2EPS_
                0x08001004       0x38 ..\obj\control.o
                0x08001004                Serial::Receiver::Receiver(Serial*)
                0x08001004                Serial::Receiver::Receiver(Serial*)
 .text._ZN6Serial8Receiver14serialReadCharEc
                0x0800103c       0x60 ..\obj\control.o
                0x0800103c                Serial::Receiver::serialReadChar(char)
 .text._ZN6Serial5setupEiii
                0x0800109c       0x4c ..\obj\control.o
                0x0800109c                Serial::setup(int, int, int)
 .text._ZN7Digital14setupDigitalInEv
                0x080010e8       0x34 ..\obj\control.o
                0x080010e8                Digital::setupDigitalIn()
 .text._ZN7Digital15setupDigitalOutEv
                0x0800111c       0x34 ..\obj\control.o
                0x0800111c                Digital::setupDigitalOut()
 .text._ZN7Digital20setupDigitalInPullUpEv
                0x08001150       0x34 ..\obj\control.o
                0x08001150                Digital::setupDigitalInPullUp()
 .text._ZN7Digital22setupDigitalInPullDownEv
                0x08001184       0x34 ..\obj\control.o
                0x08001184                Digital::setupDigitalInPullDown()
 .text._ZN7Digital12digitalWriteEi
                0x080011b8       0x68 ..\obj\control.o
                0x080011b8                Digital::digitalWrite(int)
 .text._ZN7Digital11digitalReadEv
                0x08001220       0x40 ..\obj\control.o
                0x08001220                Digital::digitalRead()
 .text._ZN7Digital11digitalHighEv
                0x08001260       0x1c ..\obj\control.o
                0x08001260                Digital::digitalHigh()
 .text._ZN7Digital10digitalLowEv
                0x0800127c       0x1c ..\obj\control.o
                0x0800127c                Digital::digitalLow()
 .text._ZN7Digital13digitalToggleEv
                0x08001298       0x34 ..\obj\control.o
                0x08001298                Digital::digitalToggle()
 .text._ZN3Pwm11setupPwmOutEff
                0x080012cc       0x24 ..\obj\control.o
                0x080012cc                Pwm::setupPwmOut(float, float)
 .text._ZN3Pwm8pwmWriteEf
                0x080012f0       0x20 ..\obj\control.o
                0x080012f0                Pwm::pwmWrite(float)
 .text._ZN3Pwm8pwmWriteEv
                0x08001310       0x20 ..\obj\control.o
                0x08001310                Pwm::pwmWrite()
 .text._ZN7DigitalC2Ev
                0x08001330       0x20 ..\obj\control.o
                0x08001330                Digital::Digital()
                0x08001330                Digital::Digital()
 .text._ZN3PwmC2Ev
                0x08001350       0x20 ..\obj\control.o
                0x08001350                Pwm::Pwm()
                0x08001350                Pwm::Pwm()
 .text._ZN4Pwm0C2Ev
                0x08001370       0x40 ..\obj\control.o
                0x08001370                Pwm0::Pwm0()
                0x08001370                Pwm0::Pwm0()
 .text._ZN4Pwm1C2Ev
                0x080013b0       0x40 ..\obj\control.o
                0x080013b0                Pwm1::Pwm1()
                0x080013b0                Pwm1::Pwm1()
 .text._ZN4Pwm2C2Ev
                0x080013f0       0x40 ..\obj\control.o
                0x080013f0                Pwm2::Pwm2()
                0x080013f0                Pwm2::Pwm2()
 .text._ZN6SerialC2Ev
                0x08001430       0x20 ..\obj\control.o
                0x08001430                Serial::Serial()
                0x08001430                Serial::Serial()
 .text._ZN7Serial0C2Ev
                0x08001450       0x24 ..\obj\control.o
                0x08001450                Serial0::Serial0()
                0x08001450                Serial0::Serial0()
 .text._ZN3Sw0C2Ev
                0x08001474       0x24 ..\obj\control.o
                0x08001474                Sw0::Sw0()
                0x08001474                Sw0::Sw0()
 .text._ZN3Sw1C2Ev
                0x08001498       0x24 ..\obj\control.o
                0x08001498                Sw1::Sw1()
                0x08001498                Sw1::Sw1()
 .text._ZN3Sw2C2Ev
                0x080014bc       0x24 ..\obj\control.o
                0x080014bc                Sw2::Sw2()
                0x080014bc                Sw2::Sw2()
 .text._ZN4CCW0C2Ev
                0x080014e0       0x24 ..\obj\control.o
                0x080014e0                CCW0::CCW0()
                0x080014e0                CCW0::CCW0()
 .text._ZN4CCW1C2Ev
                0x08001504       0x24 ..\obj\control.o
                0x08001504                CCW1::CCW1()
                0x08001504                CCW1::CCW1()
 .text._ZN4CCW2C2Ev
                0x08001528       0x24 ..\obj\control.o
                0x08001528                CCW2::CCW2()
                0x08001528                CCW2::CCW2()
 .text._ZN3CW0C2Ev
                0x0800154c       0x24 ..\obj\control.o
                0x0800154c                CW0::CW0()
                0x0800154c                CW0::CW0()
 .text._ZN3CW1C2Ev
                0x08001570       0x24 ..\obj\control.o
                0x08001570                CW1::CW1()
                0x08001570                CW1::CW1()
 .text._ZN3CW2C2Ev
                0x08001594       0x24 ..\obj\control.o
                0x08001594                CW2::CW2()
                0x08001594                CW2::CW2()
 .text._ZN10ConnectionC2Ev
                0x080015b8      0x25c ..\obj\control.o
                0x080015b8                Connection::Connection()
                0x080015b8                Connection::Connection()
 .text._ZN10Connection7switch0Ev
                0x08001814      0x108 ..\obj\control.o
                0x08001814                Connection::switch0()
 .text._ZN10Connection2xyERfS0_S0_
                0x0800191c       0x80 ..\obj\control.o
                0x0800191c                Connection::xy(float&, float&, float&)
 .text._ZN10Connection10indicationERiS0_S0_RfS1_S1_
                0x0800199c       0x78 ..\obj\control.o
                0x0800199c                Connection::indication(int&, int&, int&, float&, float&, float&)
 .text._ZN10RingBufferIcLi256EEC2Ev
                0x08001a14       0x28 ..\obj\control.o
                0x08001a14                RingBuffer<char, 256>::RingBuffer()
                0x08001a14                RingBuffer<char, 256>::RingBuffer()
 .text._ZN10RingBufferIcLi256EE5writeEc
                0x08001a3c       0x60 ..\obj\control.o
                0x08001a3c                RingBuffer<char, 256>::write(char)
 .text.Init_port
                0x08001a9c       0xc4 ..\obj\config_port.o
                0x08001a9c                Init_port
 .text.SDIO_ITConfig
                0x08001b60       0x3c ..\obj\stm32f4xx_sdio.o
                0x08001b60                SDIO_ITConfig
 .text.SDIO_GetITStatus
                0x08001b9c       0x34 ..\obj\stm32f4xx_sdio.o
                0x08001b9c                SDIO_GetITStatus
 .text.SDIO_ClearITPendingBit
                0x08001bd0       0x1c ..\obj\stm32f4xx_sdio.o
                0x08001bd0                SDIO_ClearITPendingBit
 .text.TIM1_UP_TIM10_IRQHandler
                0x08001bec       0x48 ..\obj\config_encoder.o
                0x08001bec                TIM1_UP_TIM10_IRQHandler
 .text.TIM2_IRQHandler
                0x08001c34       0x4c ..\obj\config_encoder.o
                0x08001c34                TIM2_IRQHandler
 .text.TIM3_IRQHandler
                0x08001c80       0x48 ..\obj\config_encoder.o
                0x08001c80                TIM3_IRQHandler
 .text.TIM4_IRQHandler
                0x08001cc8       0x48 ..\obj\config_encoder.o
                0x08001cc8                TIM4_IRQHandler
 .text.TIM5_IRQHandler
                0x08001d10       0x48 ..\obj\config_encoder.o
                0x08001d10                TIM5_IRQHandler
 .text.TIM8_UP_TIM13_IRQHandler
                0x08001d58       0x48 ..\obj\config_encoder.o
                0x08001d58                TIM8_UP_TIM13_IRQHandler
 .text.TIM8_BRK_TIM12_IRQHandler
                0x08001da0       0x48 ..\obj\config_encoder.o
                0x08001da0                TIM8_BRK_TIM12_IRQHandler
 .text.tim1_count
                0x08001de8       0x20 ..\obj\config_encoder.o
                0x08001de8                tim1_count
 .text.tim2_count
                0x08001e08       0x20 ..\obj\config_encoder.o
                0x08001e08                tim2_count
 .text.tim3_count
                0x08001e28       0x20 ..\obj\config_encoder.o
                0x08001e28                tim3_count
 .text.tim4_count
                0x08001e48       0x20 ..\obj\config_encoder.o
                0x08001e48                tim4_count
 .text.tim5_count
                0x08001e68       0x20 ..\obj\config_encoder.o
                0x08001e68                tim5_count
 .text.tim8_count
                0x08001e88       0x20 ..\obj\config_encoder.o
                0x08001e88                tim8_count
 .text.tim12_count
                0x08001ea8       0x20 ..\obj\config_encoder.o
                0x08001ea8                tim12_count
 .text.Init_encoder
                0x08001ec8      0x118 ..\obj\config_encoder.o
                0x08001ec8                Init_encoder
 .text.Select_encoder_count
                0x08001fe0       0x9c ..\obj\config_encoder.o
                0x08001fe0                Select_encoder_count
 .text.Reset_encoder_over_under_flow
                0x0800207c       0xa0 ..\obj\config_encoder.o
                0x0800207c                Reset_encoder_over_under_flow
 .text.OTG_FS_IRQHandler
                0x0800211c       0x10 ..\obj\config_usb.o
                0x0800211c                OTG_FS_IRQHandler
 .text.OTG_FS_WKUP_IRQHandler
                0x0800212c       0x34 ..\obj\config_usb.o
                0x0800212c                OTG_FS_WKUP_IRQHandler
 .text.USART_Init
                0x08002160      0x178 ..\obj\stm32f4xx_usart.o
                0x08002160                USART_Init
 .text.USART_Cmd
                0x080022d8       0x40 ..\obj\stm32f4xx_usart.o
                0x080022d8                USART_Cmd
 .text.USART_SendData
                0x08002318       0x24 ..\obj\stm32f4xx_usart.o
                0x08002318                USART_SendData
 .text.USART_ReceiveData
                0x0800233c       0x20 ..\obj\stm32f4xx_usart.o
                0x0800233c                USART_ReceiveData
 .text.USART_ITConfig
                0x0800235c       0x90 ..\obj\stm32f4xx_usart.o
                0x0800235c                USART_ITConfig
 .text.USART_GetFlagStatus
                0x080023ec       0x38 ..\obj\stm32f4xx_usart.o
                0x080023ec                USART_GetFlagStatus
 .text.uchar4_to_int
                0x08002424       0x30 ..\obj\util.o
                0x08002424                uchar4_to_int
 .text.ushort_to_uchar2
                0x08002454       0x28 ..\obj\util.o
                0x08002454                ushort_to_uchar2
 .text.CAN_DeInit
                0x0800247c       0x44 ..\obj\stm32f4xx_can.o
                0x0800247c                CAN_DeInit
 .text.CAN_Init
                0x080024c0      0x1a4 ..\obj\stm32f4xx_can.o
                0x080024c0                CAN_Init
 .text.CAN_FilterInit
                0x08002664      0x174 ..\obj\stm32f4xx_can.o
                0x08002664                CAN_FilterInit
 .text.CAN_StructInit
                0x080027d8       0x54 ..\obj\stm32f4xx_can.o
                0x080027d8                CAN_StructInit
 .text.CAN_Transmit
                0x0800282c      0x190 ..\obj\stm32f4xx_can.o
                0x0800282c                CAN_Transmit
 .text.CAN_TransmitStatus
                0x080029bc       0xd4 ..\obj\stm32f4xx_can.o
                0x080029bc                CAN_TransmitStatus
 .text.CAN_Receive
                0x08002a90      0x170 ..\obj\stm32f4xx_can.o
                0x08002a90                CAN_Receive
 .text.CAN_ITConfig
                0x08002c00       0x3c ..\obj\stm32f4xx_can.o
                0x08002c00                CAN_ITConfig
 .text.CAN_GetITStatus
                0x08002c3c      0x194 ..\obj\stm32f4xx_can.o
                0x08002c3c                CAN_GetITStatus
 .text.CheckITStatus
                0x08002dd0       0x30 ..\obj\stm32f4xx_can.o
 .text.SysTick_Handler
                0x08002e00       0x24 ..\obj\mcutime.o
                0x08002e00                SysTick_Handler
 .text.millis   0x08002e24       0x28 ..\obj\mcutime.o
                0x08002e24                millis
 .text.micros   0x08002e4c       0x30 ..\obj\mcutime.o
                0x08002e4c                micros
 .text.timer_setup
                0x08002e7c       0x10 ..\obj\mcutime.o
                0x08002e7c                timer_setup
 .text.Init_CAN
                0x08002e8c      0x168 ..\obj\config_can.o
                0x08002e8c                Init_CAN
 .text.Init_CANfilter
                0x08002ff4       0xe4 ..\obj\config_can.o
                0x08002ff4                Init_CANfilter
 .text.send_can1
                0x080030d8       0x2c ..\obj\config_can.o
                0x080030d8                send_can1
 .text.Default_Reset_Handler
                0x08003104       0x5c ..\obj\startup_stm32f4xx.o
                0x08003104                Default_Reset_Handler
                0x08003104                Reset_Handler
 .text.Default_Handler
                0x08003160        0x8 ..\obj\startup_stm32f4xx.o
                0x08003160                RTC_Alarm_IRQHandler
                0x08003160                HASH_RNG_IRQHandler
                0x08003160                EXTI2_IRQHandler
                0x08003160                TIM8_CC_IRQHandler
                0x08003160                TIM1_CC_IRQHandler
                0x08003160                DMA2_Stream5_IRQHandler
                0x08003160                DMA1_Stream5_IRQHandler
                0x08003160                PVD_IRQHandler
                0x08003160                TAMP_STAMP_IRQHandler
                0x08003160                CAN2_RX1_IRQHandler
                0x08003160                EXTI3_IRQHandler
                0x08003160                TIM8_TRG_COM_TIM14_IRQHandler
                0x08003160                I2C3_ER_IRQHandler
                0x08003160                EXTI0_IRQHandler
                0x08003160                I2C2_EV_IRQHandler
                0x08003160                DMA1_Stream2_IRQHandler
                0x08003160                FPU_IRQHandler
                0x08003160                OTG_HS_WKUP_IRQHandler
                0x08003160                CAN2_SCE_IRQHandler
                0x08003160                DMA2_Stream2_IRQHandler
                0x08003160                SPI1_IRQHandler
                0x08003160                TIM6_DAC_IRQHandler
                0x08003160                TIM1_BRK_TIM9_IRQHandler
                0x08003160                DCMI_IRQHandler
                0x08003160                CAN2_RX0_IRQHandler
                0x08003160                USART6_IRQHandler
                0x08003160                CRYP_IRQHandler
                0x08003160                CAN1_RX1_IRQHandler
                0x08003160                UART5_IRQHandler
                0x08003160                DMA2_Stream0_IRQHandler
                0x08003160                I2C1_EV_IRQHandler
                0x08003160                DMA1_Stream6_IRQHandler
                0x08003160                DMA1_Stream1_IRQHandler
                0x08003160                UART4_IRQHandler
                0x08003160                RCC_IRQHandler
                0x08003160                EXTI15_10_IRQHandler
                0x08003160                ADC_IRQHandler
                0x08003160                DMA1_Stream7_IRQHandler
                0x08003160                TIM7_IRQHandler
                0x08003160                CAN2_TX_IRQHandler
                0x08003160                DMA2_Stream7_IRQHandler
                0x08003160                I2C3_EV_IRQHandler
                0x08003160                EXTI9_5_IRQHandler
                0x08003160                RTC_WKUP_IRQHandler
                0x08003160                ETH_WKUP_IRQHandler
                0x08003160                SPI2_IRQHandler
                0x08003160                OTG_HS_EP1_IN_IRQHandler
                0x08003160                DMA1_Stream0_IRQHandler
                0x08003160                CAN1_TX_IRQHandler
                0x08003160                EXTI4_IRQHandler
                0x08003160                FSMC_IRQHandler
                0x08003160                ETH_IRQHandler
                0x08003160                OTG_HS_EP1_OUT_IRQHandler
                0x08003160                WWDG_IRQHandler
                0x08003160                TIM1_TRG_COM_TIM11_IRQHandler
                0x08003160                OTG_HS_IRQHandler
                0x08003160                EXTI1_IRQHandler
                0x08003160                I2C2_ER_IRQHandler
                0x08003160                DMA2_Stream1_IRQHandler
                0x08003160                CAN1_SCE_IRQHandler
                0x08003160                FLASH_IRQHandler
                0x08003160                DMA2_Stream4_IRQHandler
                0x08003160                USART1_IRQHandler
                0x08003160                SPI3_IRQHandler
                0x08003160                DMA1_Stream4_IRQHandler
                0x08003160                I2C1_ER_IRQHandler
                0x08003160                DMA2_Stream6_IRQHandler
                0x08003160                DMA1_Stream3_IRQHandler
 .text.USBD_SetupStage
                0x08003168       0x6c ..\obj\usbd_core.o
 .text.USBD_DataOutStage
                0x080031d4       0xcc ..\obj\usbd_core.o
 .text.USBD_DataInStage
                0x080032a0      0x104 ..\obj\usbd_core.o
 .text.USBD_Reset
                0x080033a4       0x44 ..\obj\usbd_core.o
 .text.USBD_Resume
                0x080033e8       0x24 ..\obj\usbd_core.o
 .text.USBD_Suspend
                0x0800340c       0x24 ..\obj\usbd_core.o
 .text.USBD_SOF
                0x08003430       0x2c ..\obj\usbd_core.o
 .text.USBD_SetCfg
                0x0800345c       0x30 ..\obj\usbd_core.o
                0x0800345c                USBD_SetCfg
 .text.USBD_ClrCfg
                0x0800348c       0x28 ..\obj\usbd_core.o
                0x0800348c                USBD_ClrCfg
 .text.USBD_IsoINIncomplete
                0x080034b4       0x20 ..\obj\usbd_core.o
 .text.USBD_IsoOUTIncomplete
                0x080034d4       0x20 ..\obj\usbd_core.o
 .text._ZN15SerialInterface20serialInterfaceSetupEPFvcE
                0x080034f4       0x24 ..\obj\pin.o
                0x080034f4                SerialInterface::serialInterfaceSetup(void (*)(char))
 .text._ZN6Serial8Receiver13charAvailableEv
                0x08003518       0x28 ..\obj\pin.o
                0x08003518                Serial::Receiver::charAvailable()
 .text._ZN6Serial8Receiver15stringAvailableEv
                0x08003540       0x1c ..\obj\pin.o
                0x08003540                Serial::Receiver::stringAvailable()
 .text._ZN6Serial8Receiver8readCharEv
                0x0800355c       0x1c ..\obj\pin.o
                0x0800355c                Serial::Receiver::readChar()
 .text._ZN6Serial8Receiver10readStringEPc
                0x08003578       0xe8 ..\obj\pin.o
                0x08003578                Serial::Receiver::readString(char*)
 .text._ZN6Serial15stringAvailableEv
                0x08003660       0x28 ..\obj\pin.o
                0x08003660                Serial::stringAvailable()
 .text._ZN6Serial10readStringEPc
                0x08003688       0x34 ..\obj\pin.o
                0x08003688                Serial::readString(char*)
 .text._ZN6Serial13charAvailableEv
                0x080036bc       0x28 ..\obj\pin.o
                0x080036bc                Serial::charAvailable()
 .text._ZN6Serial8readCharEv
                0x080036e4       0x28 ..\obj\pin.o
                0x080036e4                Serial::readChar()
 .text._ZN6Serial11stringWriteEPc
                0x0800370c       0x40 ..\obj\pin.o
                0x0800370c                Serial::stringWrite(char*)
 .text._ZN6Serial5setupEiR15SerialInterfaceii
                0x0800374c       0x34 ..\obj\pin.o
                0x0800374c                Serial::setup(int, SerialInterface&, int, int)
 .text._ZN6Analog13setupAnalogInEv
                0x08003780       0x1c ..\obj\pin.o
                0x08003780                Analog::setupAnalogIn()
 .text._ZN6Analog10analogReadEv
                0x0800379c       0x20 ..\obj\pin.o
                0x0800379c                Analog::analogRead()
 .text._ZN2A016analogResolutionEv
                0x080037bc       0x20 ..\obj\pin.o
                0x080037bc                A0::analogResolution()
                0x080037d4                non-virtual thunk to A0::analogResolution()
 .text._ZN2A013analogVoltageEv
                0x080037dc       0x24 ..\obj\pin.o
                0x080037dc                A0::analogVoltage()
                0x080037f8                non-virtual thunk to A0::analogVoltage()
 .text._ZN2A116analogResolutionEv
                0x08003800       0x20 ..\obj\pin.o
                0x08003800                A1::analogResolution()
                0x08003818                non-virtual thunk to A1::analogResolution()
 .text._ZN2A113analogVoltageEv
                0x08003820       0x24 ..\obj\pin.o
                0x08003820                A1::analogVoltage()
                0x0800383c                non-virtual thunk to A1::analogVoltage()
 .text._ZN2A216analogResolutionEv
                0x08003844       0x20 ..\obj\pin.o
                0x08003844                A2::analogResolution()
                0x0800385c                non-virtual thunk to A2::analogResolution()
 .text._ZN2A213analogVoltageEv
                0x08003864       0x24 ..\obj\pin.o
                0x08003864                A2::analogVoltage()
                0x08003880                non-virtual thunk to A2::analogVoltage()
 .text._ZN2A316analogResolutionEv
                0x08003888       0x20 ..\obj\pin.o
                0x08003888                A3::analogResolution()
                0x080038a0                non-virtual thunk to A3::analogResolution()
 .text._ZN2A313analogVoltageEv
                0x080038a8       0x24 ..\obj\pin.o
                0x080038a8                A3::analogVoltage()
                0x080038c4                non-virtual thunk to A3::analogVoltage()
 .text._ZN2A416analogResolutionEv
                0x080038cc       0x20 ..\obj\pin.o
                0x080038cc                A4::analogResolution()
                0x080038e4                non-virtual thunk to A4::analogResolution()
 .text._ZN2A413analogVoltageEv
                0x080038ec       0x24 ..\obj\pin.o
                0x080038ec                A4::analogVoltage()
                0x08003908                non-virtual thunk to A4::analogVoltage()
 .text._ZN4Led013_digitalWriteEv
                0x08003910       0x20 ..\obj\pin.o
                0x08003910                Led0::_digitalWrite()
 .text._ZN4Led013_digitalWriteEi
                0x08003930       0x30 ..\obj\pin.o
                0x08003930                Led0::_digitalWrite(int)
 .text._ZN4Led012_digitalReadEv
                0x08003960       0x20 ..\obj\pin.o
                0x08003960                Led0::_digitalRead()
 .text._ZN4Led015_setupDigitalInEv
                0x08003980       0x28 ..\obj\pin.o
                0x08003980                Led0::_setupDigitalIn()
 .text._ZN4Led016_setupDigitalOutEv
                0x080039a8       0x28 ..\obj\pin.o
                0x080039a8                Led0::_setupDigitalOut()
 .text._ZN4Led021_setupDigitalInPullUpEv
                0x080039d0       0x28 ..\obj\pin.o
                0x080039d0                Led0::_setupDigitalInPullUp()
 .text._ZN4Led023_setupDigitalInPullDownEv
                0x080039f8       0x28 ..\obj\pin.o
                0x080039f8                Led0::_setupDigitalInPullDown()
 .text._ZN4Led113_digitalWriteEv
                0x08003a20       0x20 ..\obj\pin.o
                0x08003a20                Led1::_digitalWrite()
 .text._ZN4Led113_digitalWriteEi
                0x08003a40       0x30 ..\obj\pin.o
                0x08003a40                Led1::_digitalWrite(int)
 .text._ZN4Led112_digitalReadEv
                0x08003a70       0x20 ..\obj\pin.o
                0x08003a70                Led1::_digitalRead()
 .text._ZN4Led115_setupDigitalInEv
                0x08003a90       0x28 ..\obj\pin.o
                0x08003a90                Led1::_setupDigitalIn()
 .text._ZN4Led116_setupDigitalOutEv
                0x08003ab8       0x28 ..\obj\pin.o
                0x08003ab8                Led1::_setupDigitalOut()
 .text._ZN4Led121_setupDigitalInPullUpEv
                0x08003ae0       0x28 ..\obj\pin.o
                0x08003ae0                Led1::_setupDigitalInPullUp()
 .text._ZN4Led123_setupDigitalInPullDownEv
                0x08003b08       0x28 ..\obj\pin.o
                0x08003b08                Led1::_setupDigitalInPullDown()
 .text._ZN4Led213_digitalWriteEv
                0x08003b30       0x20 ..\obj\pin.o
                0x08003b30                Led2::_digitalWrite()
 .text._ZN4Led213_digitalWriteEi
                0x08003b50       0x30 ..\obj\pin.o
                0x08003b50                Led2::_digitalWrite(int)
 .text._ZN4Led212_digitalReadEv
                0x08003b80       0x20 ..\obj\pin.o
                0x08003b80                Led2::_digitalRead()
 .text._ZN4Led215_setupDigitalInEv
                0x08003ba0       0x28 ..\obj\pin.o
                0x08003ba0                Led2::_setupDigitalIn()
 .text._ZN4Led216_setupDigitalOutEv
                0x08003bc8       0x28 ..\obj\pin.o
                0x08003bc8                Led2::_setupDigitalOut()
 .text._ZN4Led221_setupDigitalInPullUpEv
                0x08003bf0       0x28 ..\obj\pin.o
                0x08003bf0                Led2::_setupDigitalInPullUp()
 .text._ZN4Led223_setupDigitalInPullDownEv
                0x08003c18       0x28 ..\obj\pin.o
                0x08003c18                Led2::_setupDigitalInPullDown()
 .text._ZN4Led313_digitalWriteEv
                0x08003c40       0x20 ..\obj\pin.o
                0x08003c40                Led3::_digitalWrite()
 .text._ZN4Led313_digitalWriteEi
                0x08003c60       0x30 ..\obj\pin.o
                0x08003c60                Led3::_digitalWrite(int)
 .text._ZN4Led312_digitalReadEv
                0x08003c90       0x20 ..\obj\pin.o
                0x08003c90                Led3::_digitalRead()
 .text._ZN4Led315_setupDigitalInEv
                0x08003cb0       0x28 ..\obj\pin.o
                0x08003cb0                Led3::_setupDigitalIn()
 .text._ZN4Led316_setupDigitalOutEv
                0x08003cd8       0x28 ..\obj\pin.o
                0x08003cd8                Led3::_setupDigitalOut()
 .text._ZN4Led321_setupDigitalInPullUpEv
                0x08003d00       0x28 ..\obj\pin.o
                0x08003d00                Led3::_setupDigitalInPullUp()
 .text._ZN4Led323_setupDigitalInPullDownEv
                0x08003d28       0x28 ..\obj\pin.o
                0x08003d28                Led3::_setupDigitalInPullDown()
 .text._ZN3Sw013_digitalWriteEv
                0x08003d50       0x20 ..\obj\pin.o
                0x08003d50                Sw0::_digitalWrite()
 .text._ZN3Sw013_digitalWriteEi
                0x08003d70       0x30 ..\obj\pin.o
                0x08003d70                Sw0::_digitalWrite(int)
 .text._ZN3Sw012_digitalReadEv
                0x08003da0       0x20 ..\obj\pin.o
                0x08003da0                Sw0::_digitalRead()
 .text._ZN3Sw015_setupDigitalInEv
                0x08003dc0       0x28 ..\obj\pin.o
                0x08003dc0                Sw0::_setupDigitalIn()
 .text._ZN3Sw016_setupDigitalOutEv
                0x08003de8       0x18 ..\obj\pin.o
                0x08003de8                Sw0::_setupDigitalOut()
 .text._ZN3Sw021_setupDigitalInPullUpEv
                0x08003e00       0x28 ..\obj\pin.o
                0x08003e00                Sw0::_setupDigitalInPullUp()
 .text._ZN3Sw023_setupDigitalInPullDownEv
                0x08003e28       0x28 ..\obj\pin.o
                0x08003e28                Sw0::_setupDigitalInPullDown()
 .text._ZN3Sw113_digitalWriteEv
                0x08003e50       0x20 ..\obj\pin.o
                0x08003e50                Sw1::_digitalWrite()
 .text._ZN3Sw113_digitalWriteEi
                0x08003e70       0x30 ..\obj\pin.o
                0x08003e70                Sw1::_digitalWrite(int)
 .text._ZN3Sw112_digitalReadEv
                0x08003ea0       0x20 ..\obj\pin.o
                0x08003ea0                Sw1::_digitalRead()
 .text._ZN3Sw115_setupDigitalInEv
                0x08003ec0       0x28 ..\obj\pin.o
                0x08003ec0                Sw1::_setupDigitalIn()
 .text._ZN3Sw116_setupDigitalOutEv
                0x08003ee8       0x18 ..\obj\pin.o
                0x08003ee8                Sw1::_setupDigitalOut()
 .text._ZN3Sw121_setupDigitalInPullUpEv
                0x08003f00       0x28 ..\obj\pin.o
                0x08003f00                Sw1::_setupDigitalInPullUp()
 .text._ZN3Sw123_setupDigitalInPullDownEv
                0x08003f28       0x28 ..\obj\pin.o
                0x08003f28                Sw1::_setupDigitalInPullDown()
 .text._ZN3Sw213_digitalWriteEv
                0x08003f50       0x20 ..\obj\pin.o
                0x08003f50                Sw2::_digitalWrite()
 .text._ZN3Sw213_digitalWriteEi
                0x08003f70       0x30 ..\obj\pin.o
                0x08003f70                Sw2::_digitalWrite(int)
 .text._ZN3Sw212_digitalReadEv
                0x08003fa0       0x20 ..\obj\pin.o
                0x08003fa0                Sw2::_digitalRead()
 .text._ZN3Sw215_setupDigitalInEv
                0x08003fc0       0x28 ..\obj\pin.o
                0x08003fc0                Sw2::_setupDigitalIn()
 .text._ZN3Sw216_setupDigitalOutEv
                0x08003fe8       0x18 ..\obj\pin.o
                0x08003fe8                Sw2::_setupDigitalOut()
 .text._ZN3Sw221_setupDigitalInPullUpEv
                0x08004000       0x28 ..\obj\pin.o
                0x08004000                Sw2::_setupDigitalInPullUp()
 .text._ZN3Sw223_setupDigitalInPullDownEv
                0x08004028       0x28 ..\obj\pin.o
                0x08004028                Sw2::_setupDigitalInPullDown()
 .text._ZN3Sw313_digitalWriteEv
                0x08004050       0x20 ..\obj\pin.o
                0x08004050                Sw3::_digitalWrite()
 .text._ZN3Sw313_digitalWriteEi
                0x08004070       0x30 ..\obj\pin.o
                0x08004070                Sw3::_digitalWrite(int)
 .text._ZN3Sw312_digitalReadEv
                0x080040a0       0x20 ..\obj\pin.o
                0x080040a0                Sw3::_digitalRead()
 .text._ZN3Sw315_setupDigitalInEv
                0x080040c0       0x28 ..\obj\pin.o
                0x080040c0                Sw3::_setupDigitalIn()
 .text._ZN3Sw316_setupDigitalOutEv
                0x080040e8       0x18 ..\obj\pin.o
                0x080040e8                Sw3::_setupDigitalOut()
 .text._ZN3Sw321_setupDigitalInPullUpEv
                0x08004100       0x28 ..\obj\pin.o
                0x08004100                Sw3::_setupDigitalInPullUp()
 .text._ZN3Sw323_setupDigitalInPullDownEv
                0x08004128       0x28 ..\obj\pin.o
                0x08004128                Sw3::_setupDigitalInPullDown()
 .text._ZN6Buzzer13_digitalWriteEv
                0x08004150       0x20 ..\obj\pin.o
                0x08004150                Buzzer::_digitalWrite()
 .text._ZN6Buzzer13_digitalWriteEi
                0x08004170       0x2c ..\obj\pin.o
                0x08004170                Buzzer::_digitalWrite(int)
 .text._ZN6Buzzer12_digitalReadEv
                0x0800419c       0x20 ..\obj\pin.o
                0x0800419c                Buzzer::_digitalRead()
 .text._ZN6Buzzer15_setupDigitalInEv
                0x080041bc       0x28 ..\obj\pin.o
                0x080041bc                Buzzer::_setupDigitalIn()
 .text._ZN6Buzzer16_setupDigitalOutEv
                0x080041e4       0x28 ..\obj\pin.o
                0x080041e4                Buzzer::_setupDigitalOut()
 .text._ZN6Buzzer21_setupDigitalInPullUpEv
                0x0800420c       0x28 ..\obj\pin.o
                0x0800420c                Buzzer::_setupDigitalInPullUp()
 .text._ZN6Buzzer23_setupDigitalInPullDownEv
                0x08004234       0x28 ..\obj\pin.o
                0x08004234                Buzzer::_setupDigitalInPullDown()
 .text._ZN3CW013_digitalWriteEv
                0x0800425c       0x20 ..\obj\pin.o
                0x0800425c                CW0::_digitalWrite()
 .text._ZN3CW013_digitalWriteEi
                0x0800427c       0x2c ..\obj\pin.o
                0x0800427c                CW0::_digitalWrite(int)
 .text._ZN3CW012_digitalReadEv
                0x080042a8       0x20 ..\obj\pin.o
                0x080042a8                CW0::_digitalRead()
 .text._ZN3CW015_setupDigitalInEv
                0x080042c8       0x28 ..\obj\pin.o
                0x080042c8                CW0::_setupDigitalIn()
 .text._ZN3CW016_setupDigitalOutEv
                0x080042f0       0x28 ..\obj\pin.o
                0x080042f0                CW0::_setupDigitalOut()
 .text._ZN3CW021_setupDigitalInPullUpEv
                0x08004318       0x28 ..\obj\pin.o
                0x08004318                CW0::_setupDigitalInPullUp()
 .text._ZN3CW023_setupDigitalInPullDownEv
                0x08004340       0x28 ..\obj\pin.o
                0x08004340                CW0::_setupDigitalInPullDown()
 .text._ZN4CCW013_digitalWriteEv
                0x08004368       0x20 ..\obj\pin.o
                0x08004368                CCW0::_digitalWrite()
 .text._ZN4CCW013_digitalWriteEi
                0x08004388       0x2c ..\obj\pin.o
                0x08004388                CCW0::_digitalWrite(int)
 .text._ZN4CCW012_digitalReadEv
                0x080043b4       0x20 ..\obj\pin.o
                0x080043b4                CCW0::_digitalRead()
 .text._ZN4CCW015_setupDigitalInEv
                0x080043d4       0x28 ..\obj\pin.o
                0x080043d4                CCW0::_setupDigitalIn()
 .text._ZN4CCW016_setupDigitalOutEv
                0x080043fc       0x28 ..\obj\pin.o
                0x080043fc                CCW0::_setupDigitalOut()
 .text._ZN4CCW021_setupDigitalInPullUpEv
                0x08004424       0x28 ..\obj\pin.o
                0x08004424                CCW0::_setupDigitalInPullUp()
 .text._ZN4CCW023_setupDigitalInPullDownEv
                0x0800444c       0x28 ..\obj\pin.o
                0x0800444c                CCW0::_setupDigitalInPullDown()
 .text._ZN3CW113_digitalWriteEv
                0x08004474       0x20 ..\obj\pin.o
                0x08004474                CW1::_digitalWrite()
 .text._ZN3CW113_digitalWriteEi
                0x08004494       0x30 ..\obj\pin.o
                0x08004494                CW1::_digitalWrite(int)
 .text._ZN3CW112_digitalReadEv
                0x080044c4       0x20 ..\obj\pin.o
                0x080044c4                CW1::_digitalRead()
 .text._ZN3CW115_setupDigitalInEv
                0x080044e4       0x28 ..\obj\pin.o
                0x080044e4                CW1::_setupDigitalIn()
 .text._ZN3CW116_setupDigitalOutEv
                0x0800450c       0x28 ..\obj\pin.o
                0x0800450c                CW1::_setupDigitalOut()
 .text._ZN3CW121_setupDigitalInPullUpEv
                0x08004534       0x28 ..\obj\pin.o
                0x08004534                CW1::_setupDigitalInPullUp()
 .text._ZN3CW123_setupDigitalInPullDownEv
                0x0800455c       0x28 ..\obj\pin.o
                0x0800455c                CW1::_setupDigitalInPullDown()
 .text._ZN4CCW113_digitalWriteEv
                0x08004584       0x20 ..\obj\pin.o
                0x08004584                CCW1::_digitalWrite()
 .text._ZN4CCW113_digitalWriteEi
                0x080045a4       0x2c ..\obj\pin.o
                0x080045a4                CCW1::_digitalWrite(int)
 .text._ZN4CCW112_digitalReadEv
                0x080045d0       0x20 ..\obj\pin.o
                0x080045d0                CCW1::_digitalRead()
 .text._ZN4CCW115_setupDigitalInEv
                0x080045f0       0x28 ..\obj\pin.o
                0x080045f0                CCW1::_setupDigitalIn()
 .text._ZN4CCW116_setupDigitalOutEv
                0x08004618       0x28 ..\obj\pin.o
                0x08004618                CCW1::_setupDigitalOut()
 .text._ZN4CCW121_setupDigitalInPullUpEv
                0x08004640       0x28 ..\obj\pin.o
                0x08004640                CCW1::_setupDigitalInPullUp()
 .text._ZN4CCW123_setupDigitalInPullDownEv
                0x08004668       0x28 ..\obj\pin.o
                0x08004668                CCW1::_setupDigitalInPullDown()
 .text._ZN3CW213_digitalWriteEv
                0x08004690       0x20 ..\obj\pin.o
                0x08004690                CW2::_digitalWrite()
 .text._ZN3CW213_digitalWriteEi
                0x080046b0       0x2c ..\obj\pin.o
                0x080046b0                CW2::_digitalWrite(int)
 .text._ZN3CW212_digitalReadEv
                0x080046dc       0x20 ..\obj\pin.o
                0x080046dc                CW2::_digitalRead()
 .text._ZN3CW215_setupDigitalInEv
                0x080046fc       0x28 ..\obj\pin.o
                0x080046fc                CW2::_setupDigitalIn()
 .text._ZN3CW216_setupDigitalOutEv
                0x08004724       0x28 ..\obj\pin.o
                0x08004724                CW2::_setupDigitalOut()
 .text._ZN3CW221_setupDigitalInPullUpEv
                0x0800474c       0x28 ..\obj\pin.o
                0x0800474c                CW2::_setupDigitalInPullUp()
 .text._ZN3CW223_setupDigitalInPullDownEv
                0x08004774       0x28 ..\obj\pin.o
                0x08004774                CW2::_setupDigitalInPullDown()
 .text._ZN4CCW213_digitalWriteEv
                0x0800479c       0x20 ..\obj\pin.o
                0x0800479c                CCW2::_digitalWrite()
 .text._ZN4CCW213_digitalWriteEi
                0x080047bc       0x2c ..\obj\pin.o
                0x080047bc                CCW2::_digitalWrite(int)
 .text._ZN4CCW212_digitalReadEv
                0x080047e8       0x20 ..\obj\pin.o
                0x080047e8                CCW2::_digitalRead()
 .text._ZN4CCW215_setupDigitalInEv
                0x08004808       0x28 ..\obj\pin.o
                0x08004808                CCW2::_setupDigitalIn()
 .text._ZN4CCW216_setupDigitalOutEv
                0x08004830       0x28 ..\obj\pin.o
                0x08004830                CCW2::_setupDigitalOut()
 .text._ZN4CCW221_setupDigitalInPullUpEv
                0x08004858       0x28 ..\obj\pin.o
                0x08004858                CCW2::_setupDigitalInPullUp()
 .text._ZN4CCW223_setupDigitalInPullDownEv
                0x08004880       0x28 ..\obj\pin.o
                0x08004880                CCW2::_setupDigitalInPullDown()
 .text._ZN3CW313_digitalWriteEv
                0x080048a8       0x20 ..\obj\pin.o
                0x080048a8                CW3::_digitalWrite()
 .text._ZN3CW313_digitalWriteEi
                0x080048c8       0x30 ..\obj\pin.o
                0x080048c8                CW3::_digitalWrite(int)
 .text._ZN3CW312_digitalReadEv
                0x080048f8       0x20 ..\obj\pin.o
                0x080048f8                CW3::_digitalRead()
 .text._ZN3CW315_setupDigitalInEv
                0x08004918       0x28 ..\obj\pin.o
                0x08004918                CW3::_setupDigitalIn()
 .text._ZN3CW316_setupDigitalOutEv
                0x08004940       0x28 ..\obj\pin.o
                0x08004940                CW3::_setupDigitalOut()
 .text._ZN3CW321_setupDigitalInPullUpEv
                0x08004968       0x28 ..\obj\pin.o
                0x08004968                CW3::_setupDigitalInPullUp()
 .text._ZN3CW323_setupDigitalInPullDownEv
                0x08004990       0x28 ..\obj\pin.o
                0x08004990                CW3::_setupDigitalInPullDown()
 .text._ZN4CCW313_digitalWriteEv
                0x080049b8       0x20 ..\obj\pin.o
                0x080049b8                CCW3::_digitalWrite()
 .text._ZN4CCW313_digitalWriteEi
                0x080049d8       0x2c ..\obj\pin.o
                0x080049d8                CCW3::_digitalWrite(int)
 .text._ZN4CCW312_digitalReadEv
                0x08004a04       0x20 ..\obj\pin.o
                0x08004a04                CCW3::_digitalRead()
 .text._ZN4CCW315_setupDigitalInEv
                0x08004a24       0x28 ..\obj\pin.o
                0x08004a24                CCW3::_setupDigitalIn()
 .text._ZN4CCW316_setupDigitalOutEv
                0x08004a4c       0x28 ..\obj\pin.o
                0x08004a4c                CCW3::_setupDigitalOut()
 .text._ZN4CCW321_setupDigitalInPullUpEv
                0x08004a74       0x28 ..\obj\pin.o
                0x08004a74                CCW3::_setupDigitalInPullUp()
 .text._ZN4CCW323_setupDigitalInPullDownEv
                0x08004a9c       0x28 ..\obj\pin.o
                0x08004a9c                CCW3::_setupDigitalInPullDown()
 .text._ZN3CW413_digitalWriteEv
                0x08004ac4       0x20 ..\obj\pin.o
                0x08004ac4                CW4::_digitalWrite()
 .text._ZN3CW413_digitalWriteEi
                0x08004ae4       0x2c ..\obj\pin.o
                0x08004ae4                CW4::_digitalWrite(int)
 .text._ZN3CW412_digitalReadEv
                0x08004b10       0x20 ..\obj\pin.o
                0x08004b10                CW4::_digitalRead()
 .text._ZN3CW415_setupDigitalInEv
                0x08004b30       0x28 ..\obj\pin.o
                0x08004b30                CW4::_setupDigitalIn()
 .text._ZN3CW416_setupDigitalOutEv
                0x08004b58       0x28 ..\obj\pin.o
                0x08004b58                CW4::_setupDigitalOut()
 .text._ZN3CW421_setupDigitalInPullUpEv
                0x08004b80       0x28 ..\obj\pin.o
                0x08004b80                CW4::_setupDigitalInPullUp()
 .text._ZN3CW423_setupDigitalInPullDownEv
                0x08004ba8       0x28 ..\obj\pin.o
                0x08004ba8                CW4::_setupDigitalInPullDown()
 .text._ZN4CCW413_digitalWriteEv
                0x08004bd0       0x20 ..\obj\pin.o
                0x08004bd0                CCW4::_digitalWrite()
 .text._ZN4CCW413_digitalWriteEi
                0x08004bf0       0x2c ..\obj\pin.o
                0x08004bf0                CCW4::_digitalWrite(int)
 .text._ZN4CCW412_digitalReadEv
                0x08004c1c       0x20 ..\obj\pin.o
                0x08004c1c                CCW4::_digitalRead()
 .text._ZN4CCW415_setupDigitalInEv
                0x08004c3c       0x28 ..\obj\pin.o
                0x08004c3c                CCW4::_setupDigitalIn()
 .text._ZN4CCW416_setupDigitalOutEv
                0x08004c64       0x28 ..\obj\pin.o
                0x08004c64                CCW4::_setupDigitalOut()
 .text._ZN4CCW421_setupDigitalInPullUpEv
                0x08004c8c       0x28 ..\obj\pin.o
                0x08004c8c                CCW4::_setupDigitalInPullUp()
 .text._ZN4CCW423_setupDigitalInPullDownEv
                0x08004cb4       0x28 ..\obj\pin.o
                0x08004cb4                CCW4::_setupDigitalInPullDown()
 .text._ZN3CW513_digitalWriteEv
                0x08004cdc       0x20 ..\obj\pin.o
                0x08004cdc                CW5::_digitalWrite()
 .text._ZN3CW513_digitalWriteEi
                0x08004cfc       0x30 ..\obj\pin.o
                0x08004cfc                CW5::_digitalWrite(int)
 .text._ZN3CW512_digitalReadEv
                0x08004d2c       0x20 ..\obj\pin.o
                0x08004d2c                CW5::_digitalRead()
 .text._ZN3CW515_setupDigitalInEv
                0x08004d4c       0x28 ..\obj\pin.o
                0x08004d4c                CW5::_setupDigitalIn()
 .text._ZN3CW516_setupDigitalOutEv
                0x08004d74       0x28 ..\obj\pin.o
                0x08004d74                CW5::_setupDigitalOut()
 .text._ZN3CW521_setupDigitalInPullUpEv
                0x08004d9c       0x28 ..\obj\pin.o
                0x08004d9c                CW5::_setupDigitalInPullUp()
 .text._ZN3CW523_setupDigitalInPullDownEv
                0x08004dc4       0x28 ..\obj\pin.o
                0x08004dc4                CW5::_setupDigitalInPullDown()
 .text._ZN4CCW513_digitalWriteEv
                0x08004dec       0x20 ..\obj\pin.o
                0x08004dec                CCW5::_digitalWrite()
 .text._ZN4CCW513_digitalWriteEi
                0x08004e0c       0x2c ..\obj\pin.o
                0x08004e0c                CCW5::_digitalWrite(int)
 .text._ZN4CCW512_digitalReadEv
                0x08004e38       0x20 ..\obj\pin.o
                0x08004e38                CCW5::_digitalRead()
 .text._ZN4CCW515_setupDigitalInEv
                0x08004e58       0x28 ..\obj\pin.o
                0x08004e58                CCW5::_setupDigitalIn()
 .text._ZN4CCW516_setupDigitalOutEv
                0x08004e80       0x28 ..\obj\pin.o
                0x08004e80                CCW5::_setupDigitalOut()
 .text._ZN4CCW521_setupDigitalInPullUpEv
                0x08004ea8       0x28 ..\obj\pin.o
                0x08004ea8                CCW5::_setupDigitalInPullUp()
 .text._ZN4CCW523_setupDigitalInPullDownEv
                0x08004ed0       0x28 ..\obj\pin.o
                0x08004ed0                CCW5::_setupDigitalInPullDown()
 .text._ZN2A013_digitalWriteEv
                0x08004ef8       0x20 ..\obj\pin.o
                0x08004ef8                A0::_digitalWrite()
 .text._ZN2A013_digitalWriteEi
                0x08004f18       0x2c ..\obj\pin.o
                0x08004f18                A0::_digitalWrite(int)
 .text._ZN2A012_digitalReadEv
                0x08004f44       0x20 ..\obj\pin.o
                0x08004f44                A0::_digitalRead()
 .text._ZN2A015_setupDigitalInEv
                0x08004f64       0x28 ..\obj\pin.o
                0x08004f64                A0::_setupDigitalIn()
 .text._ZN2A016_setupDigitalOutEv
                0x08004f8c       0x2c ..\obj\pin.o
                0x08004f8c                A0::_setupDigitalOut()
 .text._ZN2A021_setupDigitalInPullUpEv
                0x08004fb8       0x28 ..\obj\pin.o
                0x08004fb8                A0::_setupDigitalInPullUp()
 .text._ZN2A023_setupDigitalInPullDownEv
                0x08004fe0       0x28 ..\obj\pin.o
                0x08004fe0                A0::_setupDigitalInPullDown()
 .text._ZN2A113_digitalWriteEv
                0x08005008       0x20 ..\obj\pin.o
                0x08005008                A1::_digitalWrite()
 .text._ZN2A113_digitalWriteEi
                0x08005028       0x2c ..\obj\pin.o
                0x08005028                A1::_digitalWrite(int)
 .text._ZN2A112_digitalReadEv
                0x08005054       0x20 ..\obj\pin.o
                0x08005054                A1::_digitalRead()
 .text._ZN2A115_setupDigitalInEv
                0x08005074       0x28 ..\obj\pin.o
                0x08005074                A1::_setupDigitalIn()
 .text._ZN2A116_setupDigitalOutEv
                0x0800509c       0x2c ..\obj\pin.o
                0x0800509c                A1::_setupDigitalOut()
 .text._ZN2A121_setupDigitalInPullUpEv
                0x080050c8       0x28 ..\obj\pin.o
                0x080050c8                A1::_setupDigitalInPullUp()
 .text._ZN2A123_setupDigitalInPullDownEv
                0x080050f0       0x28 ..\obj\pin.o
                0x080050f0                A1::_setupDigitalInPullDown()
 .text._ZN2A213_digitalWriteEv
                0x08005118       0x20 ..\obj\pin.o
                0x08005118                A2::_digitalWrite()
 .text._ZN2A213_digitalWriteEi
                0x08005138       0x2c ..\obj\pin.o
                0x08005138                A2::_digitalWrite(int)
 .text._ZN2A212_digitalReadEv
                0x08005164       0x20 ..\obj\pin.o
                0x08005164                A2::_digitalRead()
 .text._ZN2A215_setupDigitalInEv
                0x08005184       0x28 ..\obj\pin.o
                0x08005184                A2::_setupDigitalIn()
 .text._ZN2A216_setupDigitalOutEv
                0x080051ac       0x2c ..\obj\pin.o
                0x080051ac                A2::_setupDigitalOut()
 .text._ZN2A221_setupDigitalInPullUpEv
                0x080051d8       0x28 ..\obj\pin.o
                0x080051d8                A2::_setupDigitalInPullUp()
 .text._ZN2A223_setupDigitalInPullDownEv
                0x08005200       0x28 ..\obj\pin.o
                0x08005200                A2::_setupDigitalInPullDown()
 .text._ZN2A313_digitalWriteEv
                0x08005228       0x20 ..\obj\pin.o
                0x08005228                A3::_digitalWrite()
 .text._ZN2A313_digitalWriteEi
                0x08005248       0x2c ..\obj\pin.o
                0x08005248                A3::_digitalWrite(int)
 .text._ZN2A312_digitalReadEv
                0x08005274       0x20 ..\obj\pin.o
                0x08005274                A3::_digitalRead()
 .text._ZN2A315_setupDigitalInEv
                0x08005294       0x28 ..\obj\pin.o
                0x08005294                A3::_setupDigitalIn()
 .text._ZN2A316_setupDigitalOutEv
                0x080052bc       0x2c ..\obj\pin.o
                0x080052bc                A3::_setupDigitalOut()
 .text._ZN2A321_setupDigitalInPullUpEv
                0x080052e8       0x28 ..\obj\pin.o
                0x080052e8                A3::_setupDigitalInPullUp()
 .text._ZN2A323_setupDigitalInPullDownEv
                0x08005310       0x28 ..\obj\pin.o
                0x08005310                A3::_setupDigitalInPullDown()
 .text._ZN2A413_digitalWriteEv
                0x08005338       0x20 ..\obj\pin.o
                0x08005338                A4::_digitalWrite()
 .text._ZN2A413_digitalWriteEi
                0x08005358       0x2c ..\obj\pin.o
                0x08005358                A4::_digitalWrite(int)
 .text._ZN2A412_digitalReadEv
                0x08005384       0x20 ..\obj\pin.o
                0x08005384                A4::_digitalRead()
 .text._ZN2A415_setupDigitalInEv
                0x080053a4       0x28 ..\obj\pin.o
                0x080053a4                A4::_setupDigitalIn()
 .text._ZN2A416_setupDigitalOutEv
                0x080053cc       0x2c ..\obj\pin.o
                0x080053cc                A4::_setupDigitalOut()
 .text._ZN2A421_setupDigitalInPullUpEv
                0x080053f8       0x28 ..\obj\pin.o
                0x080053f8                A4::_setupDigitalInPullUp()
 .text._ZN2A423_setupDigitalInPullDownEv
                0x08005420       0x28 ..\obj\pin.o
                0x08005420                A4::_setupDigitalInPullDown()
 .text._ZN4Pwm013_digitalWriteEv
                0x08005448       0x20 ..\obj\pin.o
                0x08005448                Pwm0::_digitalWrite()
 .text._ZN4Pwm013_digitalWriteEi
                0x08005468       0x30 ..\obj\pin.o
                0x08005468                Pwm0::_digitalWrite(int)
 .text._ZN4Pwm012_digitalReadEv
                0x08005498       0x20 ..\obj\pin.o
                0x08005498                Pwm0::_digitalRead()
 .text._ZN4Pwm015_setupDigitalInEv
                0x080054b8       0x28 ..\obj\pin.o
                0x080054b8                Pwm0::_setupDigitalIn()
 .text._ZN4Pwm016_setupDigitalOutEv
                0x080054e0       0x30 ..\obj\pin.o
                0x080054e0                Pwm0::_setupDigitalOut()
 .text._ZN4Pwm021_setupDigitalInPullUpEv
                0x08005510       0x28 ..\obj\pin.o
                0x08005510                Pwm0::_setupDigitalInPullUp()
 .text._ZN4Pwm023_setupDigitalInPullDownEv
                0x08005538       0x28 ..\obj\pin.o
                0x08005538                Pwm0::_setupDigitalInPullDown()
 .text._ZN4Pwm113_digitalWriteEv
                0x08005560       0x20 ..\obj\pin.o
                0x08005560                Pwm1::_digitalWrite()
 .text._ZN4Pwm113_digitalWriteEi
                0x08005580       0x2c ..\obj\pin.o
                0x08005580                Pwm1::_digitalWrite(int)
 .text._ZN4Pwm112_digitalReadEv
                0x080055ac       0x20 ..\obj\pin.o
                0x080055ac                Pwm1::_digitalRead()
 .text._ZN4Pwm115_setupDigitalInEv
                0x080055cc       0x28 ..\obj\pin.o
                0x080055cc                Pwm1::_setupDigitalIn()
 .text._ZN4Pwm116_setupDigitalOutEv
                0x080055f4       0x2c ..\obj\pin.o
                0x080055f4                Pwm1::_setupDigitalOut()
 .text._ZN4Pwm121_setupDigitalInPullUpEv
                0x08005620       0x28 ..\obj\pin.o
                0x08005620                Pwm1::_setupDigitalInPullUp()
 .text._ZN4Pwm123_setupDigitalInPullDownEv
                0x08005648       0x28 ..\obj\pin.o
                0x08005648                Pwm1::_setupDigitalInPullDown()
 .text._ZN4Pwm213_digitalWriteEv
                0x08005670       0x20 ..\obj\pin.o
                0x08005670                Pwm2::_digitalWrite()
 .text._ZN4Pwm213_digitalWriteEi
                0x08005690       0x2c ..\obj\pin.o
                0x08005690                Pwm2::_digitalWrite(int)
 .text._ZN4Pwm212_digitalReadEv
                0x080056bc       0x20 ..\obj\pin.o
                0x080056bc                Pwm2::_digitalRead()
 .text._ZN4Pwm215_setupDigitalInEv
                0x080056dc       0x28 ..\obj\pin.o
                0x080056dc                Pwm2::_setupDigitalIn()
 .text._ZN4Pwm216_setupDigitalOutEv
                0x08005704       0x2c ..\obj\pin.o
                0x08005704                Pwm2::_setupDigitalOut()
 .text._ZN4Pwm221_setupDigitalInPullUpEv
                0x08005730       0x28 ..\obj\pin.o
                0x08005730                Pwm2::_setupDigitalInPullUp()
 .text._ZN4Pwm223_setupDigitalInPullDownEv
                0x08005758       0x28 ..\obj\pin.o
                0x08005758                Pwm2::_setupDigitalInPullDown()
 .text._ZN4Pwm313_digitalWriteEv
                0x08005780       0x20 ..\obj\pin.o
                0x08005780                Pwm3::_digitalWrite()
 .text._ZN4Pwm313_digitalWriteEi
                0x080057a0       0x30 ..\obj\pin.o
                0x080057a0                Pwm3::_digitalWrite(int)
 .text._ZN4Pwm312_digitalReadEv
                0x080057d0       0x20 ..\obj\pin.o
                0x080057d0                Pwm3::_digitalRead()
 .text._ZN4Pwm315_setupDigitalInEv
                0x080057f0       0x28 ..\obj\pin.o
                0x080057f0                Pwm3::_setupDigitalIn()
 .text._ZN4Pwm316_setupDigitalOutEv
                0x08005818       0x30 ..\obj\pin.o
                0x08005818                Pwm3::_setupDigitalOut()
 .text._ZN4Pwm321_setupDigitalInPullUpEv
                0x08005848       0x28 ..\obj\pin.o
                0x08005848                Pwm3::_setupDigitalInPullUp()
 .text._ZN4Pwm323_setupDigitalInPullDownEv
                0x08005870       0x28 ..\obj\pin.o
                0x08005870                Pwm3::_setupDigitalInPullDown()
 .text._ZN4Pwm413_digitalWriteEv
                0x08005898       0x20 ..\obj\pin.o
                0x08005898                Pwm4::_digitalWrite()
 .text._ZN4Pwm413_digitalWriteEi
                0x080058b8       0x30 ..\obj\pin.o
                0x080058b8                Pwm4::_digitalWrite(int)
 .text._ZN4Pwm412_digitalReadEv
                0x080058e8       0x20 ..\obj\pin.o
                0x080058e8                Pwm4::_digitalRead()
 .text._ZN4Pwm415_setupDigitalInEv
                0x08005908       0x28 ..\obj\pin.o
                0x08005908                Pwm4::_setupDigitalIn()
 .text._ZN4Pwm416_setupDigitalOutEv
                0x08005930       0x30 ..\obj\pin.o
                0x08005930                Pwm4::_setupDigitalOut()
 .text._ZN4Pwm421_setupDigitalInPullUpEv
                0x08005960       0x28 ..\obj\pin.o
                0x08005960                Pwm4::_setupDigitalInPullUp()
 .text._ZN4Pwm423_setupDigitalInPullDownEv
                0x08005988       0x28 ..\obj\pin.o
                0x08005988                Pwm4::_setupDigitalInPullDown()
 .text._ZN4Pwm513_digitalWriteEv
                0x080059b0       0x20 ..\obj\pin.o
                0x080059b0                Pwm5::_digitalWrite()
 .text._ZN4Pwm513_digitalWriteEi
                0x080059d0       0x30 ..\obj\pin.o
                0x080059d0                Pwm5::_digitalWrite(int)
 .text._ZN4Pwm512_digitalReadEv
                0x08005a00       0x20 ..\obj\pin.o
                0x08005a00                Pwm5::_digitalRead()
 .text._ZN4Pwm515_setupDigitalInEv
                0x08005a20       0x28 ..\obj\pin.o
                0x08005a20                Pwm5::_setupDigitalIn()
 .text._ZN4Pwm516_setupDigitalOutEv
                0x08005a48       0x30 ..\obj\pin.o
                0x08005a48                Pwm5::_setupDigitalOut()
 .text._ZN4Pwm521_setupDigitalInPullUpEv
                0x08005a78       0x28 ..\obj\pin.o
                0x08005a78                Pwm5::_setupDigitalInPullUp()
 .text._ZN4Pwm523_setupDigitalInPullDownEv
                0x08005aa0       0x28 ..\obj\pin.o
                0x08005aa0                Pwm5::_setupDigitalInPullDown()
 .text._ZN2A014_setupAnalogInEv
                0x08005ac8       0x24 ..\obj\pin.o
                0x08005ac8                A0::_setupAnalogIn()
 .text._ZThn8_N2A014_setupAnalogInEv
                0x08005aec        0x8 ..\obj\pin.o
                0x08005aec                non-virtual thunk to A0::_setupAnalogIn()
 .text._ZN2A011_analogReadEv
                0x08005af4       0x40 ..\obj\pin.o
                0x08005af4                A0::_analogRead()
 .text._ZThn8_N2A011_analogReadEv
                0x08005b34        0x8 ..\obj\pin.o
                0x08005b34                non-virtual thunk to A0::_analogRead()
 .text._ZN2A114_setupAnalogInEv
                0x08005b3c       0x24 ..\obj\pin.o
                0x08005b3c                A1::_setupAnalogIn()
 .text._ZThn8_N2A114_setupAnalogInEv
                0x08005b60        0x8 ..\obj\pin.o
                0x08005b60                non-virtual thunk to A1::_setupAnalogIn()
 .text._ZN2A111_analogReadEv
                0x08005b68       0x40 ..\obj\pin.o
                0x08005b68                A1::_analogRead()
 .text._ZThn8_N2A111_analogReadEv
                0x08005ba8        0x8 ..\obj\pin.o
                0x08005ba8                non-virtual thunk to A1::_analogRead()
 .text._ZN2A214_setupAnalogInEv
                0x08005bb0       0x24 ..\obj\pin.o
                0x08005bb0                A2::_setupAnalogIn()
 .text._ZThn8_N2A214_setupAnalogInEv
                0x08005bd4        0x8 ..\obj\pin.o
                0x08005bd4                non-virtual thunk to A2::_setupAnalogIn()
 .text._ZN2A211_analogReadEv
                0x08005bdc       0x40 ..\obj\pin.o
                0x08005bdc                A2::_analogRead()
 .text._ZThn8_N2A211_analogReadEv
                0x08005c1c        0x8 ..\obj\pin.o
                0x08005c1c                non-virtual thunk to A2::_analogRead()
 .text._ZN2A314_setupAnalogInEv
                0x08005c24       0x24 ..\obj\pin.o
                0x08005c24                A3::_setupAnalogIn()
 .text._ZThn8_N2A314_setupAnalogInEv
                0x08005c48        0x8 ..\obj\pin.o
                0x08005c48                non-virtual thunk to A3::_setupAnalogIn()
 .text._ZN2A311_analogReadEv
                0x08005c50       0x40 ..\obj\pin.o
                0x08005c50                A3::_analogRead()
 .text._ZThn8_N2A311_analogReadEv
                0x08005c90        0x8 ..\obj\pin.o
                0x08005c90                non-virtual thunk to A3::_analogRead()
 .text._ZN2A414_setupAnalogInEv
                0x08005c98       0x24 ..\obj\pin.o
                0x08005c98                A4::_setupAnalogIn()
 .text._ZThn8_N2A414_setupAnalogInEv
                0x08005cbc        0x8 ..\obj\pin.o
                0x08005cbc                non-virtual thunk to A4::_setupAnalogIn()
 .text._ZN2A411_analogReadEv
                0x08005cc4       0x40 ..\obj\pin.o
                0x08005cc4                A4::_analogRead()
 .text._ZThn8_N2A411_analogReadEv
                0x08005d04        0x8 ..\obj\pin.o
                0x08005d04                non-virtual thunk to A4::_analogRead()
 .text._ZN4Enc05setupEv
                0x08005d0c       0x28 ..\obj\pin.o
                0x08005d0c                Enc0::setup()
 .text._ZN4Enc05countEv
                0x08005d34       0x30 ..\obj\pin.o
                0x08005d34                Enc0::count()
 .text._ZN4Enc15setupEv
                0x08005d64       0x24 ..\obj\pin.o
                0x08005d64                Enc1::setup()
 .text._ZN4Enc15countEv
                0x08005d88       0x30 ..\obj\pin.o
                0x08005d88                Enc1::count()
 .text._ZN4Enc25setupEv
                0x08005db8       0x24 ..\obj\pin.o
                0x08005db8                Enc2::setup()
 .text._ZN4Enc25countEv
                0x08005ddc       0x30 ..\obj\pin.o
                0x08005ddc                Enc2::count()
 .text._ZN4Pwm012_setupPwmOutEff
                0x08005e0c       0x48 ..\obj\pin.o
                0x08005e0c                Pwm0::_setupPwmOut(float, float)
 .text._ZThn8_N4Pwm012_setupPwmOutEff
                0x08005e54        0x8 ..\obj\pin.o
                0x08005e54                non-virtual thunk to Pwm0::_setupPwmOut(float, float)
 .text._ZN4Pwm09_pwmWriteEf
                0x08005e5c       0x20 ..\obj\pin.o
                0x08005e5c                Pwm0::_pwmWrite(float)
 .text._ZThn8_N4Pwm09_pwmWriteEf
                0x08005e7c        0x8 ..\obj\pin.o
                0x08005e7c                non-virtual thunk to Pwm0::_pwmWrite(float)
 .text._ZN4Pwm09_pwmWriteEv
                0x08005e84       0x20 ..\obj\pin.o
                0x08005e84                Pwm0::_pwmWrite()
 .text._ZThn8_N4Pwm09_pwmWriteEv
                0x08005ea4        0x8 ..\obj\pin.o
                0x08005ea4                non-virtual thunk to Pwm0::_pwmWrite()
 .text._ZN4Pwm112_setupPwmOutEff
                0x08005eac       0x44 ..\obj\pin.o
                0x08005eac                Pwm1::_setupPwmOut(float, float)
 .text._ZThn8_N4Pwm112_setupPwmOutEff
                0x08005ef0        0x8 ..\obj\pin.o
                0x08005ef0                non-virtual thunk to Pwm1::_setupPwmOut(float, float)
 .text._ZN4Pwm19_pwmWriteEf
                0x08005ef8       0x20 ..\obj\pin.o
                0x08005ef8                Pwm1::_pwmWrite(float)
 .text._ZThn8_N4Pwm19_pwmWriteEf
                0x08005f18        0x8 ..\obj\pin.o
                0x08005f18                non-virtual thunk to Pwm1::_pwmWrite(float)
 .text._ZN4Pwm19_pwmWriteEv
                0x08005f20       0x20 ..\obj\pin.o
                0x08005f20                Pwm1::_pwmWrite()
 .text._ZThn8_N4Pwm19_pwmWriteEv
                0x08005f40        0x8 ..\obj\pin.o
                0x08005f40                non-virtual thunk to Pwm1::_pwmWrite()
 .text._ZN4Pwm212_setupPwmOutEff
                0x08005f48       0x44 ..\obj\pin.o
                0x08005f48                Pwm2::_setupPwmOut(float, float)
 .text._ZThn8_N4Pwm212_setupPwmOutEff
                0x08005f8c        0x8 ..\obj\pin.o
                0x08005f8c                non-virtual thunk to Pwm2::_setupPwmOut(float, float)
 .text._ZN4Pwm29_pwmWriteEf
                0x08005f94       0x20 ..\obj\pin.o
                0x08005f94                Pwm2::_pwmWrite(float)
 .text._ZThn8_N4Pwm29_pwmWriteEf
                0x08005fb4        0x8 ..\obj\pin.o
                0x08005fb4                non-virtual thunk to Pwm2::_pwmWrite(float)
 .text._ZN4Pwm29_pwmWriteEv
                0x08005fbc       0x20 ..\obj\pin.o
                0x08005fbc                Pwm2::_pwmWrite()
 .text._ZThn8_N4Pwm29_pwmWriteEv
                0x08005fdc        0x8 ..\obj\pin.o
                0x08005fdc                non-virtual thunk to Pwm2::_pwmWrite()
 .text._ZN4Pwm312_setupPwmOutEff
                0x08005fe4       0x48 ..\obj\pin.o
                0x08005fe4                Pwm3::_setupPwmOut(float, float)
 .text._ZThn8_N4Pwm312_setupPwmOutEff
                0x0800602c        0x8 ..\obj\pin.o
                0x0800602c                non-virtual thunk to Pwm3::_setupPwmOut(float, float)
 .text._ZN4Pwm39_pwmWriteEf
                0x08006034       0x20 ..\obj\pin.o
                0x08006034                Pwm3::_pwmWrite(float)
 .text._ZThn8_N4Pwm39_pwmWriteEf
                0x08006054        0x8 ..\obj\pin.o
                0x08006054                non-virtual thunk to Pwm3::_pwmWrite(float)
 .text._ZN4Pwm39_pwmWriteEv
                0x0800605c       0x20 ..\obj\pin.o
                0x0800605c                Pwm3::_pwmWrite()
 .text._ZThn8_N4Pwm39_pwmWriteEv
                0x0800607c        0x8 ..\obj\pin.o
                0x0800607c                non-virtual thunk to Pwm3::_pwmWrite()
 .text._ZN4Pwm412_setupPwmOutEff
                0x08006084       0x48 ..\obj\pin.o
                0x08006084                Pwm4::_setupPwmOut(float, float)
 .text._ZThn8_N4Pwm412_setupPwmOutEff
                0x080060cc        0x8 ..\obj\pin.o
                0x080060cc                non-virtual thunk to Pwm4::_setupPwmOut(float, float)
 .text._ZN4Pwm49_pwmWriteEf
                0x080060d4       0x20 ..\obj\pin.o
                0x080060d4                Pwm4::_pwmWrite(float)
 .text._ZThn8_N4Pwm49_pwmWriteEf
                0x080060f4        0x8 ..\obj\pin.o
                0x080060f4                non-virtual thunk to Pwm4::_pwmWrite(float)
 .text._ZN4Pwm49_pwmWriteEv
                0x080060fc       0x20 ..\obj\pin.o
                0x080060fc                Pwm4::_pwmWrite()
 .text._ZThn8_N4Pwm49_pwmWriteEv
                0x0800611c        0x8 ..\obj\pin.o
                0x0800611c                non-virtual thunk to Pwm4::_pwmWrite()
 .text._ZN4Pwm512_setupPwmOutEff
                0x08006124       0x48 ..\obj\pin.o
                0x08006124                Pwm5::_setupPwmOut(float, float)
 .text._ZThn8_N4Pwm512_setupPwmOutEff
                0x0800616c        0x8 ..\obj\pin.o
                0x0800616c                non-virtual thunk to Pwm5::_setupPwmOut(float, float)
 .text._ZN4Pwm59_pwmWriteEf
                0x08006174       0x20 ..\obj\pin.o
                0x08006174                Pwm5::_pwmWrite(float)
 .text._ZThn8_N4Pwm59_pwmWriteEf
                0x08006194        0x8 ..\obj\pin.o
                0x08006194                non-virtual thunk to Pwm5::_pwmWrite(float)
 .text._ZN4Pwm59_pwmWriteEv
                0x0800619c       0x20 ..\obj\pin.o
                0x0800619c                Pwm5::_pwmWrite()
 .text._ZThn8_N4Pwm59_pwmWriteEv
                0x080061bc        0x8 ..\obj\pin.o
                0x080061bc                non-virtual thunk to Pwm5::_pwmWrite()
 .text._ZN4Led212_setupPwmOutEff
                0x080061c4       0x48 ..\obj\pin.o
                0x080061c4                Led2::_setupPwmOut(float, float)
 .text._ZThn8_N4Led212_setupPwmOutEff
                0x0800620c        0x8 ..\obj\pin.o
                0x0800620c                non-virtual thunk to Led2::_setupPwmOut(float, float)
 .text._ZN4Led29_pwmWriteEf
                0x08006214       0x20 ..\obj\pin.o
                0x08006214                Led2::_pwmWrite(float)
 .text._ZThn8_N4Led29_pwmWriteEf
                0x08006234        0x8 ..\obj\pin.o
                0x08006234                non-virtual thunk to Led2::_pwmWrite(float)
 .text._ZN4Led29_pwmWriteEv
                0x0800623c       0x20 ..\obj\pin.o
                0x0800623c                Led2::_pwmWrite()
 .text._ZThn8_N4Led29_pwmWriteEv
                0x0800625c        0x8 ..\obj\pin.o
                0x0800625c                non-virtual thunk to Led2::_pwmWrite()
 .text._ZN4Led312_setupPwmOutEff
                0x08006264       0x48 ..\obj\pin.o
                0x08006264                Led3::_setupPwmOut(float, float)
 .text._ZThn8_N4Led312_setupPwmOutEff
                0x080062ac        0x8 ..\obj\pin.o
                0x080062ac                non-virtual thunk to Led3::_setupPwmOut(float, float)
 .text._ZN4Led39_pwmWriteEf
                0x080062b4       0x20 ..\obj\pin.o
                0x080062b4                Led3::_pwmWrite(float)
 .text._ZThn8_N4Led39_pwmWriteEf
                0x080062d4        0x8 ..\obj\pin.o
                0x080062d4                non-virtual thunk to Led3::_pwmWrite(float)
 .text._ZN4Led39_pwmWriteEv
                0x080062dc       0x20 ..\obj\pin.o
                0x080062dc                Led3::_pwmWrite()
 .text._ZThn8_N4Led39_pwmWriteEv
                0x080062fc        0x8 ..\obj\pin.o
                0x080062fc                non-virtual thunk to Led3::_pwmWrite()
 .text._ZN6Buzzer12_setupPwmOutEff
                0x08006304       0x44 ..\obj\pin.o
                0x08006304                Buzzer::_setupPwmOut(float, float)
 .text._ZThn8_N6Buzzer12_setupPwmOutEff
                0x08006348        0x8 ..\obj\pin.o
                0x08006348                non-virtual thunk to Buzzer::_setupPwmOut(float, float)
 .text._ZN6Buzzer9_pwmWriteEf
                0x08006350       0x20 ..\obj\pin.o
                0x08006350                Buzzer::_pwmWrite(float)
 .text._ZThn8_N6Buzzer9_pwmWriteEf
                0x08006370        0x8 ..\obj\pin.o
                0x08006370                non-virtual thunk to Buzzer::_pwmWrite(float)
 .text._ZN6Buzzer9_pwmWriteEv
                0x08006378       0x20 ..\obj\pin.o
                0x08006378                Buzzer::_pwmWrite()
 .text._ZThn8_N6Buzzer9_pwmWriteEv
                0x08006398        0x8 ..\obj\pin.o
                0x08006398                non-virtual thunk to Buzzer::_pwmWrite()
 .text._ZN7Serial06_setupEiR15SerialInterfaceii
                0x080063a0       0x5c ..\obj\pin.o
                0x080063a0                Serial0::_setup(int, SerialInterface&, int, int)
 .text._ZN7Serial09charWriteEc
                0x080063fc       0x1c ..\obj\pin.o
                0x080063fc                Serial0::charWrite(char)
 .text._Z17serial0_interruptv
                0x08006418       0x2c ..\obj\pin.o
                0x08006418                serial0_interrupt()
 .text._ZN7Serial08transmitEc
                0x08006444       0x3c ..\obj\pin.o
                0x08006444                Serial0::transmit(char)
 .text.USART2_IRQHandler
                0x08006480        0xc ..\obj\pin.o
                0x08006480                USART2_IRQHandler
 .text._ZN7Serial16_setupEiR15SerialInterfaceii
                0x0800648c       0x60 ..\obj\pin.o
                0x0800648c                Serial1::_setup(int, SerialInterface&, int, int)
 .text._Z17serial1_interruptv
                0x080064ec       0x2c ..\obj\pin.o
                0x080064ec                serial1_interrupt()
 .text.USART3_IRQHandler
                0x08006518        0xc ..\obj\pin.o
                0x08006518                USART3_IRQHandler
 .text._ZN7Serial19charWriteEc
                0x08006524       0x1c ..\obj\pin.o
                0x08006524                Serial1::charWrite(char)
 .text._ZN7Serial18transmitEc
                0x08006540       0x3c ..\obj\pin.o
                0x08006540                Serial1::transmit(char)
 .text.std_char_out
                0x0800657c       0x3c ..\obj\pin.o
                0x0800657c                std_char_out
 .text.std_char_out_setup
                0x080065b8       0x60 ..\obj\pin.o
                0x080065b8                std_char_out_setup
 .text._ZN3CanC2Ev
                0x08006618       0x20 ..\obj\pin.o
                0x08006618                Can::Can()
                0x08006618                Can::Can()
 .text._ZN4Can0C2Ev
                0x08006638       0x34 ..\obj\pin.o
                0x08006638                Can0::Can0()
                0x08006638                Can0::Can0()
 .text._ZN4Can05setupEv
                0x0800666c       0x74 ..\obj\pin.o
                0x0800666c                Can0::setup()
 .text._ZN4Can013setupLoopBackEv
                0x080066e0       0x58 ..\obj\pin.o
                0x080066e0                Can0::setupLoopBack()
 .text._ZN4Can012addInterfaceER12CanInterface
                0x08006738       0x44 ..\obj\pin.o
                0x08006738                Can0::addInterface(CanInterface&)
 .text._ZN4Can05setIdEi
                0x0800677c       0xa8 ..\obj\pin.o
                0x0800677c                Can0::setId(int)
 .text._ZN4Can08setIdAllEv
                0x08006824       0x38 ..\obj\pin.o
                0x08006824                Can0::setIdAll()
 .text._ZN4Can04readEiiPh
                0x0800685c       0x80 ..\obj\pin.o
                0x0800685c                Can0::read(int, int, unsigned char*)
 .text._ZN4Can05writeEiiPh
                0x080068dc       0xe4 ..\obj\pin.o
                0x080068dc                Can0::write(int, int, unsigned char*)
 .text._Z14Can0_Interruptv
                0x080069c0       0x48 ..\obj\pin.o
                0x080069c0                Can0_Interrupt()
 .text.CAN1_RX0_IRQHandler
                0x08006a08        0xc ..\obj\pin.o
                0x08006a08                CAN1_RX0_IRQHandler
 .text._ZN10RingBufferIcLi256EE7isEmptyEv
                0x08006a14       0x2c ..\obj\pin.o
                0x08006a14                RingBuffer<char, 256>::isEmpty()
 .text._ZN10RingBufferIcLi256EE4readEv
                0x08006a40       0x5c ..\obj\pin.o
                0x08006a40                RingBuffer<char, 256>::read()
 .text._ZN7EncoderC2Ev
                0x08006a9c       0x34 ..\obj\main.o
                0x08006a9c                Encoder::Encoder()
                0x08006a9c                Encoder::Encoder()
 .text._ZN4Enc0C2Ev
                0x08006ad0       0x24 ..\obj\main.o
                0x08006ad0                Enc0::Enc0()
                0x08006ad0                Enc0::Enc0()
 .text._ZN4Enc1C2Ev
                0x08006af4       0x24 ..\obj\main.o
                0x08006af4                Enc1::Enc1()
                0x08006af4                Enc1::Enc1()
 .text._ZN4Enc2C2Ev
                0x08006b18       0x24 ..\obj\main.o
                0x08006b18                Enc2::Enc2()
                0x08006b18                Enc2::Enc2()
 .text._ZN8PositionC2ER7EncoderS1_S1_
                0x08006b3c      0x180 ..\obj\main.o
                0x08006b3c                Position::Position(Encoder&, Encoder&, Encoder&)
                0x08006b3c                Position::Position(Encoder&, Encoder&, Encoder&)
 .text.main     0x08006cbc      0x1fc ..\obj\main.o
                0x08006cbc                main
 .text.RCC_GetClocksFreq
                0x08006eb8      0x154 ..\obj\stm32f4xx_rcc.o
                0x08006eb8                RCC_GetClocksFreq
 .text.RCC_AHB1PeriphClockCmd
                0x0800700c       0x3c ..\obj\stm32f4xx_rcc.o
                0x0800700c                RCC_AHB1PeriphClockCmd
 .text.RCC_APB1PeriphClockCmd
                0x08007048       0x3c ..\obj\stm32f4xx_rcc.o
                0x08007048                RCC_APB1PeriphClockCmd
 .text.RCC_APB2PeriphClockCmd
                0x08007084       0x3c ..\obj\stm32f4xx_rcc.o
                0x08007084                RCC_APB2PeriphClockCmd
 .text.RCC_APB1PeriphResetCmd
                0x080070c0       0x3c ..\obj\stm32f4xx_rcc.o
                0x080070c0                RCC_APB1PeriphResetCmd
 .text.RCC_APB2PeriphResetCmd
                0x080070fc       0x3c ..\obj\stm32f4xx_rcc.o
                0x080070fc                RCC_APB2PeriphResetCmd
 .text.system_setup
                0x08007138       0x2c ..\obj\system.o
                0x08007138                system_setup
 .text.ADC_DeInit
                0x08007164       0x1c ..\obj\stm32f4xx_adc.o
                0x08007164                ADC_DeInit
 .text.ADC_Init
                0x08007180       0xa8 ..\obj\stm32f4xx_adc.o
                0x08007180                ADC_Init
 .text.ADC_StructInit
                0x08007228       0x3c ..\obj\stm32f4xx_adc.o
                0x08007228                ADC_StructInit
 .text.ADC_CommonInit
                0x08007264       0x50 ..\obj\stm32f4xx_adc.o
                0x08007264                ADC_CommonInit
 .text.ADC_CommonStructInit
                0x080072b4       0x2c ..\obj\stm32f4xx_adc.o
                0x080072b4                ADC_CommonStructInit
 .text.ADC_Cmd  0x080072e0       0x38 ..\obj\stm32f4xx_adc.o
                0x080072e0                ADC_Cmd
 .text.ADC_RegularChannelConfig
                0x08007318      0x194 ..\obj\stm32f4xx_adc.o
                0x08007318                ADC_RegularChannelConfig
 .text.ADC_SoftwareStartConv
                0x080074ac       0x20 ..\obj\stm32f4xx_adc.o
                0x080074ac                ADC_SoftwareStartConv
 .text.ADC_DMACmd
                0x080074cc       0x38 ..\obj\stm32f4xx_adc.o
                0x080074cc                ADC_DMACmd
 .text.ADC_DMARequestAfterLastTransferCmd
                0x08007504       0x38 ..\obj\stm32f4xx_adc.o
                0x08007504                ADC_DMARequestAfterLastTransferCmd
 .text._ZN12CanInterface17canInterfaceSetupEP3Can
                0x0800753c       0x20 ..\obj\can.o
                0x0800753c                CanInterface::canInterfaceSetup(Can*)
 .text._ZN12CanInterface8canSetupEv
                0x0800755c       0x24 ..\obj\can.o
                0x0800755c                CanInterface::canSetup()
 .text._ZN12CanInterface8canWriteEiiPh
                0x08007580       0x30 ..\obj\can.o
                0x08007580                CanInterface::canWrite(int, int, unsigned char*)
 .text._ZN12CanInterface8canSetIdEi
                0x080075b0       0x28 ..\obj\can.o
                0x080075b0                CanInterface::canSetId(int)
 .text.Select_ADC_channel
                0x080075d8      0x100 ..\obj\config_adc.o
                0x080075d8                Select_ADC_channel
 .text.Init_ADC1
                0x080076d8      0x1d0 ..\obj\config_adc.o
                0x080076d8                Init_ADC1
 .text.get_ADC1_value
                0x080078a8       0x64 ..\obj\config_adc.o
                0x080078a8                get_ADC1_value
 .text._ZN5MotorC2Ev
                0x0800790c      0x148 ..\obj\motor.o
                0x0800790c                Motor::Motor()
                0x0800790c                Motor::Motor()
 *fill*         0x08007a54        0x4 
 .text._ZN5Motor12motorControlERfS0_
                0x08007a58      0x198 ..\obj\motor.o
                0x08007a58                Motor::motorControl(float&, float&)
 .text._ZN5Motor10degreeLockERf
                0x08007bf0      0x118 ..\obj\motor.o
                0x08007bf0                Motor::degreeLock(float&)
 .text._ZN5Motor11dutyCleanUpEv
                0x08007d08       0xf4 ..\obj\motor.o
                0x08007d08                Motor::dutyCleanUp()
 .text._ZN5Motor4lastEv
                0x08007dfc      0x26c ..\obj\motor.o
                0x08007dfc                Motor::last()
 .text.NMI_Handler
                0x08008068       0x1c ..\obj\error.o
                0x08008068                NMI_Handler
 .text.HardFault_Handler
                0x08008084       0x1c ..\obj\error.o
                0x08008084                HardFault_Handler
 .text.MemManage_Handler
                0x080080a0       0x1c ..\obj\error.o
                0x080080a0                MemManage_Handler
 .text.BusFault_Handler
                0x080080bc       0x1c ..\obj\error.o
                0x080080bc                BusFault_Handler
 .text.UsageFault_Handler
                0x080080d8       0x1c ..\obj\error.o
                0x080080d8                UsageFault_Handler
 .text.SVC_Handler
                0x080080f4       0x1c ..\obj\error.o
                0x080080f4                SVC_Handler
 .text.DebugMon_Handler
                0x08008110       0x1c ..\obj\error.o
                0x08008110                DebugMon_Handler
 .text.PendSV_Handler
                0x0800812c       0x1c ..\obj\error.o
                0x0800812c                PendSV_Handler
 .text.NVIC_SetPriority
                0x08008148       0x54 ..\obj\config_systick.o
 .text.SysTick_Config
                0x0800819c       0x44 ..\obj\config_systick.o
 .text.Init_SysTick
                0x080081e0       0x44 ..\obj\config_systick.o
                0x080081e0                Init_SysTick
 .text.SD_ProcessIRQSrc
                0x08008224       0xc8 ..\obj\stm32_ub_sdcard.o
                0x08008224                SD_ProcessIRQSrc
 .text.SD_ProcessDMAIRQ
                0x080082ec       0x30 ..\obj\stm32_ub_sdcard.o
                0x080082ec                SD_ProcessDMAIRQ
 .text.SDIO_IRQHandler
                0x0800831c        0xc ..\obj\stm32_ub_sdcard.o
                0x0800831c                SDIO_IRQHandler
 .text.DMA2_Stream3_IRQHandler
                0x08008328        0xc ..\obj\stm32_ub_sdcard.o
                0x08008328                DMA2_Stream3_IRQHandler
 .text.GPIO_Init
                0x08008334      0x11c ..\obj\stm32f4xx_gpio.o
                0x08008334                GPIO_Init
 .text.GPIO_StructInit
                0x08008450       0x34 ..\obj\stm32f4xx_gpio.o
                0x08008450                GPIO_StructInit
 .text.GPIO_ReadInputDataBit
                0x08008484       0x34 ..\obj\stm32f4xx_gpio.o
                0x08008484                GPIO_ReadInputDataBit
 .text.GPIO_ReadOutputDataBit
                0x080084b8       0x34 ..\obj\stm32f4xx_gpio.o
                0x080084b8                GPIO_ReadOutputDataBit
 .text.GPIO_SetBits
                0x080084ec       0x1c ..\obj\stm32f4xx_gpio.o
                0x080084ec                GPIO_SetBits
 .text.GPIO_ResetBits
                0x08008508       0x1c ..\obj\stm32f4xx_gpio.o
                0x08008508                GPIO_ResetBits
 .text.GPIO_PinAFConfig
                0x08008524       0x90 ..\obj\stm32f4xx_gpio.o
                0x08008524                GPIO_PinAFConfig
 .text.SystemInit
                0x080085b4       0x58 ..\obj\system_stm32f4xx.o
                0x080085b4                SystemInit
 .text.SystemCoreClockUpdate
                0x0800860c       0xf8 ..\obj\system_stm32f4xx.o
                0x0800860c                SystemCoreClockUpdate
 .text.SetSysClock
                0x08008704       0xf4 ..\obj\system_stm32f4xx.o
 .text._sbrk    0x080087f8       0x40 ..\obj\syscalls.o
                0x080087f8                _sbrk
 .text._close   0x08008838       0x18 ..\obj\syscalls.o
                0x08008838                _close
 .text._fstat   0x08008850       0x20 ..\obj\syscalls.o
                0x08008850                _fstat
 .text._isatty  0x08008870       0x18 ..\obj\syscalls.o
                0x08008870                _isatty
 .text._lseek   0x08008888       0x1c ..\obj\syscalls.o
                0x08008888                _lseek
 .text._read    0x080088a4       0x1c ..\obj\syscalls.o
                0x080088a4                _read
 .text._write   0x080088c0       0x38 ..\obj\syscalls.o
                0x080088c0                _write
 .text.abort    0x080088f8        0x8 ..\obj\syscalls.o
                0x080088f8                abort
 .text.DMA_DeInit
                0x08008900      0x1a4 ..\obj\stm32f4xx_dma.o
                0x08008900                DMA_DeInit
 .text.DMA_Init
                0x08008aa4       0xac ..\obj\stm32f4xx_dma.o
                0x08008aa4                DMA_Init
 .text.DMA_StructInit
                0x08008b50       0x6c ..\obj\stm32f4xx_dma.o
                0x08008b50                DMA_StructInit
 .text.DMA_Cmd  0x08008bbc       0x38 ..\obj\stm32f4xx_dma.o
                0x08008bbc                DMA_Cmd
 .text.DMA_ClearFlag
                0x08008bf4       0x5c ..\obj\stm32f4xx_dma.o
                0x08008bf4                DMA_ClearFlag
 .text._ZN8Position6radianEv
                0x08008c50      0x2b8 ..\obj\position.o
                0x08008c50                Position::radian()
 .text._ZN8Position12selfPositionEv
                0x08008f08      0x348 ..\obj\position.o
                0x08008f08                Position::selfPosition()
 .text.USB_OTG_BSP_uDelay
                0x08009250       0x48 ..\obj\usb_bsp.o
                0x08009250                USB_OTG_BSP_uDelay
 .text.USBD_StdDevReq
                0x08009298       0xa0 ..\obj\usbd_req.o
                0x08009298                USBD_StdDevReq
 .text.USBD_StdItfReq
                0x08009338       0x68 ..\obj\usbd_req.o
                0x08009338                USBD_StdItfReq
 .text.USBD_StdEPReq
                0x080093a0      0x1b0 ..\obj\usbd_req.o
                0x080093a0                USBD_StdEPReq
 .text.USBD_GetDescriptor
                0x08009550      0x1b8 ..\obj\usbd_req.o
 .text.USBD_SetAddress
                0x08009708       0x7c ..\obj\usbd_req.o
 .text.USBD_SetConfig
                0x08009784       0xf4 ..\obj\usbd_req.o
 .text.USBD_GetConfig
                0x08009878       0x60 ..\obj\usbd_req.o
 .text.USBD_GetStatus
                0x080098d8       0x50 ..\obj\usbd_req.o
 .text.USBD_SetFeature
                0x08009928       0xcc ..\obj\usbd_req.o
 .text.USBD_ClrFeature
                0x080099f4       0x50 ..\obj\usbd_req.o
 .text.USBD_ParseSetupRequest
                0x08009a44       0x90 ..\obj\usbd_req.o
                0x08009a44                USBD_ParseSetupRequest
 .text.USBD_CtlError
                0x08009ad4       0x48 ..\obj\usbd_req.o
                0x08009ad4                USBD_CtlError
 .text.USBD_OTG_ISR_Handler
                0x08009b1c      0x15c ..\obj\usb_dcd_int.o
                0x08009b1c                USBD_OTG_ISR_Handler
 .text.DCD_HandleResume_ISR
                0x08009c78       0x80 ..\obj\usb_dcd_int.o
 .text.DCD_HandleUSBSuspend_ISR
                0x08009cf8       0x9c ..\obj\usb_dcd_int.o
 .text.DCD_HandleInEP_ISR
                0x08009d94      0x1ec ..\obj\usb_dcd_int.o
 .text.DCD_HandleOutEP_ISR
                0x08009f80      0x178 ..\obj\usb_dcd_int.o
 .text.DCD_HandleSof_ISR
                0x0800a0f8       0x34 ..\obj\usb_dcd_int.o
 .text.DCD_HandleRxStatusQueueLevel_ISR
                0x0800a12c      0x104 ..\obj\usb_dcd_int.o
 .text.DCD_WriteEmptyTxFifo
                0x0800a230       0xe4 ..\obj\usb_dcd_int.o
 .text.DCD_HandleUsbReset_ISR
                0x0800a314      0x138 ..\obj\usb_dcd_int.o
 .text.DCD_HandleEnumDone_ISR
                0x0800a44c       0x78 ..\obj\usb_dcd_int.o
 .text.DCD_IsoINIncomplete_ISR
                0x0800a4c4       0x34 ..\obj\usb_dcd_int.o
 .text.DCD_IsoOUTIncomplete_ISR
                0x0800a4f8       0x34 ..\obj\usb_dcd_int.o
 .text.DCD_ReadDevInEP
                0x0800a52c       0x50 ..\obj\usb_dcd_int.o
 .text.EXTI_ClearITPendingBit
                0x0800a57c       0x1c ..\obj\stm32f4xx_exti.o
                0x0800a57c                EXTI_ClearITPendingBit
 .text.Analysis_GPIO_Pin
                0x0800a598      0x168 ..\obj\name_converter.o
                0x0800a598                Analysis_GPIO_Pin
 .text.GPIO_af_USART_select
                0x0800a700       0x84 ..\obj\name_converter.o
                0x0800a700                GPIO_af_USART_select
 .text.USART_irqn_select
                0x0800a784       0x84 ..\obj\name_converter.o
                0x0800a784                USART_irqn_select
 .text.Tim_irqn_select
                0x0800a808       0x94 ..\obj\name_converter.o
                0x0800a808                Tim_irqn_select
 .text.RCC_PeriphClock_TIM
                0x0800a89c      0x1b0 ..\obj\name_converter.o
                0x0800a89c                RCC_PeriphClock_TIM
 .text.RCC_PeriphClock_USART
                0x0800aa4c      0x12c ..\obj\name_converter.o
                0x0800aa4c                RCC_PeriphClock_USART
 .text.NVIC_Configuration
                0x0800ab78       0x2c ..\obj\name_converter.o
                0x0800ab78                NVIC_Configuration
 .text.Pin_select_source
                0x0800aba4       0xec ..\obj\name_converter.o
                0x0800aba4                Pin_select_source
 .text.Tim_select_af
                0x0800ac90       0xb8 ..\obj\name_converter.o
                0x0800ac90                Tim_select_af
 .text.NVIC_PriorityGroupConfig
                0x0800ad48       0x24 ..\obj\misc.o
                0x0800ad48                NVIC_PriorityGroupConfig
 .text.NVIC_Init
                0x0800ad6c       0xc0 ..\obj\misc.o
                0x0800ad6c                NVIC_Init
 .text.DCD_EP_Open
                0x0800ae2c       0xa8 ..\obj\usb_dcd.o
                0x0800ae2c                DCD_EP_Open
 .text.DCD_EP_PrepareRx
                0x0800aed4       0x84 ..\obj\usb_dcd.o
                0x0800aed4                DCD_EP_PrepareRx
 .text.DCD_EP_Tx
                0x0800af58       0x78 ..\obj\usb_dcd.o
                0x0800af58                DCD_EP_Tx
 .text.DCD_EP_Stall
                0x0800afd0       0x74 ..\obj\usb_dcd.o
                0x0800afd0                DCD_EP_Stall
 .text.DCD_EP_ClrStall
                0x0800b044       0x74 ..\obj\usb_dcd.o
                0x0800b044                DCD_EP_ClrStall
 .text.DCD_EP_SetAddress
                0x0800b0b8       0x3c ..\obj\usb_dcd.o
                0x0800b0b8                DCD_EP_SetAddress
 .text._ZN15SerialInterface14serialReadCharEc
                0x0800b0f4       0xd4 ..\obj\serial.o
                0x0800b0f4                SerialInterface::serialReadChar(char)
 .text._ZN6Serial6printfEPKcz
                0x0800b1c8       0x48 ..\obj\serial.o
                0x0800b1c8                Serial::printf(char const*, ...)
 .text._ZN12CanInterface5canIdEi
                0x0800b210       0x18 ..\obj\can_encoder.o
                0x0800b210                CanInterface::canId(int)
 .text._ZN3Can12addInterfaceEP12CanInterface
                0x0800b228       0x24 ..\obj\can_encoder.o
                0x0800b228                Can::addInterface(CanInterface*)